../Middleware/ThirdParty/FreeRTOS/timers.c:237:16:xTimerCreateTimerTask	24	static,ignoring_inline_asm
../Middleware/ThirdParty/FreeRTOS/timers.c:336:23:xTimerCreate	40	static
../Middleware/ThirdParty/FreeRTOS/timers.c:417:17:prvInitialiseNewTimer	24	static,ignoring_inline_asm
../Middleware/ThirdParty/FreeRTOS/timers.c:448:16:xTimerGenericCommandFromTask	48	static,ignoring_inline_asm
../Middleware/ThirdParty/FreeRTOS/timers.c:499:16:xTimerGenericCommandFromISR	48	static,ignoring_inline_asm
../Middleware/ThirdParty/FreeRTOS/timers.c:541:18:xTimerGetTimerDaemonTaskHandle	4	static,ignoring_inline_asm
../Middleware/ThirdParty/FreeRTOS/timers.c:555:16:xTimerGetPeriod	24	static,ignoring_inline_asm
../Middleware/ThirdParty/FreeRTOS/timers.c:569:10:vTimerSetReloadMode	24	static,ignoring_inline_asm
../Middleware/ThirdParty/FreeRTOS/timers.c:594:16:xTimerGetReloadMode	24	static,ignoring_inline_asm
../Middleware/ThirdParty/FreeRTOS/timers.c:622:17:uxTimerGetReloadMode	24	static
../Middleware/ThirdParty/FreeRTOS/timers.c:636:16:xTimerGetExpiryTime	24	static,ignoring_inline_asm
../Middleware/ThirdParty/FreeRTOS/timers.c:683:18:pcTimerGetName	24	static,ignoring_inline_asm
../Middleware/ThirdParty/FreeRTOS/timers.c:697:17:prvReloadTimer	24	static
../Middleware/ThirdParty/FreeRTOS/timers.c:716:17:prvProcessExpiredTimer	24	static
../Middleware/ThirdParty/FreeRTOS/timers.c:746:12:prvTimerTask	24	static
../Middleware/ThirdParty/FreeRTOS/timers.c:780:17:prvProcessTimerOrBlockTask	24	static,ignoring_inline_asm
../Middleware/ThirdParty/FreeRTOS/timers.c:842:23:prvGetNextExpireTime	24	static
../Middleware/ThirdParty/FreeRTOS/timers.c:869:23:prvSampleTimeNow	24	static
../Middleware/ThirdParty/FreeRTOS/timers.c:892:23:prvInsertTimerInActiveList	32	static
../Middleware/ThirdParty/FreeRTOS/timers.c:936:17:prvProcessReceivedCommands	40	static,ignoring_inline_asm
../Middleware/ThirdParty/FreeRTOS/timers.c:1091:17:prvSwitchTimerLists	16	static
../Middleware/ThirdParty/FreeRTOS/timers.c:1116:17:prvCheckForValidListAndQueue	8	static
../Middleware/ThirdParty/FreeRTOS/timers.c:1167:16:xTimerIsTimerActive	24	static,ignoring_inline_asm
../Middleware/ThirdParty/FreeRTOS/timers.c:1196:12:pvTimerGetTimerID	24	static,ignoring_inline_asm
../Middleware/ThirdParty/FreeRTOS/timers.c:1217:10:vTimerSetTimerID	24	static,ignoring_inline_asm
../Middleware/ThirdParty/FreeRTOS/timers.c:1238:20:xTimerPendFunctionCallFromISR	48	static
../Middleware/ThirdParty/FreeRTOS/timers.c:1268:20:xTimerPendFunctionCall	48	static,ignoring_inline_asm
../Middleware/ThirdParty/FreeRTOS/timers.c:1303:21:uxTimerGetTimerNumber	16	static
../Middleware/ThirdParty/FreeRTOS/timers.c:1317:14:vTimerSetTimerNumber	16	static
../Middleware/ThirdParty/FreeRTOS/timers.c:1335:10:vTimerResetState	4	static
