C:/Users/busilam/Cosmin/Traingings/STM32_Bare_Metal/STM32Cube_FW_F0_V1.10.0/Drivers/CMSIS/Include/core_cm0.h:629:22:NVIC_EnableIRQ	16	static
../Src/uart.c:18:6:uart2_init	8	static
../Src/uart.c:73:6:uart1_init	8	static
../Src/uart.c:128:6:uart2_write	16	static
../Src/uart.c:135:6:uart2_write_string	24	static
../Src/uart.c:141:6:uart2_read	16	static
../Src/uart.c:148:6:uart1_write	16	static
../Src/uart.c:156:6:uart1_read	16	static
../Src/uart.c:163:6:transmit	128	static
../Src/uart.c:187:6:transmit_debug	24	static
../Src/uart.c:197:8:receive	32	static
../Src/uart.c:218:6:USART2_IRQHandler	8	static
../Src/uart.c:227:6:USART1_IRQHandler	8	static
