Archive member included to satisfy reference by file (symbol)

c:/program files (x86)/stmicroelectronics/stm32cubeide_1.11/stm32cubeide/plugins/com.st.stm32cube.ide.mcu.externaltools.gnu-tools-for-stm32.10.3-2021.10.win32_1.0.100.202210260954/tools/bin/../lib/gcc/arm-none-eabi/10.3.1/../../../../arm-none-eabi/lib/thumb/v7e-m+fp/hard\libc_nano.a(lib_a-errno.o)
                              ./Core/Src/syscalls.o (__errno)
c:/program files (x86)/stmicroelectronics/stm32cubeide_1.11/stm32cubeide/plugins/com.st.stm32cube.ide.mcu.externaltools.gnu-tools-for-stm32.10.3-2021.10.win32_1.0.100.202210260954/tools/bin/../lib/gcc/arm-none-eabi/10.3.1/../../../../arm-none-eabi/lib/thumb/v7e-m+fp/hard\libc_nano.a(lib_a-exit.o)
                              c:/program files (x86)/stmicroelectronics/stm32cubeide_1.11/stm32cubeide/plugins/com.st.stm32cube.ide.mcu.externaltools.gnu-tools-for-stm32.10.3-2021.10.win32_1.0.100.202210260954/tools/bin/../lib/gcc/arm-none-eabi/10.3.1/../../../../arm-none-eabi/lib/thumb/v7e-m+fp/hard/crt0.o (exit)
c:/program files (x86)/stmicroelectronics/stm32cubeide_1.11/stm32cubeide/plugins/com.st.stm32cube.ide.mcu.externaltools.gnu-tools-for-stm32.10.3-2021.10.win32_1.0.100.202210260954/tools/bin/../lib/gcc/arm-none-eabi/10.3.1/../../../../arm-none-eabi/lib/thumb/v7e-m+fp/hard\libc_nano.a(lib_a-impure.o)
                              c:/program files (x86)/stmicroelectronics/stm32cubeide_1.11/stm32cubeide/plugins/com.st.stm32cube.ide.mcu.externaltools.gnu-tools-for-stm32.10.3-2021.10.win32_1.0.100.202210260954/tools/bin/../lib/gcc/arm-none-eabi/10.3.1/../../../../arm-none-eabi/lib/thumb/v7e-m+fp/hard\libc_nano.a(lib_a-exit.o) (_global_impure_ptr)
c:/program files (x86)/stmicroelectronics/stm32cubeide_1.11/stm32cubeide/plugins/com.st.stm32cube.ide.mcu.externaltools.gnu-tools-for-stm32.10.3-2021.10.win32_1.0.100.202210260954/tools/bin/../lib/gcc/arm-none-eabi/10.3.1/../../../../arm-none-eabi/lib/thumb/v7e-m+fp/hard\libc_nano.a(lib_a-init.o)
                              c:/program files (x86)/stmicroelectronics/stm32cubeide_1.11/stm32cubeide/plugins/com.st.stm32cube.ide.mcu.externaltools.gnu-tools-for-stm32.10.3-2021.10.win32_1.0.100.202210260954/tools/bin/../lib/gcc/arm-none-eabi/10.3.1/../../../../arm-none-eabi/lib/thumb/v7e-m+fp/hard/crt0.o (__libc_init_array)
c:/program files (x86)/stmicroelectronics/stm32cubeide_1.11/stm32cubeide/plugins/com.st.stm32cube.ide.mcu.externaltools.gnu-tools-for-stm32.10.3-2021.10.win32_1.0.100.202210260954/tools/bin/../lib/gcc/arm-none-eabi/10.3.1/../../../../arm-none-eabi/lib/thumb/v7e-m+fp/hard\libc_nano.a(lib_a-memcpy-stub.o)
                              ./Core/Inc/uart4.o (memcpy)
c:/program files (x86)/stmicroelectronics/stm32cubeide_1.11/stm32cubeide/plugins/com.st.stm32cube.ide.mcu.externaltools.gnu-tools-for-stm32.10.3-2021.10.win32_1.0.100.202210260954/tools/bin/../lib/gcc/arm-none-eabi/10.3.1/../../../../arm-none-eabi/lib/thumb/v7e-m+fp/hard\libc_nano.a(lib_a-memset.o)
                              c:/program files (x86)/stmicroelectronics/stm32cubeide_1.11/stm32cubeide/plugins/com.st.stm32cube.ide.mcu.externaltools.gnu-tools-for-stm32.10.3-2021.10.win32_1.0.100.202210260954/tools/bin/../lib/gcc/arm-none-eabi/10.3.1/../../../../arm-none-eabi/lib/thumb/v7e-m+fp/hard/crt0.o (memset)
c:/program files (x86)/stmicroelectronics/stm32cubeide_1.11/stm32cubeide/plugins/com.st.stm32cube.ide.mcu.externaltools.gnu-tools-for-stm32.10.3-2021.10.win32_1.0.100.202210260954/tools/bin/../lib/gcc/arm-none-eabi/10.3.1/../../../../arm-none-eabi/lib/thumb/v7e-m+fp/hard\libc_nano.a(lib_a-strcat.o)
                              ./Core/Inc/usart1.o (strcat)
c:/program files (x86)/stmicroelectronics/stm32cubeide_1.11/stm32cubeide/plugins/com.st.stm32cube.ide.mcu.externaltools.gnu-tools-for-stm32.10.3-2021.10.win32_1.0.100.202210260954/tools/bin/../lib/gcc/arm-none-eabi/10.3.1/../../../../arm-none-eabi/lib/thumb/v7e-m+fp/hard\libc_nano.a(lib_a-strlen.o)
                              ./Core/Inc/uart4.o (strlen)

Discarded input sections

 .text          0x0000000000000000        0x0 c:/program files (x86)/stmicroelectronics/stm32cubeide_1.11/stm32cubeide/plugins/com.st.stm32cube.ide.mcu.externaltools.gnu-tools-for-stm32.10.3-2021.10.win32_1.0.100.202210260954/tools/bin/../lib/gcc/arm-none-eabi/10.3.1/thumb/v7e-m+fp/hard/crti.o
 .data          0x0000000000000000        0x0 c:/program files (x86)/stmicroelectronics/stm32cubeide_1.11/stm32cubeide/plugins/com.st.stm32cube.ide.mcu.externaltools.gnu-tools-for-stm32.10.3-2021.10.win32_1.0.100.202210260954/tools/bin/../lib/gcc/arm-none-eabi/10.3.1/thumb/v7e-m+fp/hard/crti.o
 .bss           0x0000000000000000        0x0 c:/program files (x86)/stmicroelectronics/stm32cubeide_1.11/stm32cubeide/plugins/com.st.stm32cube.ide.mcu.externaltools.gnu-tools-for-stm32.10.3-2021.10.win32_1.0.100.202210260954/tools/bin/../lib/gcc/arm-none-eabi/10.3.1/thumb/v7e-m+fp/hard/crti.o
[...]
Memory Configuration

Name             Origin             Length             Attributes
CCMRAM           0x0000000010000000 0x0000000000002000 xrw
RAM              0x0000000020000000 0x000000000000a000 xrw
FLASH            0x0000000008000000 0x0000000000040000 xr
*default*        0x0000000000000000 0xffffffffffffffff

Linker script and memory map

LOAD c:/program files (x86)/stmicroelectronics/stm32cubeide_1.11/stm32cubeide/plugins/com.st.stm32cube.ide.mcu.externaltools.gnu-tools-for-stm32.10.3-2021.10.win32_1.0.100.202210260954/tools/bin/../lib/gcc/arm-none-eabi/10.3.1/thumb/v7e-m+fp/hard/crti.o
LOAD c:/program files (x86)/stmicroelectronics/stm32cubeide_1.11/stm32cubeide/plugins/com.st.stm32cube.ide.mcu.externaltools.gnu-tools-for-stm32.10.3-2021.10.win32_1.0.100.202210260954/tools/bin/../lib/gcc/arm-none-eabi/10.3.1/thumb/v7e-m+fp/hard/crtbegin.o
LOAD c:/program files (x86)/stmicroelectronics/stm32cubeide_1.11/stm32cubeide/plugins/com.st.stm32cube.ide.mcu.externaltools.gnu-tools-for-stm32.10.3-2021.10.win32_1.0.100.202210260954/tools/bin/../lib/gcc/arm-none-eabi/10.3.1/../../../../arm-none-eabi/lib/thumb/v7e-m+fp/hard/crt0.o
LOAD ./Core/Inc/sys_clock.o
LOAD ./Core/Inc/uart4.o
LOAD ./Core/Inc/usart1.o
LOAD ./Core/Src/gyro.o
LOAD ./Core/Src/i2c_slave.o
LOAD ./Core/Src/main.o
LOAD ./Core/Src/stm32f3xx_hal_msp.o
LOAD ./Core/Src/stm32f3xx_it.o
LOAD ./Core/Src/syscalls.o
LOAD ./Core/Src/sysmem.o
LOAD ./Core/Src/system_stm32f3xx.o
LOAD ./Core/Startup/startup_stm32f303vctx.o
LOAD ./Drivers/STM32F3xx_HAL_Driver/Src/stm32f3xx_hal.o
LOAD ./Drivers/STM32F3xx_HAL_Driver/Src/stm32f3xx_hal_cortex.o
LOAD ./Drivers/STM32F3xx_HAL_Driver/Src/stm32f3xx_hal_dma.o
LOAD ./Drivers/STM32F3xx_HAL_Driver/Src/stm32f3xx_hal_exti.o
LOAD ./Drivers/STM32F3xx_HAL_Driver/Src/stm32f3xx_hal_flash.o
LOAD ./Drivers/STM32F3xx_HAL_Driver/Src/stm32f3xx_hal_flash_ex.o
LOAD ./Drivers/STM32F3xx_HAL_Driver/Src/stm32f3xx_hal_gpio.o
LOAD ./Drivers/STM32F3xx_HAL_Driver/Src/stm32f3xx_hal_i2c.o
LOAD ./Drivers/STM32F3xx_HAL_Driver/Src/stm32f3xx_hal_i2c_ex.o
LOAD ./Drivers/STM32F3xx_HAL_Driver/Src/stm32f3xx_hal_pwr.o
LOAD ./Drivers/STM32F3xx_HAL_Driver/Src/stm32f3xx_hal_pwr_ex.o
LOAD ./Drivers/STM32F3xx_HAL_Driver/Src/stm32f3xx_hal_rcc.o
LOAD ./Drivers/STM32F3xx_HAL_Driver/Src/stm32f3xx_hal_rcc_ex.o
START GROUP
LOAD c:/program files (x86)/stmicroelectronics/stm32cubeide_1.11/stm32cubeide/plugins/com.st.stm32cube.ide.mcu.externaltools.gnu-tools-for-stm32.10.3-2021.10.win32_1.0.100.202210260954/tools/bin/../lib/gcc/arm-none-eabi/10.3.1/../../../../arm-none-eabi/lib/thumb/v7e-m+fp/hard\libc_nano.a
LOAD c:/program files (x86)/stmicroelectronics/stm32cubeide_1.11/stm32cubeide/plugins/com.st.stm32cube.ide.mcu.externaltools.gnu-tools-for-stm32.10.3-2021.10.win32_1.0.100.202210260954/tools/bin/../lib/gcc/arm-none-eabi/10.3.1/../../../../arm-none-eabi/lib/thumb/v7e-m+fp/hard\libm.a
END GROUP
START GROUP
LOAD c:/program files (x86)/stmicroelectronics/stm32cubeide_1.11/stm32cubeide/plugins/com.st.stm32cube.ide.mcu.externaltools.gnu-tools-for-stm32.10.3-2021.10.win32_1.0.100.202210260954/tools/bin/../lib/gcc/arm-none-eabi/10.3.1/thumb/v7e-m+fp/hard\libgcc.a
LOAD c:/program files (x86)/stmicroelectronics/stm32cubeide_1.11/stm32cubeide/plugins/com.st.stm32cube.ide.mcu.externaltools.gnu-tools-for-stm32.10.3-2021.10.win32_1.0.100.202210260954/tools/bin/../lib/gcc/arm-none-eabi/10.3.1/../../../../arm-none-eabi/lib/thumb/v7e-m+fp/hard\libc_nano.a
END GROUP
START GROUP
LOAD c:/program files (x86)/stmicroelectronics/stm32cubeide_1.11/stm32cubeide/plugins/com.st.stm32cube.ide.mcu.externaltools.gnu-tools-for-stm32.10.3-2021.10.win32_1.0.100.202210260954/tools/bin/../lib/gcc/arm-none-eabi/10.3.1/thumb/v7e-m+fp/hard\libgcc.a
LOAD c:/program files (x86)/stmicroelectronics/stm32cubeide_1.11/stm32cubeide/plugins/com.st.stm32cube.ide.mcu.externaltools.gnu-tools-for-stm32.10.3-2021.10.win32_1.0.100.202210260954/tools/bin/../lib/gcc/arm-none-eabi/10.3.1/../../../../arm-none-eabi/lib/thumb/v7e-m+fp/hard\libc_nano.a
LOAD c:/program files (x86)/stmicroelectronics/stm32cubeide_1.11/stm32cubeide/plugins/com.st.stm32cube.ide.mcu.externaltools.gnu-tools-for-stm32.10.3-2021.10.win32_1.0.100.202210260954/tools/bin/../lib/gcc/arm-none-eabi/10.3.1/../../../../arm-none-eabi/lib/thumb/v7e-m+fp/hard\libnosys.a
END GROUP
START GROUP
LOAD c:/program files (x86)/stmicroelectronics/stm32cubeide_1.11/stm32cubeide/plugins/com.st.stm32cube.ide.mcu.externaltools.gnu-tools-for-stm32.10.3-2021.10.win32_1.0.100.202210260954/tools/bin/../lib/gcc/arm-none-eabi/10.3.1/thumb/v7e-m+fp/hard\libgcc.a
LOAD c:/program files (x86)/stmicroelectronics/stm32cubeide_1.11/stm32cubeide/plugins/com.st.stm32cube.ide.mcu.externaltools.gnu-tools-for-stm32.10.3-2021.10.win32_1.0.100.202210260954/tools/bin/../lib/gcc/arm-none-eabi/10.3.1/../../../../arm-none-eabi/lib/thumb/v7e-m+fp/hard\libc_nano.a
LOAD c:/program files (x86)/stmicroelectronics/stm32cubeide_1.11/stm32cubeide/plugins/com.st.stm32cube.ide.mcu.externaltools.gnu-tools-for-stm32.10.3-2021.10.win32_1.0.100.202210260954/tools/bin/../lib/gcc/arm-none-eabi/10.3.1/../../../../arm-none-eabi/lib/thumb/v7e-m+fp/hard\libnosys.a
END GROUP
LOAD c:/program files (x86)/stmicroelectronics/stm32cubeide_1.11/stm32cubeide/plugins/com.st.stm32cube.ide.mcu.externaltools.gnu-tools-for-stm32.10.3-2021.10.win32_1.0.100.202210260954/tools/bin/../lib/gcc/arm-none-eabi/10.3.1/thumb/v7e-m+fp/hard/crtend.o
LOAD c:/program files (x86)/stmicroelectronics/stm32cubeide_1.11/stm32cubeide/plugins/com.st.stm32cube.ide.mcu.externaltools.gnu-tools-for-stm32.10.3-2021.10.win32_1.0.100.202210260954/tools/bin/../lib/gcc/arm-none-eabi/10.3.1/thumb/v7e-m+fp/hard/crtn.o
                0x000000002000a000                _estack = (ORIGIN (RAM) + LENGTH (RAM))
                0x0000000000000200                _Min_Heap_Size = 0x200
                0x0000000000000400                _Min_Stack_Size = 0x400

.isr_vector     0x0000000008000000      0x188
                0x0000000008000000                . = ALIGN (0x4)
 *(.isr_vector)
 .isr_vector    0x0000000008000000      0x188 ./Core/Startup/startup_stm32f303vctx.o
                0x0000000008000000                g_pfnVectors
                0x0000000008000188                . = ALIGN (0x4)

.text           0x0000000008000188     0x11d4
                0x0000000008000188                . = ALIGN (0x4)
 *(.text)
 .text          0x0000000008000188       0x40 c:/program files (x86)/stmicroelectronics/stm32cubeide_1.11/stm32cubeide/plugins/com.st.stm32cube.ide.mcu.externaltools.gnu-tools-for-stm32.10.3-2021.10.win32_1.0.100.202210260954/tools/bin/../lib/gcc/arm-none-eabi/10.3.1/thumb/v7e-m+fp/hard/crtbegin.o
 .text          0x00000000080001c8       0x10 c:/program files (x86)/stmicroelectronics/stm32cubeide_1.11/stm32cubeide/plugins/com.st.stm32cube.ide.mcu.externaltools.gnu-tools-for-stm32.10.3-2021.10.win32_1.0.100.202210260954/tools/bin/../lib/gcc/arm-none-eabi/10.3.1/../../../../arm-none-eabi/lib/thumb/v7e-m+fp/hard\libc_nano.a(lib_a-strlen.o)
                0x00000000080001c8                strlen
 *(.text*)
 .text.clock_init
                0x00000000080001d8       0xbc ./Core/Inc/sys_clock.o
                0x00000000080001d8                clock_init
 .text.uart4_receive_byte
                0x0000000008000294       0x3c ./Core/Inc/uart4.o
                0x0000000008000294                uart4_receive_byte
 .text.uart4_tx_busy
                0x00000000080002d0       0x20 ./Core/Inc/uart4.o
                0x00000000080002d0                uart4_tx_busy
 .text.uart4_write
                0x00000000080002f0       0xa0 ./Core/Inc/uart4.o
                0x00000000080002f0                uart4_write
 .text.uart4_rx_interrupt_handler
                0x0000000008000390       0x98 ./Core/Inc/uart4.o
                0x0000000008000390                uart4_rx_interrupt_handler
 .text.UART4_IRQHandler
                0x0000000008000428        0xc ./Core/Inc/uart4.o
                0x0000000008000428                UART4_IRQHandler
 .text.usart1_transmit_byte
                0x0000000008000434       0x30 ./Core/Inc/usart1.o
                0x0000000008000434                usart1_transmit_byte
 .text.usart1_receive_byte
                0x0000000008000464       0x30 ./Core/Inc/usart1.o
                0x0000000008000464                usart1_receive_byte
 .text.usart1_tx_busy
                0x0000000008000494       0x20 ./Core/Inc/usart1.o
                0x0000000008000494                usart1_tx_busy
 .text.usart1_write
                0x00000000080004b4       0xa0 ./Core/Inc/usart1.o
                0x00000000080004b4                usart1_write
 .text.usart1_rx_interrupt_handler
                0x0000000008000554       0xcc ./Core/Inc/usart1.o
                0x0000000008000554                usart1_rx_interrupt_handler
 .text.USART1_IRQHandler
                0x0000000008000620        0xc ./Core/Inc/usart1.o
                0x0000000008000620                USART1_IRQHandler
 .text.gyro_delay_ms
                0x000000000800062c       0x60 ./Core/Src/gyro.o
                0x000000000800062c                gyro_delay_ms
 .text.spi1_gpio_init
                0x000000000800068c       0xe0 ./Core/Src/gyro.o
                0x000000000800068c                spi1_gpio_init
 .text.spi1_init
                0x000000000800076c       0x84 ./Core/Src/gyro.o
                0x000000000800076c                spi1_init
 .text.spi1_transfer
                0x00000000080007f0       0x48 ./Core/Src/gyro.o
                0x00000000080007f0                spi1_transfer
 .text.spi1_wait_idle
                0x0000000008000838       0x48 ./Core/Src/gyro.o
                0x0000000008000838                spi1_wait_idle
 .text.gyro_read_reg
                0x0000000008000880       0x48 ./Core/Src/gyro.o
                0x0000000008000880                gyro_read_reg
 .text.gyro_write_reg
                0x00000000080008c8       0x44 ./Core/Src/gyro.o
                0x00000000080008c8                gyro_write_reg
 .text.gyro_init
                0x000000000800090c       0x26 ./Core/Src/gyro.o
                0x000000000800090c                gyro_init
 .text.gyro_wait_data_ready
                0x0000000008000932       0x1c ./Core/Src/gyro.o
                0x0000000008000932                gyro_wait_data_ready
 *fill*         0x000000000800094e        0x2 
 .text.gyro_calibrate
                0x0000000008000950      0x1c4 ./Core/Src/gyro.o
                0x0000000008000950                gyro_calibrate
 .text.gyro_read_multi
                0x0000000008000b14       0x60 ./Core/Src/gyro.o
                0x0000000008000b14                gyro_read_multi
 .text.gyro_read_xyz_mdps
                0x0000000008000b74       0x78 ./Core/Src/gyro.o
                0x0000000008000b74                gyro_read_xyz_mdps
 .text.gyro_read_xyz
                0x0000000008000bec       0x58 ./Core/Src/gyro.o
                0x0000000008000bec                gyro_read_xyz
 .text.raw_to_mdps
                0x0000000008000c44       0x28 ./Core/Src/gyro.o
                0x0000000008000c44                raw_to_mdps
 .text.__NVIC_EnableIRQ
                0x0000000008000c6c       0x3c ./Core/Src/i2c_slave.o
 .text.__NVIC_SetPriority
                0x0000000008000ca8       0x54 ./Core/Src/i2c_slave.o
 .text.put_le32
                0x0000000008000cfc       0x46 ./Core/Src/i2c_slave.o
 *fill*         0x0000000008000d42        0x2 
 .text.i2c1_gpio_init
                0x0000000008000d44       0x7c ./Core/Src/i2c_slave.o
                0x0000000008000d44                i2c1_gpio_init
 .text.i2c_slave_init
                0x0000000008000dc0       0xb0 ./Core/Src/i2c_slave.o
                0x0000000008000dc0                i2c_slave_init
 .text.i2c_slave_publish
                0x0000000008000e70       0x58 ./Core/Src/i2c_slave.o
                0x0000000008000e70                i2c_slave_publish
 .text.i2c_take_snapshot
                0x0000000008000ec8       0x2c ./Core/Src/i2c_slave.o
 .text.I2C1_EV_IRQHandler
                0x0000000008000ef4       0xa0 ./Core/Src/i2c_slave.o
                0x0000000008000ef4                I2C1_EV_IRQHandler
 .text.I2C1_ER_IRQHandler
                0x0000000008000f94       0x7c ./Core/Src/i2c_slave.o
                0x0000000008000f94                I2C1_ER_IRQHandler
 .text.main     0x0000000008001010       0xdc ./Core/Src/main.o
                0x0000000008001010                main
 .text.NMI_Handler
                0x00000000080010ec        0x6 ./Core/Src/stm32f3xx_it.o
                0x00000000080010ec                NMI_Handler
 .text.HardFault_Handler
                0x00000000080010f2        0x6 ./Core/Src/stm32f3xx_it.o
                0x00000000080010f2                HardFault_Handler
 .text.MemManage_Handler
                0x00000000080010f8        0x6 ./Core/Src/stm32f3xx_it.o
                0x00000000080010f8                MemManage_Handler
 .text.BusFault_Handler
                0x00000000080010fe        0x6 ./Core/Src/stm32f3xx_it.o
                0x00000000080010fe                BusFault_Handler
 .text.UsageFault_Handler
                0x0000000008001104        0x6 ./Core/Src/stm32f3xx_it.o
                0x0000000008001104                UsageFault_Handler
 .text.SVC_Handler
                0x000000000800110a        0xe ./Core/Src/stm32f3xx_it.o
                0x000000000800110a                SVC_Handler
 .text.DebugMon_Handler
                0x0000000008001118        0xe ./Core/Src/stm32f3xx_it.o
                0x0000000008001118                DebugMon_Handler
 .text.PendSV_Handler
                0x0000000008001126        0xe ./Core/Src/stm32f3xx_it.o
                0x0000000008001126                PendSV_Handler
 .text.SysTick_Handler
                0x0000000008001134        0xc ./Core/Src/stm32f3xx_it.o
                0x0000000008001134                SysTick_Handler
 .text.SystemInit
                0x0000000008001140       0x24 ./Core/Src/system_stm32f3xx.o
                0x0000000008001140                SystemInit
 .text.SystemCoreClockUpdate
                0x0000000008001164       0xe0 ./Core/Src/system_stm32f3xx.o
                0x0000000008001164                SystemCoreClockUpdate
 .text.Reset_Handler
                0x0000000008001244       0x50 ./Core/Startup/startup_stm32f303vctx.o
                0x0000000008001244                Reset_Handler
 .text.Default_Handler
                0x0000000008001294        0x2 ./Core/Startup/startup_stm32f303vctx.o
                0x0000000008001294                RTC_Alarm_IRQHandler
                0x0000000008001294                TIM8_TRG_COM_IRQHandler
                0x0000000008001294                TIM8_CC_IRQHandler
                0x0000000008001294                TIM1_CC_IRQHandler
                0x0000000008001294                USB_HP_IRQHandler
                0x0000000008001294                PVD_IRQHandler
                0x0000000008001294                TAMP_STAMP_IRQHandler
                0x0000000008001294                EXTI3_IRQHandler
                0x0000000008001294                USB_HP_CAN_TX_IRQHandler
                0x0000000008001294                EXTI0_IRQHandler
                0x0000000008001294                I2C2_EV_IRQHandler
                0x0000000008001294                FPU_IRQHandler
                0x0000000008001294                TIM1_UP_TIM16_IRQHandler
                0x0000000008001294                ADC1_2_IRQHandler
                0x0000000008001294                SPI1_IRQHandler
                0x0000000008001294                CAN_SCE_IRQHandler
                0x0000000008001294                TIM6_DAC_IRQHandler
                0x0000000008001294                TIM8_UP_IRQHandler
                0x0000000008001294                DMA2_Channel2_IRQHandler
                0x0000000008001294                DMA1_Channel4_IRQHandler
                0x0000000008001294                USART3_IRQHandler
                0x0000000008001294                DMA1_Channel7_IRQHandler
                0x0000000008001294                UART5_IRQHandler
                0x0000000008001294                ADC3_IRQHandler
                0x0000000008001294                TIM4_IRQHandler
                0x0000000008001294                CAN_RX1_IRQHandler
                0x0000000008001294                DMA2_Channel1_IRQHandler
                0x0000000008001294                DMA1_Channel6_IRQHandler
                0x0000000008001294                DMA2_Channel4_IRQHandler
                0x0000000008001294                TIM3_IRQHandler
                0x0000000008001294                RCC_IRQHandler
                0x0000000008001294                DMA1_Channel1_IRQHandler
                0x0000000008001294                Default_Handler
                0x0000000008001294                USBWakeUp_RMP_IRQHandler
                0x0000000008001294                EXTI15_10_IRQHandler
                0x0000000008001294                TIM7_IRQHandler
                0x0000000008001294                EXTI9_5_IRQHandler
                0x0000000008001294                RTC_WKUP_IRQHandler
                0x0000000008001294                SPI2_IRQHandler
                0x0000000008001294                USB_LP_CAN_RX0_IRQHandler
                0x0000000008001294                DMA2_Channel5_IRQHandler
                0x0000000008001294                DMA1_Channel5_IRQHandler
                0x0000000008001294                USB_LP_IRQHandler
                0x0000000008001294                EXTI4_IRQHandler
                0x0000000008001294                TIM1_TRG_COM_TIM17_IRQHandler
                0x0000000008001294                DMA1_Channel3_IRQHandler
                0x0000000008001294                ADC4_IRQHandler
                0x0000000008001294                WWDG_IRQHandler
                0x0000000008001294                TIM2_IRQHandler
                0x0000000008001294                COMP7_IRQHandler
                0x0000000008001294                COMP1_2_3_IRQHandler
                0x0000000008001294                EXTI1_IRQHandler
                0x0000000008001294                USART2_IRQHandler
                0x0000000008001294                COMP4_5_6_IRQHandler
                0x0000000008001294                I2C2_ER_IRQHandler
                0x0000000008001294                DMA1_Channel2_IRQHandler
                0x0000000008001294                TIM8_BRK_IRQHandler
                0x0000000008001294                FLASH_IRQHandler
                0x0000000008001294                SPI3_IRQHandler
                0x0000000008001294                USBWakeUp_IRQHandler
                0x0000000008001294                DMA2_Channel3_IRQHandler
                0x0000000008001294                EXTI2_TSC_IRQHandler
                0x0000000008001294                TIM1_BRK_TIM15_IRQHandler
 *fill*         0x0000000008001296        0x2 
 .text.HAL_IncTick
                0x0000000008001298       0x28 ./Drivers/STM32F3xx_HAL_Driver/Src/stm32f3xx_hal.o
                0x0000000008001298                HAL_IncTick
 .text.__libc_init_array
                0x00000000080012c0       0x48 c:/program files (x86)/stmicroelectronics/stm32cubeide_1.11/stm32cubeide/plugins/com.st.stm32cube.ide.mcu.externaltools.gnu-tools-for-stm32.10.3-2021.10.win32_1.0.100.202210260954/tools/bin/../lib/gcc/arm-none-eabi/10.3.1/../../../../arm-none-eabi/lib/thumb/v7e-m+fp/hard\libc_nano.a(lib_a-init.o)
                0x00000000080012c0                __libc_init_array
 .text.memcpy   0x0000000008001308       0x1c c:/program files (x86)/stmicroelectronics/stm32cubeide_1.11/stm32cubeide/plugins/com.st.stm32cube.ide.mcu.externaltools.gnu-tools-for-stm32.10.3-2021.10.win32_1.0.100.202210260954/tools/bin/../lib/gcc/arm-none-eabi/10.3.1/../../../../arm-none-eabi/lib/thumb/v7e-m+fp/hard\libc_nano.a(lib_a-memcpy-stub.o)
                0x0000000008001308                memcpy
 .text.strcat   0x0000000008001324       0x1e c:/program files (x86)/stmicroelectronics/stm32cubeide_1.11/stm32cubeide/plugins/com.st.stm32cube.ide.mcu.externaltools.gnu-tools-for-stm32.10.3-2021.10.win32_1.0.100.202210260954/tools/bin/../lib/gcc/arm-none-eabi/10.3.1/../../../../arm-none-eabi/lib/thumb/v7e-m+fp/hard\libc_nano.a(lib_a-strcat.o)
                0x0000000008001324                strcat
 *(.glue_7)
 .glue_7        0x0000000008001342        0x0 linker stubs
 *(.glue_7t)
 .glue_7t       0x0000000008001342        0x0 linker stubs
 *(.eh_frame)
 *fill*         0x0000000008001342        0x2 
 .eh_frame      0x0000000008001344        0x0 c:/program files (x86)/stmicroelectronics/stm32cubeide_1.11/stm32cubeide/plugins/com.st.stm32cube.ide.mcu.externaltools.gnu-tools-for-stm32.10.3-2021.10.win32_1.0.100.202210260954/tools/bin/../lib/gcc/arm-none-eabi/10.3.1/thumb/v7e-m+fp/hard/crtbegin.o
 *(.init)
 .init          0x0000000008001344        0x4 c:/program files (x86)/stmicroelectronics/stm32cubeide_1.11/stm32cubeide/plugins/com.st.stm32cube.ide.mcu.externaltools.gnu-tools-for-stm32.10.3-2021.10.win32_1.0.100.202210260954/tools/bin/../lib/gcc/arm-none-eabi/10.3.1/thumb/v7e-m+fp/hard/crti.o
                0x0000000008001344                _init
 .init          0x0000000008001348        0x8 c:/program files (x86)/stmicroelectronics/stm32cubeide_1.11/stm32cubeide/plugins/com.st.stm32cube.ide.mcu.externaltools.gnu-tools-for-stm32.10.3-2021.10.win32_1.0.100.202210260954/tools/bin/../lib/gcc/arm-none-eabi/10.3.1/thumb/v7e-m+fp/hard/crtn.o
 *(.fini)
 .fini          0x0000000008001350        0x4 c:/program files (x86)/stmicroelectronics/stm32cubeide_1.11/stm32cubeide/plugins/com.st.stm32cube.ide.mcu.externaltools.gnu-tools-for-stm32.10.3-2021.10.win32_1.0.100.202210260954/tools/bin/../lib/gcc/arm-none-eabi/10.3.1/thumb/v7e-m+fp/hard/crti.o
                0x0000000008001350                _fini
 .fini          0x0000000008001354        0x8 c:/program files (x86)/stmicroelectronics/stm32cubeide_1.11/stm32cubeide/plugins/com.st.stm32cube.ide.mcu.externaltools.gnu-tools-for-stm32.10.3-2021.10.win32_1.0.100.202210260954/tools/bin/../lib/gcc/arm-none-eabi/10.3.1/thumb/v7e-m+fp/hard/crtn.o
                0x000000000800135c                . = ALIGN (0x4)
                0x000000000800135c                _etext = .

.vfp11_veneer   0x000000000800135c        0x0
 .vfp11_veneer  0x000000000800135c        0x0 linker stubs

.v4_bx          0x000000000800135c        0x0
 .v4_bx         0x000000000800135c        0x0 linker stubs

.iplt           0x000000000800135c        0x0
 .iplt          0x000000000800135c        0x0 c:/program files (x86)/stmicroelectronics/stm32cubeide_1.11/stm32cubeide/plugins/com.st.stm32cube.ide.mcu.externaltools.gnu-tools-for-stm32.10.3-2021.10.win32_1.0.100.202210260954/tools/bin/../lib/gcc/arm-none-eabi/10.3.1/thumb/v7e-m+fp/hard/crtbegin.o

.rodata         0x000000000800135c       0x20
                0x000000000800135c                . = ALIGN (0x4)
 *(.rodata)
 .rodata        0x000000000800135c        0x2 ./Core/Inc/uart4.o
 *fill*         0x000000000800135e        0x2 
 .rodata        0x0000000008001360        0xb ./Core/Inc/usart1.o
 *(.rodata*)
 *fill*         0x000000000800136b        0x1 
 .rodata.AHBPrescTable
                0x000000000800136c       0x10 ./Core/Src/system_stm32f3xx.o
                0x000000000800136c                AHBPrescTable
                0x000000000800137c                . = ALIGN (0x4)

.rel.dyn        0x000000000800137c        0x0
 .rel.iplt      0x000000000800137c        0x0 c:/program files (x86)/stmicroelectronics/stm32cubeide_1.11/stm32cubeide/plugins/com.st.stm32cube.ide.mcu.externaltools.gnu-tools-for-stm32.10.3-2021.10.win32_1.0.100.202210260954/tools/bin/../lib/gcc/arm-none-eabi/10.3.1/thumb/v7e-m+fp/hard/crtbegin.o

.ARM.extab      0x000000000800137c        0x0
                0x000000000800137c                . = ALIGN (0x4)
 *(.ARM.extab* .gnu.linkonce.armextab.*)
                0x000000000800137c                . = ALIGN (0x4)

.ARM            0x000000000800137c        0x0
                0x000000000800137c                . = ALIGN (0x4)
                0x000000000800137c                __exidx_start = .
 *(.ARM.exidx*)
                0x000000000800137c                __exidx_end = .
                0x000000000800137c                . = ALIGN (0x4)

.preinit_array  0x000000000800137c        0x0
                0x000000000800137c                . = ALIGN (0x4)
                0x000000000800137c                PROVIDE (__preinit_array_start = .)
 *(.preinit_array*)
                0x000000000800137c                PROVIDE (__preinit_array_end = .)
                0x000000000800137c                . = ALIGN (0x4)

.init_array     0x000000000800137c        0x4
                0x000000000800137c                . = ALIGN (0x4)
                0x000000000800137c                PROVIDE (__init_array_start = .)
 *(SORT_BY_NAME(.init_array.*))
 *(.init_array*)
 .init_array    0x000000000800137c        0x4 c:/program files (x86)/stmicroelectronics/stm32cubeide_1.11/stm32cubeide/plugins/com.st.stm32cube.ide.mcu.externaltools.gnu-tools-for-stm32.10.3-2021.10.win32_1.0.100.202210260954/tools/bin/../lib/gcc/arm-none-eabi/10.3.1/thumb/v7e-m+fp/hard/crtbegin.o
                0x0000000008001380                PROVIDE (__init_array_end = .)
                0x0000000008001380                . = ALIGN (0x4)

.fini_array     0x0000000008001380        0x4
                0x0000000008001380                . = ALIGN (0x4)
                [!provide]                        PROVIDE (__fini_array_start = .)
 *(SORT_BY_NAME(.fini_array.*))
 *(.fini_array*)
 .fini_array    0x0000000008001380        0x4 c:/program files (x86)/stmicroelectronics/stm32cubeide_1.11/stm32cubeide/plugins/com.st.stm32cube.ide.mcu.externaltools.gnu-tools-for-stm32.10.3-2021.10.win32_1.0.100.202210260954/tools/bin/../lib/gcc/arm-none-eabi/10.3.1/thumb/v7e-m+fp/hard/crtbegin.o
                [!provide]                        PROVIDE (__fini_array_end = .)
                0x0000000008001384                . = ALIGN (0x4)
                0x0000000008001384                _sidata = LOADADDR (.data)

.data           0x0000000020000000       0x4c load address 0x0000000008001384
                0x0000000020000000                . = ALIGN (0x4)
                0x0000000020000000                _sdata = .
 *(.data)
 *(.data*)
 .data.c_in_uart4
                0x0000000020000000        0x1 ./Core/Src/main.o
                0x0000000020000000                c_in_uart4
 .data.c_in_uart1
                0x0000000020000001        0x1 ./Core/Src/main.o
                0x0000000020000001                c_in_uart1
 *fill*         0x0000000020000002        0x2 
 .data.string_to_be_transmitted
                0x0000000020000004       0x40 ./Core/Src/main.o
                0x0000000020000004                string_to_be_transmitted
 .data.SystemCoreClock
                0x0000000020000044        0x4 ./Core/Src/system_stm32f3xx.o
                0x0000000020000044                SystemCoreClock
 .data.uwTickFreq
                0x0000000020000048        0x1 ./Drivers/STM32F3xx_HAL_Driver/Src/stm32f3xx_hal.o
                0x0000000020000048                uwTickFreq
 *(.RamFunc)
 *(.RamFunc*)
                0x000000002000004c                . = ALIGN (0x4)
 *fill*         0x0000000020000049        0x3 
                0x000000002000004c                _edata = .
                0x00000000080013d0                _siccmram = LOADADDR (.ccmram)

.igot.plt       0x000000002000004c        0x0 load address 0x00000000080013d0
 .igot.plt      0x000000002000004c        0x0 c:/program files (x86)/stmicroelectronics/stm32cubeide_1.11/stm32cubeide/plugins/com.st.stm32cube.ide.mcu.externaltools.gnu-tools-for-stm32.10.3-2021.10.win32_1.0.100.202210260954/tools/bin/../lib/gcc/arm-none-eabi/10.3.1/thumb/v7e-m+fp/hard/crtbegin.o

.ccmram         0x0000000010000000        0x0 load address 0x00000000080013d0
                0x0000000010000000                . = ALIGN (0x4)
                0x0000000010000000                _sccmram = .
 *(.ccmram)
 *(.ccmram*)
                0x0000000010000000                . = ALIGN (0x4)
                0x0000000010000000                _eccmram = .
                0x0000000010000000                . = ALIGN (0x4)

.bss            0x000000002000004c      0x174
                0x000000002000004c                _sbss = .
                0x000000002000004c                __bss_start__ = _sbss
 *(.bss)
 .bss           0x000000002000004c       0x1c c:/program files (x86)/stmicroelectronics/stm32cubeide_1.11/stm32cubeide/plugins/com.st.stm32cube.ide.mcu.externaltools.gnu-tools-for-stm32.10.3-2021.10.win32_1.0.100.202210260954/tools/bin/../lib/gcc/arm-none-eabi/10.3.1/thumb/v7e-m+fp/hard/crtbegin.o
 *(.bss*)
 .bss.tx_buf    0x0000000020000068       0x40 ./Core/Inc/uart4.o
 .bss.len_uart4
                0x00000000200000a8        0x1 ./Core/Inc/uart4.o
                0x00000000200000a8                len_uart4
 *fill*         0x00000000200000a9        0x3 
 .bss.tx_buf    0x00000000200000ac       0x40 ./Core/Inc/usart1.o
 .bss.len       0x00000000200000ec        0x1 ./Core/Inc/usart1.o
                0x00000000200000ec                len
 *fill*         0x00000000200000ed        0x3 
 .bss.g_staging
                0x00000000200000f0        0xc ./Core/Src/i2c_slave.o
 .bss.g_tx_buf  0x00000000200000fc        0xc ./Core/Src/i2c_slave.o
 .bss.g_tx_index
                0x0000000020000108        0x1 ./Core/Src/i2c_slave.o
 *fill*         0x0000000020000109        0x3 
 .bss.g_i2c_berr
                0x000000002000010c        0x4 ./Core/Src/i2c_slave.o
                0x000000002000010c                g_i2c_berr
 .bss.g_i2c_arlo
                0x0000000020000110        0x4 ./Core/Src/i2c_slave.o
                0x0000000020000110                g_i2c_arlo
 .bss.g_i2c_ovr
                0x0000000020000114        0x4 ./Core/Src/i2c_slave.o
                0x0000000020000114                g_i2c_ovr
 .bss.pc_received_string
                0x0000000020000118       0x40 ./Core/Src/main.o
                0x0000000020000118                pc_received_string
 .bss.received_string_uart4
                0x0000000020000158       0x40 ./Core/Src/main.o
                0x0000000020000158                received_string_uart4
 .bss.id        0x0000000020000198        0x1 ./Core/Src/main.o
 .bss.g_cal_ok  0x0000000020000199        0x1 ./Core/Src/main.o
                0x0000000020000199                g_cal_ok
 *fill*         0x000000002000019a        0x2 
 .bss.g_bias_mdps_x
                0x000000002000019c        0x4 ./Core/Src/main.o
                0x000000002000019c                g_bias_mdps_x
 .bss.g_bias_mdps_y
                0x00000000200001a0        0x4 ./Core/Src/main.o
                0x00000000200001a0                g_bias_mdps_y
 .bss.g_bias_mdps_z
                0x00000000200001a4        0x4 ./Core/Src/main.o
                0x00000000200001a4                g_bias_mdps_z
 .bss.g_mdps_x  0x00000000200001a8        0x4 ./Core/Src/main.o
                0x00000000200001a8                g_mdps_x
 .bss.g_mdps_y  0x00000000200001ac        0x4 ./Core/Src/main.o
                0x00000000200001ac                g_mdps_y
 .bss.g_mdps_z  0x00000000200001b0        0x4 ./Core/Src/main.o
                0x00000000200001b0                g_mdps_z
 .bss.g_bias    0x00000000200001b4        0x8 ./Core/Src/main.o
                0x00000000200001b4                g_bias
 .bss.uwTick    0x00000000200001bc        0x4 ./Drivers/STM32F3xx_HAL_Driver/Src/stm32f3xx_hal.o
                0x00000000200001bc                uwTick
 *(COMMON)
                0x00000000200001c0                . = ALIGN (0x4)
                0x00000000200001c0                _ebss = .
                0x00000000200001c0                __bss_end__ = _ebss

._user_heap_stack
                0x00000000200001c0      0x600
                0x00000000200001c0                . = ALIGN (0x8)
                [!provide]                        PROVIDE (end = .)
                0x00000000200001c0                PROVIDE (_end = .)
                0x00000000200003c0                . = (. + _Min_Heap_Size)
 *fill*         0x00000000200001c0      0x200 
                0x00000000200007c0                . = (. + _Min_Stack_Size)
 *fill*         0x00000000200003c0      0x400 
                0x00000000200007c0                . = ALIGN (0x8)

/DISCARD/
 libc.a(*)
 libm.a(*)
 libgcc.a(*)

.ARM.attributes
                0x0000000000000000       0x30
 *(.ARM.attributes)
 .ARM.attributes
                0x0000000000000000       0x1e c:/program files (x86)/stmicroelectronics/stm32cubeide_1.11/stm32cubeide/plugins/com.st.stm32cube.ide.mcu.externaltools.gnu-tools-for-stm32.10.3-2021.10.win32_1.0.100.202210260954/tools/bin/../lib/gcc/arm-none-eabi/10.3.1/thumb/v7e-m+fp/hard/crti.o
 .ARM.attributes
                0x000000000000001e       0x34 c:/program files (x86)/stmicroelectronics/stm32cubeide_1.11/stm32cubeide/plugins/com.st.stm32cube.ide.mcu.externaltools.gnu-tools-for-stm32.10.3-2021.10.win32_1.0.100.202210260954/tools/bin/../lib/gcc/arm-none-eabi/10.3.1/thumb/v7e-m+fp/hard/crtbegin.o
 .ARM.attributes
                0x0000000000000052       0x34 ./Core/Inc/sys_clock.o
 .ARM.attributes
                0x0000000000000086       0x34 ./Core/Inc/uart4.o
 .ARM.attributes
                0x00000000000000ba       0x34 ./Core/Inc/usart1.o
 .ARM.attributes
                0x00000000000000ee       0x34 ./Core/Src/gyro.o
 .ARM.attributes
                0x0000000000000122       0x34 ./Core/Src/i2c_slave.o
 .ARM.attributes
                0x0000000000000156       0x34 ./Core/Src/main.o
 .ARM.attributes
                0x000000000000018a       0x34 ./Core/Src/stm32f3xx_it.o
 .ARM.attributes
                0x00000000000001be       0x34 ./Core/Src/system_stm32f3xx.o
 .ARM.attributes
                0x00000000000001f2       0x21 ./Core/Startup/startup_stm32f303vctx.o
 .ARM.attributes
                0x0000000000000213       0x34 ./Drivers/STM32F3xx_HAL_Driver/Src/stm32f3xx_hal.o
 .ARM.attributes
                0x0000000000000247       0x34 c:/program files (x86)/stmicroelectronics/stm32cubeide_1.11/stm32cubeide/plugins/com.st.stm32cube.ide.mcu.externaltools.gnu-tools-for-stm32.10.3-2021.10.win32_1.0.100.202210260954/tools/bin/../lib/gcc/arm-none-eabi/10.3.1/../../../../arm-none-eabi/lib/thumb/v7e-m+fp/hard\libc_nano.a(lib_a-init.o)
 .ARM.attributes
                0x000000000000027b       0x34 c:/program files (x86)/stmicroelectronics/stm32cubeide_1.11/stm32cubeide/plugins/com.st.stm32cube.ide.mcu.externaltools.gnu-tools-for-stm32.10.3-2021.10.win32_1.0.100.202210260954/tools/bin/../lib/gcc/arm-none-eabi/10.3.1/../../../../arm-none-eabi/lib/thumb/v7e-m+fp/hard\libc_nano.a(lib_a-memcpy-stub.o)
 .ARM.attributes
                0x00000000000002af       0x34 c:/program files (x86)/stmicroelectronics/stm32cubeide_1.11/stm32cubeide/plugins/com.st.stm32cube.ide.mcu.externaltools.gnu-tools-for-stm32.10.3-2021.10.win32_1.0.100.202210260954/tools/bin/../lib/gcc/arm-none-eabi/10.3.1/../../../../arm-none-eabi/lib/thumb/v7e-m+fp/hard\libc_nano.a(lib_a-strcat.o)
 .ARM.attributes
                0x00000000000002e3       0x17 c:/program files (x86)/stmicroelectronics/stm32cubeide_1.11/stm32cubeide/plugins/com.st.stm32cube.ide.mcu.externaltools.gnu-tools-for-stm32.10.3-2021.10.win32_1.0.100.202210260954/tools/bin/../lib/gcc/arm-none-eabi/10.3.1/../../../../arm-none-eabi/lib/thumb/v7e-m+fp/hard\libc_nano.a(lib_a-strlen.o)
 .ARM.attributes
                0x00000000000002fa       0x1e c:/program files (x86)/stmicroelectronics/stm32cubeide_1.11/stm32cubeide/plugins/com.st.stm32cube.ide.mcu.externaltools.gnu-tools-for-stm32.10.3-2021.10.win32_1.0.100.202210260954/tools/bin/../lib/gcc/arm-none-eabi/10.3.1/thumb/v7e-m+fp/hard/crtn.o
OUTPUT(internship_vlad.elf elf32-littlearm)
LOAD linker stubs
LOAD c:/program files (x86)/stmicroelectronics/stm32cubeide_1.11/stm32cubeide/plugins/com.st.stm32cube.ide.mcu.externaltools.gnu-tools-for-stm32.10.3-2021.10.win32_1.0.100.202210260954/tools/bin/../lib/gcc/arm-none-eabi/10.3.1/../../../../arm-none-eabi/lib/thumb/v7e-m+fp/hard\libc.a
LOAD c:/program files (x86)/stmicroelectronics/stm32cubeide_1.11/stm32cubeide/plugins/com.st.stm32cube.ide.mcu.externaltools.gnu-tools-for-stm32.10.3-2021.10.win32_1.0.100.202210260954/tools/bin/../lib/gcc/arm-none-eabi/10.3.1/../../../../arm-none-eabi/lib/thumb/v7e-m+fp/hard\libm.a
LOAD c:/program files (x86)/stmicroelectronics/stm32cubeide_1.11/stm32cubeide/plugins/com.st.stm32cube.ide.mcu.externaltools.gnu-tools-for-stm32.10.3-2021.10.win32_1.0.100.202210260954/tools/bin/../lib/gcc/arm-none-eabi/10.3.1/thumb/v7e-m+fp/hard\libgcc.a

.debug_info     0x0000000000000000     0x380d
 .debug_info    0x0000000000000000      0x20e ./Core/Inc/sys_clock.o
 .debug_info    0x000000000000020e      0x8f0 ./Core/Inc/uart4.o
 .debug_info    0x0000000000000afe      0xaf9 ./Core/Inc/usart1.o
 .debug_info    0x00000000000015f7      0x758 ./Core/Src/gyro.o
 .debug_info    0x0000000000001d4f      0xa5e ./Core/Src/i2c_slave.o
 .debug_info    0x00000000000027ad      0x2ff ./Core/Src/main.o
 .debug_info    0x0000000000002aac      0x122 ./Core/Src/stm32f3xx_it.o
 .debug_info    0x0000000000002bce      0x416 ./Core/Src/system_stm32f3xx.o
 .debug_info    0x0000000000002fe4       0x22 ./Core/Startup/startup_stm32f303vctx.o
 .debug_info    0x0000000000003006      0x807 ./Drivers/STM32F3xx_HAL_Driver/Src/stm32f3xx_hal.o

.debug_abbrev   0x0000000000000000      0xed2
 .debug_abbrev  0x0000000000000000       0xb0 ./Core/Inc/sys_clock.o
 .debug_abbrev  0x00000000000000b0      0x25f ./Core/Inc/uart4.o
 .debug_abbrev  0x000000000000030f      0x279 ./Core/Inc/usart1.o
 .debug_abbrev  0x0000000000000588      0x1e7 ./Core/Src/gyro.o
 .debug_abbrev  0x000000000000076f      0x28f ./Core/Src/i2c_slave.o
 .debug_abbrev  0x00000000000009fe      0x12a ./Core/Src/main.o
 .debug_abbrev  0x0000000000000b28       0x74 ./Core/Src/stm32f3xx_it.o
 .debug_abbrev  0x0000000000000b9c      0x116 ./Core/Src/system_stm32f3xx.o
 .debug_abbrev  0x0000000000000cb2       0x12 ./Core/Startup/startup_stm32f303vctx.o
 .debug_abbrev  0x0000000000000cc4      0x20e ./Drivers/STM32F3xx_HAL_Driver/Src/stm32f3xx_hal.o

.debug_aranges  0x0000000000000000      0x390
 .debug_aranges
                0x0000000000000000       0x20 ./Core/Inc/sys_clock.o
 .debug_aranges
                0x0000000000000020       0x68 ./Core/Inc/uart4.o
 .debug_aranges
                0x0000000000000088       0x70 ./Core/Inc/usart1.o
 .debug_aranges
                0x00000000000000f8       0x88 ./Core/Src/gyro.o
 .debug_aranges
                0x0000000000000180       0x60 ./Core/Src/i2c_slave.o
 .debug_aranges
                0x00000000000001e0       0x20 ./Core/Src/main.o
 .debug_aranges
                0x0000000000000200       0x60 ./Core/Src/stm32f3xx_it.o
 .debug_aranges
                0x0000000000000260       0x28 ./Core/Src/system_stm32f3xx.o
 .debug_aranges
                0x0000000000000288       0x28 ./Core/Startup/startup_stm32f303vctx.o
 .debug_aranges
                0x00000000000002b0       0xe0 ./Drivers/STM32F3xx_HAL_Driver/Src/stm32f3xx_hal.o

.debug_ranges   0x0000000000000000      0x2f8
 .debug_ranges  0x0000000000000000       0x10 ./Core/Inc/sys_clock.o
 .debug_ranges  0x0000000000000010       0x58 ./Core/Inc/uart4.o
 .debug_ranges  0x0000000000000068       0x60 ./Core/Inc/usart1.o
 .debug_ranges  0x00000000000000c8       0x78 ./Core/Src/gyro.o
 .debug_ranges  0x0000000000000140       0x50 ./Core/Src/i2c_slave.o
 .debug_ranges  0x0000000000000190       0x10 ./Core/Src/main.o
 .debug_ranges  0x00000000000001a0       0x50 ./Core/Src/stm32f3xx_it.o
 .debug_ranges  0x00000000000001f0       0x18 ./Core/Src/system_stm32f3xx.o
 .debug_ranges  0x0000000000000208       0x20 ./Core/Startup/startup_stm32f303vctx.o
 .debug_ranges  0x0000000000000228       0xd0 ./Drivers/STM32F3xx_HAL_Driver/Src/stm32f3xx_hal.o

.debug_macro    0x0000000000000000    0x1c971
 .debug_macro   0x0000000000000000      0x1b9 ./Core/Inc/sys_clock.o
 .debug_macro   0x00000000000001b9      0xa78 ./Core/Inc/sys_clock.o
 .debug_macro   0x0000000000000c31       0x2e ./Core/Inc/sys_clock.o
 .debug_macro   0x0000000000000c5f       0x28 ./Core/Inc/sys_clock.o
 .debug_macro   0x0000000000000c87       0x22 ./Core/Inc/sys_clock.o
 .debug_macro   0x0000000000000ca9       0x8e ./Core/Inc/sys_clock.o
 .debug_macro   0x0000000000000d37       0x51 ./Core/Inc/sys_clock.o
 .debug_macro   0x0000000000000d88      0x103 ./Core/Inc/sys_clock.o
 .debug_macro   0x0000000000000e8b       0x6a ./Core/Inc/sys_clock.o
 .debug_macro   0x0000000000000ef5      0x1df ./Core/Inc/sys_clock.o
 .debug_macro   0x00000000000010d4       0x1c ./Core/Inc/sys_clock.o
 .debug_macro   0x00000000000010f0       0x22 ./Core/Inc/sys_clock.o
 .debug_macro   0x0000000000001112       0xd9 ./Core/Inc/sys_clock.o
 .debug_macro   0x00000000000011eb     0x102d ./Core/Inc/sys_clock.o
 .debug_macro   0x0000000000002218      0x11f ./Core/Inc/sys_clock.o
 .debug_macro   0x0000000000002337    0x12a3a ./Core/Inc/sys_clock.o
 .debug_macro   0x0000000000014d71       0x6d ./Core/Inc/sys_clock.o
 .debug_macro   0x0000000000014dde      0x14b ./Core/Inc/sys_clock.o
 .debug_macro   0x0000000000014f29     0x3574 ./Core/Inc/sys_clock.o
 .debug_macro   0x000000000001849d      0x174 ./Core/Inc/sys_clock.o
 .debug_macro   0x0000000000018611       0x55 ./Core/Inc/sys_clock.o
 .debug_macro   0x0000000000018666      0x961 ./Core/Inc/sys_clock.o
 .debug_macro   0x0000000000018fc7      0x5fe ./Core/Inc/sys_clock.o
 .debug_macro   0x00000000000195c5      0x1b5 ./Core/Inc/sys_clock.o
 .debug_macro   0x000000000001977a      0x1fb ./Core/Inc/sys_clock.o
 .debug_macro   0x0000000000019975      0x1dc ./Core/Inc/sys_clock.o
 .debug_macro   0x0000000000019b51      0x1bc ./Core/Inc/sys_clock.o
 .debug_macro   0x0000000000019d0d       0x30 ./Core/Inc/sys_clock.o
 .debug_macro   0x0000000000019d3d       0x3c ./Core/Inc/sys_clock.o
 .debug_macro   0x0000000000019d79      0x235 ./Core/Inc/sys_clock.o
 .debug_macro   0x0000000000019fae       0xc5 ./Core/Inc/sys_clock.o
 .debug_macro   0x000000000001a073      0x21d ./Core/Inc/sys_clock.o
 .debug_macro   0x000000000001a290      0x22c ./Core/Inc/sys_clock.o
 .debug_macro   0x000000000001a4bc       0x5b ./Core/Inc/sys_clock.o
 .debug_macro   0x000000000001a517       0xa5 ./Core/Inc/sys_clock.o
 .debug_macro   0x000000000001a5bc       0x81 ./Core/Inc/sys_clock.o
 .debug_macro   0x000000000001a63d       0xd3 ./Core/Inc/sys_clock.o
 .debug_macro   0x000000000001a710      0x275 ./Core/Inc/sys_clock.o
 .debug_macro   0x000000000001a985      0x2e2 ./Core/Inc/uart4.o
 .debug_macro   0x000000000001ac67       0x52 ./Core/Inc/uart4.o
 .debug_macro   0x000000000001acb9       0x1e ./Core/Inc/uart4.o
 .debug_macro   0x000000000001acd7       0x3c ./Core/Inc/uart4.o
 .debug_macro   0x000000000001ad13       0x34 ./Core/Inc/uart4.o
 .debug_macro   0x000000000001ad47       0x16 ./Core/Inc/uart4.o
 .debug_macro   0x000000000001ad5d       0x43 ./Core/Inc/uart4.o
 .debug_macro   0x000000000001ada0       0x34 ./Core/Inc/uart4.o
 .debug_macro   0x000000000001add4       0x10 ./Core/Inc/uart4.o
 .debug_macro   0x000000000001ade4       0x58 ./Core/Inc/uart4.o
 .debug_macro   0x000000000001ae3c       0x71 ./Core/Inc/uart4.o
 .debug_macro   0x000000000001aead       0x1c ./Core/Inc/uart4.o
 .debug_macro   0x000000000001aec9      0x12a ./Core/Inc/uart4.o
 .debug_macro   0x000000000001aff3      0x341 ./Core/Inc/uart4.o
 .debug_macro   0x000000000001b334       0x10 ./Core/Inc/uart4.o
 .debug_macro   0x000000000001b344       0x35 ./Core/Inc/uart4.o
 .debug_macro   0x000000000001b379       0x20 ./Core/Inc/uart4.o
 .debug_macro   0x000000000001b399       0x22 ./Core/Inc/uart4.o
 .debug_macro   0x000000000001b3bb      0x2e2 ./Core/Inc/usart1.o
 .debug_macro   0x000000000001b69d      0x1b8 ./Core/Src/gyro.o
 .debug_macro   0x000000000001b855       0x6a ./Core/Src/gyro.o
 .debug_macro   0x000000000001b8bf      0x360 ./Core/Src/i2c_slave.o
 .debug_macro   0x000000000001bc1f       0x10 ./Core/Src/i2c_slave.o
 .debug_macro   0x000000000001bc2f       0x1c ./Core/Src/i2c_slave.o
 .debug_macro   0x000000000001bc4b       0x10 ./Core/Src/i2c_slave.o
 .debug_macro   0x000000000001bc5b       0x10 ./Core/Src/i2c_slave.o
 .debug_macro   0x000000000001bc6b       0x1c ./Core/Src/i2c_slave.o
 .debug_macro   0x000000000001bc87       0x52 ./Core/Src/i2c_slave.o
 .debug_macro   0x000000000001bcd9       0x22 ./Core/Src/i2c_slave.o
 .debug_macro   0x000000000001bcfb       0x10 ./Core/Src/i2c_slave.o
 .debug_macro   0x000000000001bd0b       0x52 ./Core/Src/i2c_slave.o
 .debug_macro   0x000000000001bd5d       0xd5 ./Core/Src/i2c_slave.o
 .debug_macro   0x000000000001be32       0x1c ./Core/Src/i2c_slave.o
 .debug_macro   0x000000000001be4e       0x3d ./Core/Src/i2c_slave.o
 .debug_macro   0x000000000001be8b       0x16 ./Core/Src/i2c_slave.o
 .debug_macro   0x000000000001bea1      0x145 ./Core/Src/i2c_slave.o
 .debug_macro   0x000000000001bfe6      0x2c5 ./Core/Src/main.o
 .debug_macro   0x000000000001c2ab      0x166 ./Core/Src/main.o
 .debug_macro   0x000000000001c411       0x16 ./Core/Src/main.o
 .debug_macro   0x000000000001c427      0x1c8 ./Core/Src/stm32f3xx_it.o
 .debug_macro   0x000000000001c5ef      0x1af ./Core/Src/system_stm32f3xx.o
 .debug_macro   0x000000000001c79e      0x1d3 ./Drivers/STM32F3xx_HAL_Driver/Src/stm32f3xx_hal.o

.debug_line     0x0000000000000000     0x5bfc
 .debug_line    0x0000000000000000      0x80c ./Core/Inc/sys_clock.o
 .debug_line    0x000000000000080c      0xb53 ./Core/Inc/uart4.o
 .debug_line    0x000000000000135f      0xb91 ./Core/Inc/usart1.o
 .debug_line    0x0000000000001ef0      0xba3 ./Core/Src/gyro.o
 .debug_line    0x0000000000002a93      0xc40 ./Core/Src/i2c_slave.o
 .debug_line    0x00000000000036d3      0x9d5 ./Core/Src/main.o
 .debug_line    0x00000000000040a8      0x865 ./Core/Src/stm32f3xx_it.o
 .debug_line    0x000000000000490d      0x819 ./Core/Src/system_stm32f3xx.o
 .debug_line    0x0000000000005126       0x88 ./Core/Startup/startup_stm32f303vctx.o
 .debug_line    0x00000000000051ae      0xa4e ./Drivers/STM32F3xx_HAL_Driver/Src/stm32f3xx_hal.o

.debug_str      0x0000000000000000    0xa8484
 .debug_str     0x0000000000000000    0xa2ee3 ./Core/Inc/sys_clock.o
                                      0xa3588 (size before relaxing)
 .debug_str     0x00000000000a2ee3     0x34a8 ./Core/Inc/uart4.o
                                      0xa6b14 (size before relaxing)
 .debug_str     0x00000000000a638b      0x1e8 ./Core/Inc/usart1.o
                                      0xa6b84 (size before relaxing)
 .debug_str     0x00000000000a6573      0x326 ./Core/Src/gyro.o
                                      0xa38b1 (size before relaxing)
 .debug_str     0x00000000000a6899     0x1120 ./Core/Src/i2c_slave.o
                                      0xa7a32 (size before relaxing)
 .debug_str     0x00000000000a79b9      0x590 ./Core/Src/main.o
                                      0xa6c08 (size before relaxing)
 .debug_str     0x00000000000a7f49       0xc9 ./Core/Src/stm32f3xx_it.o
                                      0xa3aa8 (size before relaxing)
 .debug_str     0x00000000000a8012       0x65 ./Core/Src/system_stm32f3xx.o
                                      0xa360f (size before relaxing)
 .debug_str     0x00000000000a8077       0x36 ./Core/Startup/startup_stm32f303vctx.o
                                         0x7b (size before relaxing)
 .debug_str     0x00000000000a80ad      0x3d7 ./Drivers/STM32F3xx_HAL_Driver/Src/stm32f3xx_hal.o
                                      0xa3e4d (size before relaxing)

.comment        0x0000000000000000       0x50
 .comment       0x0000000000000000       0x50 ./Core/Inc/sys_clock.o
                                         0x51 (size before relaxing)
 .comment       0x0000000000000050       0x51 ./Core/Inc/uart4.o
 .comment       0x0000000000000050       0x51 ./Core/Inc/usart1.o
 .comment       0x0000000000000050       0x51 ./Core/Src/gyro.o
 .comment       0x0000000000000050       0x51 ./Core/Src/i2c_slave.o
 .comment       0x0000000000000050       0x51 ./Core/Src/main.o
 .comment       0x0000000000000050       0x51 ./Core/Src/stm32f3xx_it.o
 .comment       0x0000000000000050       0x51 ./Core/Src/system_stm32f3xx.o
 .comment       0x0000000000000050       0x51 ./Drivers/STM32F3xx_HAL_Driver/Src/stm32f3xx_hal.o

.debug_frame    0x0000000000000000      0xba4
 .debug_frame   0x0000000000000000       0x2c ./Core/Inc/sys_clock.o
 .debug_frame   0x000000000000002c      0x164 ./Core/Inc/uart4.o
 .debug_frame   0x0000000000000190      0x18c ./Core/Inc/usart1.o
 .debug_frame   0x000000000000031c      0x1fc ./Core/Src/gyro.o
 .debug_frame   0x0000000000000518      0x154 ./Core/Src/i2c_slave.o
 .debug_frame   0x000000000000066c       0x2c ./Core/Src/main.o
 .debug_frame   0x0000000000000698      0x104 ./Core/Src/stm32f3xx_it.o
 .debug_frame   0x000000000000079c       0x58 ./Core/Src/system_stm32f3xx.o
 .debug_frame   0x00000000000007f4      0x334 ./Drivers/STM32F3xx_HAL_Driver/Src/stm32f3xx_hal.o
 .debug_frame   0x0000000000000b28       0x2c c:/program files (x86)/stmicroelectronics/stm32cubeide_1.11/stm32cubeide/plugins/com.st.stm32cube.ide.mcu.externaltools.gnu-tools-for-stm32.10.3-2021.10.win32_1.0.100.202210260954/tools/bin/../lib/gcc/arm-none-eabi/10.3.1/../../../../arm-none-eabi/lib/thumb/v7e-m+fp/hard\libc_nano.a(lib_a-init.o)
 .debug_frame   0x0000000000000b54       0x28 c:/program files (x86)/stmicroelectronics/stm32cubeide_1.11/stm32cubeide/plugins/com.st.stm32cube.ide.mcu.externaltools.gnu-tools-for-stm32.10.3-2021.10.win32_1.0.100.202210260954/tools/bin/../lib/gcc/arm-none-eabi/10.3.1/../../../../arm-none-eabi/lib/thumb/v7e-m+fp/hard\libc_nano.a(lib_a-memcpy-stub.o)
 .debug_frame   0x0000000000000b7c       0x28 c:/program files (x86)/stmicroelectronics/stm32cubeide_1.11/stm32cubeide/plugins/com.st.stm32cube.ide.mcu.externaltools.gnu-tools-for-stm32.10.3-2021.10.win32_1.0.100.202210260954/tools/bin/../lib/gcc/arm-none-eabi/10.3.1/../../../../arm-none-eabi/lib/thumb/v7e-m+fp/hard\libc_nano.a(lib_a-strcat.o)
