Archive member included to satisfy reference by file (symbol)

c:/program files (x86)/stmicroelectronics/stm32cubeide_1.11/stm32cubeide/plugins/com.st.stm32cube.ide.mcu.externaltools.gnu-tools-for-stm32.10.3-2021.10.win32_1.0.100.202210260954/tools/bin/../lib/gcc/arm-none-eabi/10.3.1/../../../../arm-none-eabi/lib/thumb/v7e-m+fp/hard\libc_nano.a(lib_a-errno.o)
                              ./Core/Src/syscalls.o (__errno)
c:/program files (x86)/stmicroelectronics/stm32cubeide_1.11/stm32cubeide/plugins/com.st.stm32cube.ide.mcu.externaltools.gnu-tools-for-stm32.10.3-2021.10.win32_1.0.100.202210260954/tools/bin/../lib/gcc/arm-none-eabi/10.3.1/../../../../arm-none-eabi/lib/thumb/v7e-m+fp/hard\libc_nano.a(lib_a-exit.o)
                              c:/program files (x86)/stmicroelectronics/stm32cubeide_1.11/stm32cubeide/plugins/com.st.stm32cube.ide.mcu.externaltools.gnu-tools-for-stm32.10.3-2021.10.win32_1.0.100.202210260954/tools/bin/../lib/gcc/arm-none-eabi/10.3.1/../../../../arm-none-eabi/lib/thumb/v7e-m+fp/hard/crt0.o (exit)
c:/program files (x86)/stmicroelectronics/stm32cubeide_1.11/stm32cubeide/plugins/com.st.stm32cube.ide.mcu.externaltools.gnu-tools-for-stm32.10.3-2021.10.win32_1.0.100.202210260954/tools/bin/../lib/gcc/arm-none-eabi/10.3.1/../../../../arm-none-eabi/lib/thumb/v7e-m+fp/hard\libc_nano.a(lib_a-impure.o)
                              c:/program files (x86)/stmicroelectronics/stm32cubeide_1.11/stm32cubeide/plugins/com.st.stm32cube.ide.mcu.externaltools.gnu-tools-for-stm32.10.3-2021.10.win32_1.0.100.202210260954/tools/bin/../lib/gcc/arm-none-eabi/10.3.1/../../../../arm-none-eabi/lib/thumb/v7e-m+fp/hard\libc_nano.a(lib_a-exit.o) (_global_impure_ptr)
c:/program files (x86)/stmicroelectronics/stm32cubeide_1.11/stm32cubeide/plugins/com.st.stm32cube.ide.mcu.externaltools.gnu-tools-for-stm32.10.3-2021.10.win32_1.0.100.202210260954/tools/bin/../lib/gcc/arm-none-eabi/10.3.1/../../../../arm-none-eabi/lib/thumb/v7e-m+fp/hard\libc_nano.a(lib_a-init.o)
                              c:/program files (x86)/stmicroelectronics/stm32cubeide_1.11/stm32cubeide/plugins/com.st.stm32cube.ide.mcu.externaltools.gnu-tools-for-stm32.10.3-2021.10.win32_1.0.100.202210260954/tools/bin/../lib/gcc/arm-none-eabi/10.3.1/../../../../arm-none-eabi/lib/thumb/v7e-m+fp/hard/crt0.o (__libc_init_array)
c:/program files (x86)/stmicroelectronics/stm32cubeide_1.11/stm32cubeide/plugins/com.st.stm32cube.ide.mcu.externaltools.gnu-tools-for-stm32.10.3-2021.10.win32_1.0.100.202210260954/tools/bin/../lib/gcc/arm-none-eabi/10.3.1/../../../../arm-none-eabi/lib/thumb/v7e-m+fp/hard\libc_nano.a(lib_a-memcpy-stub.o)
                              ./Core/Inc/uart4.o (memcpy)
c:/program files (x86)/stmicroelectronics/stm32cubeide_1.11/stm32cubeide/plugins/com.st.stm32cube.ide.mcu.externaltools.gnu-tools-for-stm32.10.3-2021.10.win32_1.0.100.202210260954/tools/bin/../lib/gcc/arm-none-eabi/10.3.1/../../../../arm-none-eabi/lib/thumb/v7e-m+fp/hard\libc_nano.a(lib_a-memset.o)
                              c:/program files (x86)/stmicroelectronics/stm32cubeide_1.11/stm32cubeide/plugins/com.st.stm32cube.ide.mcu.externaltools.gnu-tools-for-stm32.10.3-2021.10.win32_1.0.100.202210260954/tools/bin/../lib/gcc/arm-none-eabi/10.3.1/../../../../arm-none-eabi/lib/thumb/v7e-m+fp/hard/crt0.o (memset)
c:/program files (x86)/stmicroelectronics/stm32cubeide_1.11/stm32cubeide/plugins/com.st.stm32cube.ide.mcu.externaltools.gnu-tools-for-stm32.10.3-2021.10.win32_1.0.100.202210260954/tools/bin/../lib/gcc/arm-none-eabi/10.3.1/../../../../arm-none-eabi/lib/thumb/v7e-m+fp/hard\libc_nano.a(lib_a-strcat.o)
                              ./Core/Inc/usart1.o (strcat)
c:/program files (x86)/stmicroelectronics/stm32cubeide_1.11/stm32cubeide/plugins/com.st.stm32cube.ide.mcu.externaltools.gnu-tools-for-stm32.10.3-2021.10.win32_1.0.100.202210260954/tools/bin/../lib/gcc/arm-none-eabi/10.3.1/../../../../arm-none-eabi/lib/thumb/v7e-m+fp/hard\libc_nano.a(lib_a-strlen.o)
                              ./Core/Inc/uart4.o (strlen)

Discarded input sections

 .text          0x0000000000000000        0x0 c:/program files (x86)/stmicroelectronics/stm32cubeide_1.11/stm32cubeide/plugins/com.st.stm32cube.ide.mcu.externaltools.gnu-tools-for-stm32.10.3-2021.10.win32_1.0.100.202210260954/tools/bin/../lib/gcc/arm-none-eabi/10.3.1/thumb/v7e-m+fp/hard/crti.o
 .data          0x0000000000000000        0x0 c:/program files (x86)/stmicroelectronics/stm32cubeide_1.11/stm32cubeide/plugins/com.st.stm32cube.ide.mcu.externaltools.gnu-tools-for-stm32.10.3-2021.10.win32_1.0.100.202210260954/tools/bin/../lib/gcc/arm-none-eabi/10.3.1/thumb/v7e-m+fp/hard/crti.o
 .bss           0x0000000000000000        0x0 c:/program files (x86)/stmicroelectronics/stm32cubeide_1.11/stm32cubeide/plugins/com.st.stm32cube.ide.mcu.externaltools.gnu-tools-for-stm32.10.3-2021.10.win32_1.0.100.202210260954/tools/bin/../lib/gcc/arm-none-eabi/10.3.1/thumb/v7e-m+fp/hard/crti.o
[...]
Memory Configuration

Name             Origin             Length             Attributes
CCMRAM           0x0000000010000000 0x0000000000002000 xrw
RAM              0x0000000020000000 0x000000000000a000 xrw
FLASH            0x0000000008000000 0x0000000000040000 xr
*default*        0x0000000000000000 0xffffffffffffffff

Linker script and memory map

LOAD c:/program files (x86)/stmicroelectronics/stm32cubeide_1.11/stm32cubeide/plugins/com.st.stm32cube.ide.mcu.externaltools.gnu-tools-for-stm32.10.3-2021.10.win32_1.0.100.202210260954/tools/bin/../lib/gcc/arm-none-eabi/10.3.1/thumb/v7e-m+fp/hard/crti.o
LOAD c:/program files (x86)/stmicroelectronics/stm32cubeide_1.11/stm32cubeide/plugins/com.st.stm32cube.ide.mcu.externaltools.gnu-tools-for-stm32.10.3-2021.10.win32_1.0.100.202210260954/tools/bin/../lib/gcc/arm-none-eabi/10.3.1/thumb/v7e-m+fp/hard/crtbegin.o
LOAD c:/program files (x86)/stmicroelectronics/stm32cubeide_1.11/stm32cubeide/plugins/com.st.stm32cube.ide.mcu.externaltools.gnu-tools-for-stm32.10.3-2021.10.win32_1.0.100.202210260954/tools/bin/../lib/gcc/arm-none-eabi/10.3.1/../../../../arm-none-eabi/lib/thumb/v7e-m+fp/hard/crt0.o
LOAD ./Core/Inc/sys_clock.o
LOAD ./Core/Inc/uart4.o
LOAD ./Core/Inc/usart1.o
LOAD ./Core/Src/gyro.o
LOAD ./Core/Src/i2c_slave.o
LOAD ./Core/Src/main.o
LOAD ./Core/Src/stm32f3xx_hal_msp.o
LOAD ./Core/Src/stm32f3xx_it.o
LOAD ./Core/Src/syscalls.o
LOAD ./Core/Src/sysmem.o
LOAD ./Core/Src/system_stm32f3xx.o
LOAD ./Core/Startup/startup_stm32f303vctx.o
LOAD ./Drivers/STM32F3xx_HAL_Driver/Src/stm32f3xx_hal.o
LOAD ./Drivers/STM32F3xx_HAL_Driver/Src/stm32f3xx_hal_cortex.o
LOAD ./Drivers/STM32F3xx_HAL_Driver/Src/stm32f3xx_hal_dma.o
LOAD ./Drivers/STM32F3xx_HAL_Driver/Src/stm32f3xx_hal_exti.o
LOAD ./Drivers/STM32F3xx_HAL_Driver/Src/stm32f3xx_hal_flash.o
LOAD ./Drivers/STM32F3xx_HAL_Driver/Src/stm32f3xx_hal_flash_ex.o
LOAD ./Drivers/STM32F3xx_HAL_Driver/Src/stm32f3xx_hal_gpio.o
LOAD ./Drivers/STM32F3xx_HAL_Driver/Src/stm32f3xx_hal_i2c.o
LOAD ./Drivers/STM32F3xx_HAL_Driver/Src/stm32f3xx_hal_i2c_ex.o
LOAD ./Drivers/STM32F3xx_HAL_Driver/Src/stm32f3xx_hal_pwr.o
LOAD ./Drivers/STM32F3xx_HAL_Driver/Src/stm32f3xx_hal_pwr_ex.o
LOAD ./Drivers/STM32F3xx_HAL_Driver/Src/stm32f3xx_hal_rcc.o
LOAD ./Drivers/STM32F3xx_HAL_Driver/Src/stm32f3xx_hal_rcc_ex.o
START GROUP
LOAD c:/program files (x86)/stmicroelectronics/stm32cubeide_1.11/stm32cubeide/plugins/com.st.stm32cube.ide.mcu.externaltools.gnu-tools-for-stm32.10.3-2021.10.win32_1.0.100.202210260954/tools/bin/../lib/gcc/arm-none-eabi/10.3.1/../../../../arm-none-eabi/lib/thumb/v7e-m+fp/hard\libc_nano.a
LOAD c:/program files (x86)/stmicroelectronics/stm32cubeide_1.11/stm32cubeide/plugins/com.st.stm32cube.ide.mcu.externaltools.gnu-tools-for-stm32.10.3-2021.10.win32_1.0.100.202210260954/tools/bin/../lib/gcc/arm-none-eabi/10.3.1/../../../../arm-none-eabi/lib/thumb/v7e-m+fp/hard\libm.a
END GROUP
START GROUP
LOAD c:/program files (x86)/stmicroelectronics/stm32cubeide_1.11/stm32cubeide/plugins/com.st.stm32cube.ide.mcu.externaltools.gnu-tools-for-stm32.10.3-2021.10.win32_1.0.100.202210260954/tools/bin/../lib/gcc/arm-none-eabi/10.3.1/thumb/v7e-m+fp/hard\libgcc.a
LOAD c:/program files (x86)/stmicroelectronics/stm32cubeide_1.11/stm32cubeide/plugins/com.st.stm32cube.ide.mcu.externaltools.gnu-tools-for-stm32.10.3-2021.10.win32_1.0.100.202210260954/tools/bin/../lib/gcc/arm-none-eabi/10.3.1/../../../../arm-none-eabi/lib/thumb/v7e-m+fp/hard\libc_nano.a
END GROUP
START GROUP
LOAD c:/program files (x86)/stmicroelectronics/stm32cubeide_1.11/stm32cubeide/plugins/com.st.stm32cube.ide.mcu.externaltools.gnu-tools-for-stm32.10.3-2021.10.win32_1.0.100.202210260954/tools/bin/../lib/gcc/arm-none-eabi/10.3.1/thumb/v7e-m+fp/hard\libgcc.a
LOAD c:/program files (x86)/stmicroelectronics/stm32cubeide_1.11/stm32cubeide/plugins/com.st.stm32cube.ide.mcu.externaltools.gnu-tools-for-stm32.10.3-2021.10.win32_1.0.100.202210260954/tools/bin/../lib/gcc/arm-none-eabi/10.3.1/../../../../arm-none-eabi/lib/thumb/v7e-m+fp/hard\libc_nano.a
LOAD c:/program files (x86)/stmicroelectronics/stm32cubeide_1.11/stm32cubeide/plugins/com.st.stm32cube.ide.mcu.externaltools.gnu-tools-for-stm32.10.3-2021.10.win32_1.0.100.202210260954/tools/bin/../lib/gcc/arm-none-eabi/10.3.1/../../../../arm-none-eabi/lib/thumb/v7e-m+fp/hard\libnosys.a
END GROUP
START GROUP
LOAD c:/program files (x86)/stmicroelectronics/stm32cubeide_1.11/stm32cubeide/plugins/com.st.stm32cube.ide.mcu.externaltools.gnu-tools-for-stm32.10.3-2021.10.win32_1.0.100.202210260954/tools/bin/../lib/gcc/arm-none-eabi/10.3.1/thumb/v7e-m+fp/hard\libgcc.a
LOAD c:/program files (x86)/stmicroelectronics/stm32cubeide_1.11/stm32cubeide/plugins/com.st.stm32cube.ide.mcu.externaltools.gnu-tools-for-stm32.10.3-2021.10.win32_1.0.100.202210260954/tools/bin/../lib/gcc/arm-none-eabi/10.3.1/../../../../arm-none-eabi/lib/thumb/v7e-m+fp/hard\libc_nano.a
LOAD c:/program files (x86)/stmicroelectronics/stm32cubeide_1.11/stm32cubeide/plugins/com.st.stm32cube.ide.mcu.externaltools.gnu-tools-for-stm32.10.3-2021.10.win32_1.0.100.202210260954/tools/bin/../lib/gcc/arm-none-eabi/10.3.1/../../../../arm-none-eabi/lib/thumb/v7e-m+fp/hard\libnosys.a
END GROUP
LOAD c:/program files (x86)/stmicroelectronics/stm32cubeide_1.11/stm32cubeide/plugins/com.st.stm32cube.ide.mcu.externaltools.gnu-tools-for-stm32.10.3-2021.10.win32_1.0.100.202210260954/tools/bin/../lib/gcc/arm-none-eabi/10.3.1/thumb/v7e-m+fp/hard/crtend.o
LOAD c:/program files (x86)/stmicroelectronics/stm32cubeide_1.11/stm32cubeide/plugins/com.st.stm32cube.ide.mcu.externaltools.gnu-tools-for-stm32.10.3-2021.10.win32_1.0.100.202210260954/tools/bin/../lib/gcc/arm-none-eabi/10.3.1/thumb/v7e-m+fp/hard/crtn.o
                0x000000002000a000                _estack = (ORIGIN (RAM) + LENGTH (RAM))
                0x0000000000000200                _Min_Heap_Size = 0x200
                0x0000000000000400                _Min_Stack_Size = 0x400

.isr_vector     0x0000000008000000      0x188
                0x0000000008000000                . = ALIGN (0x4)
 *(.isr_vector)
 .isr_vector    0x0000000008000000      0x188 ./Core/Startup/startup_stm32f303vctx.o
                0x0000000008000000                g_pfnVectors
                0x0000000008000188                . = ALIGN (0x4)

.text           0x0000000008000188     0x1890
                0x0000000008000188                . = ALIGN (0x4)
 *(.text)
 .text          0x0000000008000188       0x40 c:/program files (x86)/stmicroelectronics/stm32cubeide_1.11/stm32cubeide/plugins/com.st.stm32cube.ide.mcu.externaltools.gnu-tools-for-stm32.10.3-2021.10.win32_1.0.100.202210260954/tools/bin/../lib/gcc/arm-none-eabi/10.3.1/thumb/v7e-m+fp/hard/crtbegin.o
 .text          0x00000000080001c8       0x10 c:/program files (x86)/stmicroelectronics/stm32cubeide_1.11/stm32cubeide/plugins/com.st.stm32cube.ide.mcu.externaltools.gnu-tools-for-stm32.10.3-2021.10.win32_1.0.100.202210260954/tools/bin/../lib/gcc/arm-none-eabi/10.3.1/../../../../arm-none-eabi/lib/thumb/v7e-m+fp/hard\libc_nano.a(lib_a-strlen.o)
                0x00000000080001c8                strlen
 *(.text*)
 .text.clock_init
                0x00000000080001d8       0xbc ./Core/Inc/sys_clock.o
                0x00000000080001d8                clock_init
 .text.__NVIC_EnableIRQ
                0x0000000008000294       0x3c ./Core/Inc/uart4.o
 .text.uart4_init
                0x00000000080002d0       0xec ./Core/Inc/uart4.o
                0x00000000080002d0                uart4_init
 .text.dma2_init
                0x00000000080003bc       0xb8 ./Core/Inc/uart4.o
                0x00000000080003bc                dma2_init
 .text.uart4_receive_byte
                0x0000000008000474       0x3c ./Core/Inc/uart4.o
                0x0000000008000474                uart4_receive_byte
 .text.uart4_tx_busy
                0x00000000080004b0       0x20 ./Core/Inc/uart4.o
                0x00000000080004b0                uart4_tx_busy
 .text.uart4_write
                0x00000000080004d0       0xa0 ./Core/Inc/uart4.o
                0x00000000080004d0                uart4_write
 .text.uart4_rx_interrupt_handler
                0x0000000008000570       0x98 ./Core/Inc/uart4.o
                0x0000000008000570                uart4_rx_interrupt_handler
 .text.UART4_IRQHandler
                0x0000000008000608        0xc ./Core/Inc/uart4.o
                0x0000000008000608                UART4_IRQHandler
 .text.__NVIC_EnableIRQ
                0x0000000008000614       0x3c ./Core/Inc/usart1.o
 .text.__NVIC_SetPriority
                0x0000000008000650       0x54 ./Core/Inc/usart1.o
 .text.usart1_init
                0x00000000080006a4       0xf4 ./Core/Inc/usart1.o
                0x00000000080006a4                usart1_init
 .text.dma1_init
                0x0000000008000798       0xb8 ./Core/Inc/usart1.o
                0x0000000008000798                dma1_init
 .text.usart1_transmit_byte
                0x0000000008000850       0x30 ./Core/Inc/usart1.o
                0x0000000008000850                usart1_transmit_byte
 .text.usart1_receive_byte
                0x0000000008000880       0x30 ./Core/Inc/usart1.o
                0x0000000008000880                usart1_receive_byte
 .text.usart1_tx_busy
                0x00000000080008b0       0x20 ./Core/Inc/usart1.o
                0x00000000080008b0                usart1_tx_busy
 .text.usart1_write
                0x00000000080008d0       0xa0 ./Core/Inc/usart1.o
                0x00000000080008d0                usart1_write
 .text.usart1_rx_interrupt_handler
                0x0000000008000970       0xcc ./Core/Inc/usart1.o
                0x0000000008000970                usart1_rx_interrupt_handler
 .text.USART1_IRQHandler
                0x0000000008000a3c        0xc ./Core/Inc/usart1.o
                0x0000000008000a3c                USART1_IRQHandler
 .text.gyro_delay_ms
                0x0000000008000a48       0x60 ./Core/Src/gyro.o
                0x0000000008000a48                gyro_delay_ms
 .text.spi1_gpio_init
                0x0000000008000aa8       0xe0 ./Core/Src/gyro.o
                0x0000000008000aa8                spi1_gpio_init
 .text.spi1_init
                0x0000000008000b88       0x84 ./Core/Src/gyro.o
                0x0000000008000b88                spi1_init
 .text.spi1_transfer
                0x0000000008000c0c       0x48 ./Core/Src/gyro.o
                0x0000000008000c0c                spi1_transfer
 .text.spi1_wait_idle
                0x0000000008000c54       0x48 ./Core/Src/gyro.o
                0x0000000008000c54                spi1_wait_idle
 .text.gyro_read_reg
                0x0000000008000c9c       0x48 ./Core/Src/gyro.o
                0x0000000008000c9c                gyro_read_reg
 .text.gyro_write_reg
                0x0000000008000ce4       0x44 ./Core/Src/gyro.o
                0x0000000008000ce4                gyro_write_reg
 .text.gyro_init
                0x0000000008000d28       0x26 ./Core/Src/gyro.o
                0x0000000008000d28                gyro_init
 .text.gyro_wait_data_ready
                0x0000000008000d4e       0x1c ./Core/Src/gyro.o
                0x0000000008000d4e                gyro_wait_data_ready
 *fill*         0x0000000008000d6a        0x2 
 .text.gyro_calibrate
                0x0000000008000d6c      0x1c4 ./Core/Src/gyro.o
                0x0000000008000d6c                gyro_calibrate
 .text.gyro_read_multi
                0x0000000008000f30       0x60 ./Core/Src/gyro.o
                0x0000000008000f30                gyro_read_multi
 .text.gyro_read_xyz_mdps
                0x0000000008000f90       0x78 ./Core/Src/gyro.o
                0x0000000008000f90                gyro_read_xyz_mdps
 .text.gyro_read_xyz
                0x0000000008001008       0x58 ./Core/Src/gyro.o
                0x0000000008001008                gyro_read_xyz
 .text.raw_to_mdps
                0x0000000008001060       0x28 ./Core/Src/gyro.o
                0x0000000008001060                raw_to_mdps
 .text.__NVIC_EnableIRQ
                0x0000000008001088       0x3c ./Core/Src/i2c_slave.o
 .text.__NVIC_DisableIRQ
                0x00000000080010c4       0x48 ./Core/Src/i2c_slave.o
 .text.__NVIC_SetPriority
                0x000000000800110c       0x54 ./Core/Src/i2c_slave.o
 .text.crc8     0x0000000008001160       0x64 ./Core/Src/i2c_slave.o
 .text.put_le32
                0x00000000080011c4       0x46 ./Core/Src/i2c_slave.o
 *fill*         0x000000000800120a        0x2 
 .text.i2c1_gpio_init
                0x000000000800120c       0x7c ./Core/Src/i2c_slave.o
                0x000000000800120c                i2c1_gpio_init
 .text.i2c_slave_init
                0x0000000008001288       0xb0 ./Core/Src/i2c_slave.o
                0x0000000008001288                i2c_slave_init
 .text.i2c_slave_publish
                0x0000000008001338       0x8c ./Core/Src/i2c_slave.o
                0x0000000008001338                i2c_slave_publish
 .text.i2c_take_snapshot
                0x00000000080013c4       0x2c ./Core/Src/i2c_slave.o
 .text.i2c_handle_command
                0x00000000080013f0       0x24 ./Core/Src/i2c_slave.o
 .text.I2C1_EV_IRQHandler
                0x0000000008001414      0x100 ./Core/Src/i2c_slave.o
                0x0000000008001414                I2C1_EV_IRQHandler
 .text.I2C1_ER_IRQHandler
                0x0000000008001514       0x7c ./Core/Src/i2c_slave.o
                0x0000000008001514                I2C1_ER_IRQHandler
 .text.i2c_slave_get_packet
                0x0000000008001590       0x28 ./Core/Src/i2c_slave.o
                0x0000000008001590                i2c_slave_get_packet
 .text.hex_line
                0x00000000080015b8       0xa4 ./Core/Src/i2c_slave.o
 .text.dump_packet_hex
                0x000000000800165c       0x40 ./Core/Src/i2c_slave.o
                0x000000000800165c                dump_packet_hex
 .text.main     0x000000000800169c      0x10c ./Core/Src/main.o
                0x000000000800169c                main
 .text.NMI_Handler
                0x00000000080017a8        0x6 ./Core/Src/stm32f3xx_it.o
                0x00000000080017a8                NMI_Handler
 .text.HardFault_Handler
                0x00000000080017ae        0x6 ./Core/Src/stm32f3xx_it.o
                0x00000000080017ae                HardFault_Handler
 .text.MemManage_Handler
                0x00000000080017b4        0x6 ./Core/Src/stm32f3xx_it.o
                0x00000000080017b4                MemManage_Handler
 .text.BusFault_Handler
                0x00000000080017ba        0x6 ./Core/Src/stm32f3xx_it.o
                0x00000000080017ba                BusFault_Handler
 .text.UsageFault_Handler
                0x00000000080017c0        0x6 ./Core/Src/stm32f3xx_it.o
                0x00000000080017c0                UsageFault_Handler
 .text.SVC_Handler
                0x00000000080017c6        0xe ./Core/Src/stm32f3xx_it.o
                0x00000000080017c6                SVC_Handler
 .text.DebugMon_Handler
                0x00000000080017d4        0xe ./Core/Src/stm32f3xx_it.o
                0x00000000080017d4                DebugMon_Handler
 .text.PendSV_Handler
                0x00000000080017e2        0xe ./Core/Src/stm32f3xx_it.o
                0x00000000080017e2                PendSV_Handler
 .text.SysTick_Handler
                0x00000000080017f0        0xc ./Core/Src/stm32f3xx_it.o
                0x00000000080017f0                SysTick_Handler
 .text.SystemInit
                0x00000000080017fc       0x24 ./Core/Src/system_stm32f3xx.o
                0x00000000080017fc                SystemInit
 .text.SystemCoreClockUpdate
                0x0000000008001820       0xe0 ./Core/Src/system_stm32f3xx.o
                0x0000000008001820                SystemCoreClockUpdate
 .text.Reset_Handler
                0x0000000008001900       0x50 ./Core/Startup/startup_stm32f303vctx.o
                0x0000000008001900                Reset_Handler
 .text.Default_Handler
                0x0000000008001950        0x2 ./Core/Startup/startup_stm32f303vctx.o
                0x0000000008001950                RTC_Alarm_IRQHandler
                0x0000000008001950                TIM8_TRG_COM_IRQHandler
                0x0000000008001950                TIM8_CC_IRQHandler
                0x0000000008001950                TIM1_CC_IRQHandler
                0x0000000008001950                USB_HP_IRQHandler
                0x0000000008001950                PVD_IRQHandler
                0x0000000008001950                TAMP_STAMP_IRQHandler
                0x0000000008001950                EXTI3_IRQHandler
                0x0000000008001950                USB_HP_CAN_TX_IRQHandler
                0x0000000008001950                EXTI0_IRQHandler
                0x0000000008001950                I2C2_EV_IRQHandler
                0x0000000008001950                FPU_IRQHandler
                0x0000000008001950                TIM1_UP_TIM16_IRQHandler
                0x0000000008001950                ADC1_2_IRQHandler
                0x0000000008001950                SPI1_IRQHandler
                0x0000000008001950                CAN_SCE_IRQHandler
                0x0000000008001950                TIM6_DAC_IRQHandler
                0x0000000008001950                TIM8_UP_IRQHandler
                0x0000000008001950                DMA2_Channel2_IRQHandler
                0x0000000008001950                DMA1_Channel4_IRQHandler
                0x0000000008001950                USART3_IRQHandler
                0x0000000008001950                DMA1_Channel7_IRQHandler
                0x0000000008001950                UART5_IRQHandler
                0x0000000008001950                ADC3_IRQHandler
                0x0000000008001950                TIM4_IRQHandler
                0x0000000008001950                CAN_RX1_IRQHandler
                0x0000000008001950                DMA2_Channel1_IRQHandler
                0x0000000008001950                DMA1_Channel6_IRQHandler
                0x0000000008001950                DMA2_Channel4_IRQHandler
                0x0000000008001950                TIM3_IRQHandler
                0x0000000008001950                RCC_IRQHandler
                0x0000000008001950                DMA1_Channel1_IRQHandler
                0x0000000008001950                Default_Handler
                0x0000000008001950                USBWakeUp_RMP_IRQHandler
                0x0000000008001950                EXTI15_10_IRQHandler
                0x0000000008001950                TIM7_IRQHandler
                0x0000000008001950                EXTI9_5_IRQHandler
                0x0000000008001950                RTC_WKUP_IRQHandler
                0x0000000008001950                SPI2_IRQHandler
                0x0000000008001950                USB_LP_CAN_RX0_IRQHandler
                0x0000000008001950                DMA2_Channel5_IRQHandler
                0x0000000008001950                DMA1_Channel5_IRQHandler
                0x0000000008001950                USB_LP_IRQHandler
                0x0000000008001950                EXTI4_IRQHandler
                0x0000000008001950                TIM1_TRG_COM_TIM17_IRQHandler
                0x0000000008001950                DMA1_Channel3_IRQHandler
                0x0000000008001950                ADC4_IRQHandler
                0x0000000008001950                WWDG_IRQHandler
                0x0000000008001950                TIM2_IRQHandler
                0x0000000008001950                COMP7_IRQHandler
                0x0000000008001950                COMP1_2_3_IRQHandler
                0x0000000008001950                EXTI1_IRQHandler
                0x0000000008001950                USART2_IRQHandler
                0x0000000008001950                COMP4_5_6_IRQHandler
                0x0000000008001950                I2C2_ER_IRQHandler
                0x0000000008001950                DMA1_Channel2_IRQHandler
                0x0000000008001950                TIM8_BRK_IRQHandler
                0x0000000008001950                FLASH_IRQHandler
                0x0000000008001950                SPI3_IRQHandler
                0x0000000008001950                USBWakeUp_IRQHandler
                0x0000000008001950                DMA2_Channel3_IRQHandler
                0x0000000008001950                EXTI2_TSC_IRQHandler
                0x0000000008001950                TIM1_BRK_TIM15_IRQHandler
 *fill*         0x0000000008001952        0x2 
 .text.HAL_IncTick
                0x0000000008001954       0x28 ./Drivers/STM32F3xx_HAL_Driver/Src/stm32f3xx_hal.o
                0x0000000008001954                HAL_IncTick
 .text.__libc_init_array
                0x000000000800197c       0x48 c:/program files (x86)/stmicroelectronics/stm32cubeide_1.11/stm32cubeide/plugins/com.st.stm32cube.ide.mcu.externaltools.gnu-tools-for-stm32.10.3-2021.10.win32_1.0.100.202210260954/tools/bin/../lib/gcc/arm-none-eabi/10.3.1/../../../../arm-none-eabi/lib/thumb/v7e-m+fp/hard\libc_nano.a(lib_a-init.o)
                0x000000000800197c                __libc_init_array
 .text.memcpy   0x00000000080019c4       0x1c c:/program files (x86)/stmicroelectronics/stm32cubeide_1.11/stm32cubeide/plugins/com.st.stm32cube.ide.mcu.externaltools.gnu-tools-for-stm32.10.3-2021.10.win32_1.0.100.202210260954/tools/bin/../lib/gcc/arm-none-eabi/10.3.1/../../../../arm-none-eabi/lib/thumb/v7e-m+fp/hard\libc_nano.a(lib_a-memcpy-stub.o)
                0x00000000080019c4                memcpy
 .text.strcat   0x00000000080019e0       0x1e c:/program files (x86)/stmicroelectronics/stm32cubeide_1.11/stm32cubeide/plugins/com.st.stm32cube.ide.mcu.externaltools.gnu-tools-for-stm32.10.3-2021.10.win32_1.0.100.202210260954/tools/bin/../lib/gcc/arm-none-eabi/10.3.1/../../../../arm-none-eabi/lib/thumb/v7e-m+fp/hard\libc_nano.a(lib_a-strcat.o)
                0x00000000080019e0                strcat
 *(.glue_7)
 .glue_7        0x00000000080019fe        0x0 linker stubs
 *(.glue_7t)
 .glue_7t       0x00000000080019fe        0x0 linker stubs
 *(.eh_frame)
 *fill*         0x00000000080019fe        0x2 
 .eh_frame      0x0000000008001a00        0x0 c:/program files (x86)/stmicroelectronics/stm32cubeide_1.11/stm32cubeide/plugins/com.st.stm32cube.ide.mcu.externaltools.gnu-tools-for-stm32.10.3-2021.10.win32_1.0.100.202210260954/tools/bin/../lib/gcc/arm-none-eabi/10.3.1/thumb/v7e-m+fp/hard/crtbegin.o
 *(.init)
 .init          0x0000000008001a00        0x4 c:/program files (x86)/stmicroelectronics/stm32cubeide_1.11/stm32cubeide/plugins/com.st.stm32cube.ide.mcu.externaltools.gnu-tools-for-stm32.10.3-2021.10.win32_1.0.100.202210260954/tools/bin/../lib/gcc/arm-none-eabi/10.3.1/thumb/v7e-m+fp/hard/crti.o
                0x0000000008001a00                _init
 .init          0x0000000008001a04        0x8 c:/program files (x86)/stmicroelectronics/stm32cubeide_1.11/stm32cubeide/plugins/com.st.stm32cube.ide.mcu.externaltools.gnu-tools-for-stm32.10.3-2021.10.win32_1.0.100.202210260954/tools/bin/../lib/gcc/arm-none-eabi/10.3.1/thumb/v7e-m+fp/hard/crtn.o
 *(.fini)
 .fini          0x0000000008001a0c        0x4 c:/program files (x86)/stmicroelectronics/stm32cubeide_1.11/stm32cubeide/plugins/com.st.stm32cube.ide.mcu.externaltools.gnu-tools-for-stm32.10.3-2021.10.win32_1.0.100.202210260954/tools/bin/../lib/gcc/arm-none-eabi/10.3.1/thumb/v7e-m+fp/hard/crti.o
                0x0000000008001a0c                _fini
 .fini          0x0000000008001a10        0x8 c:/program files (x86)/stmicroelectronics/stm32cubeide_1.11/stm32cubeide/plugins/com.st.stm32cube.ide.mcu.externaltools.gnu-tools-for-stm32.10.3-2021.10.win32_1.0.100.202210260954/tools/bin/../lib/gcc/arm-none-eabi/10.3.1/thumb/v7e-m+fp/hard/crtn.o
                0x0000000008001a18                . = ALIGN (0x4)
                0x0000000008001a18                _etext = .

.vfp11_veneer   0x0000000008001a18        0x0
 .vfp11_veneer  0x0000000008001a18        0x0 linker stubs

.v4_bx          0x0000000008001a18        0x0
 .v4_bx         0x0000000008001a18        0x0 linker stubs

.iplt           0x0000000008001a18        0x0
 .iplt          0x0000000008001a18        0x0 c:/program files (x86)/stmicroelectronics/stm32cubeide_1.11/stm32cubeide/plugins/com.st.stm32cube.ide.mcu.externaltools.gnu-tools-for-stm32.10.3-2021.10.win32_1.0.100.202210260954/tools/bin/../lib/gcc/arm-none-eabi/10.3.1/thumb/v7e-m+fp/hard/crtbegin.o

.rodata         0x0000000008001a18       0x34
                0x0000000008001a18                . = ALIGN (0x4)
 *(.rodata)
 .rodata        0x0000000008001a18        0x2 ./Core/Inc/uart4.o
 *fill*         0x0000000008001a1a        0x2 
 .rodata        0x0000000008001a1c        0xb ./Core/Inc/usart1.o
 *(.rodata*)
 *fill*         0x0000000008001a27        0x1 
 .rodata.HEX    0x0000000008001a28       0x11 ./Core/Src/i2c_slave.o
 *fill*         0x0000000008001a39        0x3 
 .rodata.AHBPrescTable
                0x0000000008001a3c       0x10 ./Core/Src/system_stm32f3xx.o
                0x0000000008001a3c                AHBPrescTable
                0x0000000008001a4c                . = ALIGN (0x4)

.rel.dyn        0x0000000008001a4c        0x0
 .rel.iplt      0x0000000008001a4c        0x0 c:/program files (x86)/stmicroelectronics/stm32cubeide_1.11/stm32cubeide/plugins/com.st.stm32cube.ide.mcu.externaltools.gnu-tools-for-stm32.10.3-2021.10.win32_1.0.100.202210260954/tools/bin/../lib/gcc/arm-none-eabi/10.3.1/thumb/v7e-m+fp/hard/crtbegin.o

.ARM.extab      0x0000000008001a4c        0x0
                0x0000000008001a4c                . = ALIGN (0x4)
 *(.ARM.extab* .gnu.linkonce.armextab.*)
                0x0000000008001a4c                . = ALIGN (0x4)

.ARM            0x0000000008001a4c        0x0
                0x0000000008001a4c                . = ALIGN (0x4)
                0x0000000008001a4c                __exidx_start = .
 *(.ARM.exidx*)
                0x0000000008001a4c                __exidx_end = .
                0x0000000008001a4c                . = ALIGN (0x4)

.preinit_array  0x0000000008001a4c        0x0
                0x0000000008001a4c                . = ALIGN (0x4)
                0x0000000008001a4c                PROVIDE (__preinit_array_start = .)
 *(.preinit_array*)
                0x0000000008001a4c                PROVIDE (__preinit_array_end = .)
                0x0000000008001a4c                . = ALIGN (0x4)

.init_array     0x0000000008001a4c        0x4
                0x0000000008001a4c                . = ALIGN (0x4)
                0x0000000008001a4c                PROVIDE (__init_array_start = .)
 *(SORT_BY_NAME(.init_array.*))
 *(.init_array*)
 .init_array    0x0000000008001a4c        0x4 c:/program files (x86)/stmicroelectronics/stm32cubeide_1.11/stm32cubeide/plugins/com.st.stm32cube.ide.mcu.externaltools.gnu-tools-for-stm32.10.3-2021.10.win32_1.0.100.202210260954/tools/bin/../lib/gcc/arm-none-eabi/10.3.1/thumb/v7e-m+fp/hard/crtbegin.o
                0x0000000008001a50                PROVIDE (__init_array_end = .)
                0x0000000008001a50                . = ALIGN (0x4)

.fini_array     0x0000000008001a50        0x4
                0x0000000008001a50                . = ALIGN (0x4)
                [!provide]                        PROVIDE (__fini_array_start = .)
 *(SORT_BY_NAME(.fini_array.*))
 *(.fini_array*)
 .fini_array    0x0000000008001a50        0x4 c:/program files (x86)/stmicroelectronics/stm32cubeide_1.11/stm32cubeide/plugins/com.st.stm32cube.ide.mcu.externaltools.gnu-tools-for-stm32.10.3-2021.10.win32_1.0.100.202210260954/tools/bin/../lib/gcc/arm-none-eabi/10.3.1/thumb/v7e-m+fp/hard/crtbegin.o
                [!provide]                        PROVIDE (__fini_array_end = .)
                0x0000000008001a54                . = ALIGN (0x4)
                0x0000000008001a54                _sidata = LOADADDR (.data)

.data           0x0000000020000000       0x8c load address 0x0000000008001a54
                0x0000000020000000                . = ALIGN (0x4)
                0x0000000020000000                _sdata = .
 *(.data)
 *(.data*)
 .data.c_in_uart4
                0x0000000020000000        0x1 ./Core/Src/main.o
                0x0000000020000000                c_in_uart4
 .data.c_in_uart1
                0x0000000020000001        0x1 ./Core/Src/main.o
                0x0000000020000001                c_in_uart1
 *fill*         0x0000000020000002        0x2 
 .data.string_to_be_transmitted
                0x0000000020000004       0x40 ./Core/Src/main.o
                0x0000000020000004                string_to_be_transmitted
 .data.string_to_be_transmitted_uart4
                0x0000000020000044       0x40 ./Core/Src/main.o
                0x0000000020000044                string_to_be_transmitted_uart4
 .data.SystemCoreClock
                0x0000000020000084        0x4 ./Core/Src/system_stm32f3xx.o
                0x0000000020000084                SystemCoreClock
 .data.uwTickFreq
                0x0000000020000088        0x1 ./Drivers/STM32F3xx_HAL_Driver/Src/stm32f3xx_hal.o
                0x0000000020000088                uwTickFreq
 *(.RamFunc)
 *(.RamFunc*)
                0x000000002000008c                . = ALIGN (0x4)
 *fill*         0x0000000020000089        0x3 
                0x000000002000008c                _edata = .
                0x0000000008001ae0                _siccmram = LOADADDR (.ccmram)

.igot.plt       0x000000002000008c        0x0 load address 0x0000000008001ae0
 .igot.plt      0x000000002000008c        0x0 c:/program files (x86)/stmicroelectronics/stm32cubeide_1.11/stm32cubeide/plugins/com.st.stm32cube.ide.mcu.externaltools.gnu-tools-for-stm32.10.3-2021.10.win32_1.0.100.202210260954/tools/bin/../lib/gcc/arm-none-eabi/10.3.1/thumb/v7e-m+fp/hard/crtbegin.o

.ccmram         0x0000000010000000        0x0 load address 0x0000000008001ae0
                0x0000000010000000                . = ALIGN (0x4)
                0x0000000010000000                _sccmram = .
 *(.ccmram)
 *(.ccmram*)
                0x0000000010000000                . = ALIGN (0x4)
                0x0000000010000000                _eccmram = .
                0x0000000010000000                . = ALIGN (0x4)

.bss            0x000000002000008c      0x1e4
                0x000000002000008c                _sbss = .
                0x000000002000008c                __bss_start__ = _sbss
 *(.bss)
 .bss           0x000000002000008c       0x1c c:/program files (x86)/stmicroelectronics/stm32cubeide_1.11/stm32cubeide/plugins/com.st.stm32cube.ide.mcu.externaltools.gnu-tools-for-stm32.10.3-2021.10.win32_1.0.100.202210260954/tools/bin/../lib/gcc/arm-none-eabi/10.3.1/thumb/v7e-m+fp/hard/crtbegin.o
 *(.bss*)
 .bss.tx_buf    0x00000000200000a8       0x40 ./Core/Inc/uart4.o
 .bss.len_uart4
                0x00000000200000e8        0x1 ./Core/Inc/uart4.o
                0x00000000200000e8                len_uart4
 *fill*         0x00000000200000e9        0x3 
 .bss.tx_buf    0x00000000200000ec       0x40 ./Core/Inc/usart1.o
 .bss.len       0x000000002000012c        0x1 ./Core/Inc/usart1.o
                0x000000002000012c                len
 *fill*         0x000000002000012d        0x3 
 .bss.g_staging
                0x0000000020000130       0x10 ./Core/Src/i2c_slave.o
 .bss.g_tx_buf  0x0000000020000140       0x10 ./Core/Src/i2c_slave.o
 .bss.g_tx_idx  0x0000000020000150        0x1 ./Core/Src/i2c_slave.o
 *fill*         0x0000000020000151        0x3 
 .bss.g_rx_buf  0x0000000020000154       0x10 ./Core/Src/i2c_slave.o
 .bss.g_rx_idx  0x0000000020000164        0x1 ./Core/Src/i2c_slave.o
 .bss.g_seq     0x0000000020000165        0x1 ./Core/Src/i2c_slave.o
 *fill*         0x0000000020000166        0x2 
 .bss.g_i2c_berr
                0x0000000020000168        0x4 ./Core/Src/i2c_slave.o
                0x0000000020000168                g_i2c_berr
 .bss.g_i2c_arlo
                0x000000002000016c        0x4 ./Core/Src/i2c_slave.o
                0x000000002000016c                g_i2c_arlo
 .bss.g_i2c_ovr
                0x0000000020000170        0x4 ./Core/Src/i2c_slave.o
                0x0000000020000170                g_i2c_ovr
 .bss.g_dump_line
                0x0000000020000174       0x40 ./Core/Src/i2c_slave.o
 .bss.g_dump_pkt
                0x00000000200001b4       0x10 ./Core/Src/i2c_slave.o
 .bss.pc_received_string
                0x00000000200001c4       0x40 ./Core/Src/main.o
                0x00000000200001c4                pc_received_string
 .bss.received_string_uart4
                0x0000000020000204       0x40 ./Core/Src/main.o
                0x0000000020000204                received_string_uart4
 .bss.dump_div  0x0000000020000244        0x4 ./Core/Src/main.o
 .bss.id        0x0000000020000248        0x1 ./Core/Src/main.o
 .bss.g_cal_ok  0x0000000020000249        0x1 ./Core/Src/main.o
                0x0000000020000249                g_cal_ok
 *fill*         0x000000002000024a        0x2 
 .bss.g_bias_mdps_x
                0x000000002000024c        0x4 ./Core/Src/main.o
                0x000000002000024c                g_bias_mdps_x
 .bss.g_bias_mdps_y
                0x0000000020000250        0x4 ./Core/Src/main.o
                0x0000000020000250                g_bias_mdps_y
 .bss.g_bias_mdps_z
                0x0000000020000254        0x4 ./Core/Src/main.o
                0x0000000020000254                g_bias_mdps_z
 .bss.g_mdps_x  0x0000000020000258        0x4 ./Core/Src/main.o
                0x0000000020000258                g_mdps_x
 .bss.g_mdps_y  0x000000002000025c        0x4 ./Core/Src/main.o
                0x000000002000025c                g_mdps_y
 .bss.g_mdps_z  0x0000000020000260        0x4 ./Core/Src/main.o
                0x0000000020000260                g_mdps_z
 .bss.g_bias    0x0000000020000264        0x8 ./Core/Src/main.o
                0x0000000020000264                g_bias
 .bss.uwTick    0x000000002000026c        0x4 ./Drivers/STM32F3xx_HAL_Driver/Src/stm32f3xx_hal.o
                0x000000002000026c                uwTick
 *(COMMON)
                0x0000000020000270                . = ALIGN (0x4)
                0x0000000020000270                _ebss = .
                0x0000000020000270                __bss_end__ = _ebss

._user_heap_stack
                0x0000000020000270      0x600
                0x0000000020000270                . = ALIGN (0x8)
                [!provide]                        PROVIDE (end = .)
                0x0000000020000270                PROVIDE (_end = .)
                0x0000000020000470                . = (. + _Min_Heap_Size)
 *fill*         0x0000000020000270      0x200 
                0x0000000020000870                . = (. + _Min_Stack_Size)
 *fill*         0x0000000020000470      0x400 
                0x0000000020000870                . = ALIGN (0x8)

/DISCARD/
 libc.a(*)
 libm.a(*)
 libgcc.a(*)

.ARM.attributes
                0x0000000000000000       0x30
 *(.ARM.attributes)
 .ARM.attributes
                0x0000000000000000       0x1e c:/program files (x86)/stmicroelectronics/stm32cubeide_1.11/stm32cubeide/plugins/com.st.stm32cube.ide.mcu.externaltools.gnu-tools-for-stm32.10.3-2021.10.win32_1.0.100.202210260954/tools/bin/../lib/gcc/arm-none-eabi/10.3.1/thumb/v7e-m+fp/hard/crti.o
 .ARM.attributes
                0x000000000000001e       0x34 c:/program files (x86)/stmicroelectronics/stm32cubeide_1.11/stm32cubeide/plugins/com.st.stm32cube.ide.mcu.externaltools.gnu-tools-for-stm32.10.3-2021.10.win32_1.0.100.202210260954/tools/bin/../lib/gcc/arm-none-eabi/10.3.1/thumb/v7e-m+fp/hard/crtbegin.o
 .ARM.attributes
                0x0000000000000052       0x34 ./Core/Inc/sys_clock.o
 .ARM.attributes
                0x0000000000000086       0x34 ./Core/Inc/uart4.o
 .ARM.attributes
                0x00000000000000ba       0x34 ./Core/Inc/usart1.o
 .ARM.attributes
                0x00000000000000ee       0x34 ./Core/Src/gyro.o
 .ARM.attributes
                0x0000000000000122       0x34 ./Core/Src/i2c_slave.o
 .ARM.attributes
                0x0000000000000156       0x34 ./Core/Src/main.o
 .ARM.attributes
                0x000000000000018a       0x34 ./Core/Src/stm32f3xx_it.o
 .ARM.attributes
                0x00000000000001be       0x34 ./Core/Src/system_stm32f3xx.o
 .ARM.attributes
                0x00000000000001f2       0x21 ./Core/Startup/startup_stm32f303vctx.o
 .ARM.attributes
                0x0000000000000213       0x34 ./Drivers/STM32F3xx_HAL_Driver/Src/stm32f3xx_hal.o
 .ARM.attributes
                0x0000000000000247       0x34 c:/program files (x86)/stmicroelectronics/stm32cubeide_1.11/stm32cubeide/plugins/com.st.stm32cube.ide.mcu.externaltools.gnu-tools-for-stm32.10.3-2021.10.win32_1.0.100.202210260954/tools/bin/../lib/gcc/arm-none-eabi/10.3.1/../../../../arm-none-eabi/lib/thumb/v7e-m+fp/hard\libc_nano.a(lib_a-init.o)
 .ARM.attributes
                0x000000000000027b       0x34 c:/program files (x86)/stmicroelectronics/stm32cubeide_1.11/stm32cubeide/plugins/com.st.stm32cube.ide.mcu.externaltools.gnu-tools-for-stm32.10.3-2021.10.win32_1.0.100.202210260954/tools/bin/../lib/gcc/arm-none-eabi/10.3.1/../../../../arm-none-eabi/lib/thumb/v7e-m+fp/hard\libc_nano.a(lib_a-memcpy-stub.o)
 .ARM.attributes
                0x00000000000002af       0x34 c:/program files (x86)/stmicroelectronics/stm32cubeide_1.11/stm32cubeide/plugins/com.st.stm32cube.ide.mcu.externaltools.gnu-tools-for-stm32.10.3-2021.10.win32_1.0.100.202210260954/tools/bin/../lib/gcc/arm-none-eabi/10.3.1/../../../../arm-none-eabi/lib/thumb/v7e-m+fp/hard\libc_nano.a(lib_a-strcat.o)
 .ARM.attributes
                0x00000000000002e3       0x17 c:/program files (x86)/stmicroelectronics/stm32cubeide_1.11/stm32cubeide/plugins/com.st.stm32cube.ide.mcu.externaltools.gnu-tools-for-stm32.10.3-2021.10.win32_1.0.100.202210260954/tools/bin/../lib/gcc/arm-none-eabi/10.3.1/../../../../arm-none-eabi/lib/thumb/v7e-m+fp/hard\libc_nano.a(lib_a-strlen.o)
 .ARM.attributes
                0x00000000000002fa       0x1e c:/program files (x86)/stmicroelectronics/stm32cubeide_1.11/stm32cubeide/plugins/com.st.stm32cube.ide.mcu.externaltools.gnu-tools-for-stm32.10.3-2021.10.win32_1.0.100.202210260954/tools/bin/../lib/gcc/arm-none-eabi/10.3.1/thumb/v7e-m+fp/hard/crtn.o
OUTPUT(internship_vlad.elf elf32-littlearm)
LOAD linker stubs
LOAD c:/program files (x86)/stmicroelectronics/stm32cubeide_1.11/stm32cubeide/plugins/com.st.stm32cube.ide.mcu.externaltools.gnu-tools-for-stm32.10.3-2021.10.win32_1.0.100.202210260954/tools/bin/../lib/gcc/arm-none-eabi/10.3.1/../../../../arm-none-eabi/lib/thumb/v7e-m+fp/hard\libc.a
LOAD c:/program files (x86)/stmicroelectronics/stm32cubeide_1.11/stm32cubeide/plugins/com.st.stm32cube.ide.mcu.externaltools.gnu-tools-for-stm32.10.3-2021.10.win32_1.0.100.202210260954/tools/bin/../lib/gcc/arm-none-eabi/10.3.1/../../../../arm-none-eabi/lib/thumb/v7e-m+fp/hard\libm.a
LOAD c:/program files (x86)/stmicroelectronics/stm32cubeide_1.11/stm32cubeide/plugins/com.st.stm32cube.ide.mcu.externaltools.gnu-tools-for-stm32.10.3-2021.10.win32_1.0.100.202210260954/tools/bin/../lib/gcc/arm-none-eabi/10.3.1/thumb/v7e-m+fp/hard\libgcc.a

.debug_info     0x0000000000000000     0x3a99
 .debug_info    0x0000000000000000      0x20e ./Core/Inc/sys_clock.o
 .debug_info    0x000000000000020e      0x8f0 ./Core/Inc/uart4.o
 .debug_info    0x0000000000000afe      0xaf9 ./Core/Inc/usart1.o
 .debug_info    0x00000000000015f7      0x758 ./Core/Src/gyro.o
 .debug_info    0x0000000000001d4f      0xc93 ./Core/Src/i2c_slave.o
 .debug_info    0x00000000000029e2      0x356 ./Core/Src/main.o
 .debug_info    0x0000000000002d38      0x122 ./Core/Src/stm32f3xx_it.o
 .debug_info    0x0000000000002e5a      0x416 ./Core/Src/system_stm32f3xx.o
 .debug_info    0x0000000000003270       0x22 ./Core/Startup/startup_stm32f303vctx.o
 .debug_info    0x0000000000003292      0x807 ./Drivers/STM32F3xx_HAL_Driver/Src/stm32f3xx_hal.o

.debug_abbrev   0x0000000000000000      0xef9
 .debug_abbrev  0x0000000000000000       0xb0 ./Core/Inc/sys_clock.o
 .debug_abbrev  0x00000000000000b0      0x25f ./Core/Inc/uart4.o
 .debug_abbrev  0x000000000000030f      0x279 ./Core/Inc/usart1.o
 .debug_abbrev  0x0000000000000588      0x1e7 ./Core/Src/gyro.o
 .debug_abbrev  0x000000000000076f      0x2a5 ./Core/Src/i2c_slave.o
 .debug_abbrev  0x0000000000000a14      0x13b ./Core/Src/main.o
 .debug_abbrev  0x0000000000000b4f       0x74 ./Core/Src/stm32f3xx_it.o
 .debug_abbrev  0x0000000000000bc3      0x116 ./Core/Src/system_stm32f3xx.o
 .debug_abbrev  0x0000000000000cd9       0x12 ./Core/Startup/startup_stm32f303vctx.o
 .debug_abbrev  0x0000000000000ceb      0x20e ./Drivers/STM32F3xx_HAL_Driver/Src/stm32f3xx_hal.o

.debug_aranges  0x0000000000000000      0x3c0
 .debug_aranges
                0x0000000000000000       0x20 ./Core/Inc/sys_clock.o
 .debug_aranges
                0x0000000000000020       0x68 ./Core/Inc/uart4.o
 .debug_aranges
                0x0000000000000088       0x70 ./Core/Inc/usart1.o
 .debug_aranges
                0x00000000000000f8       0x88 ./Core/Src/gyro.o
 .debug_aranges
                0x0000000000000180       0x90 ./Core/Src/i2c_slave.o
 .debug_aranges
                0x0000000000000210       0x20 ./Core/Src/main.o
 .debug_aranges
                0x0000000000000230       0x60 ./Core/Src/stm32f3xx_it.o
 .debug_aranges
                0x0000000000000290       0x28 ./Core/Src/system_stm32f3xx.o
 .debug_aranges
                0x00000000000002b8       0x28 ./Core/Startup/startup_stm32f303vctx.o
 .debug_aranges
                0x00000000000002e0       0xe0 ./Drivers/STM32F3xx_HAL_Driver/Src/stm32f3xx_hal.o

.debug_ranges   0x0000000000000000      0x328
 .debug_ranges  0x0000000000000000       0x10 ./Core/Inc/sys_clock.o
 .debug_ranges  0x0000000000000010       0x58 ./Core/Inc/uart4.o
 .debug_ranges  0x0000000000000068       0x60 ./Core/Inc/usart1.o
 .debug_ranges  0x00000000000000c8       0x78 ./Core/Src/gyro.o
 .debug_ranges  0x0000000000000140       0x80 ./Core/Src/i2c_slave.o
 .debug_ranges  0x00000000000001c0       0x10 ./Core/Src/main.o
 .debug_ranges  0x00000000000001d0       0x50 ./Core/Src/stm32f3xx_it.o
 .debug_ranges  0x0000000000000220       0x18 ./Core/Src/system_stm32f3xx.o
 .debug_ranges  0x0000000000000238       0x20 ./Core/Startup/startup_stm32f303vctx.o
 .debug_ranges  0x0000000000000258       0xd0 ./Drivers/STM32F3xx_HAL_Driver/Src/stm32f3xx_hal.o

.debug_macro    0x0000000000000000    0x1c51d
 .debug_macro   0x0000000000000000      0x1b9 ./Core/Inc/sys_clock.o
 .debug_macro   0x00000000000001b9      0xa78 ./Core/Inc/sys_clock.o
 .debug_macro   0x0000000000000c31       0x2e ./Core/Inc/sys_clock.o
 .debug_macro   0x0000000000000c5f       0x28 ./Core/Inc/sys_clock.o
 .debug_macro   0x0000000000000c87       0x22 ./Core/Inc/sys_clock.o
 .debug_macro   0x0000000000000ca9       0x8e ./Core/Inc/sys_clock.o
 .debug_macro   0x0000000000000d37       0x51 ./Core/Inc/sys_clock.o
 .debug_macro   0x0000000000000d88      0x103 ./Core/Inc/sys_clock.o
 .debug_macro   0x0000000000000e8b       0x6a ./Core/Inc/sys_clock.o
 .debug_macro   0x0000000000000ef5      0x1df ./Core/Inc/sys_clock.o
 .debug_macro   0x00000000000010d4       0x1c ./Core/Inc/sys_clock.o
 .debug_macro   0x00000000000010f0       0x22 ./Core/Inc/sys_clock.o
 .debug_macro   0x0000000000001112       0xd9 ./Core/Inc/sys_clock.o
 .debug_macro   0x00000000000011eb     0x102d ./Core/Inc/sys_clock.o
 .debug_macro   0x0000000000002218      0x11f ./Core/Inc/sys_clock.o
 .debug_macro   0x0000000000002337    0x12a3a ./Core/Inc/sys_clock.o
 .debug_macro   0x0000000000014d71       0x6d ./Core/Inc/sys_clock.o
 .debug_macro   0x0000000000014dde      0x14b ./Core/Inc/sys_clock.o
 .debug_macro   0x0000000000014f29     0x3574 ./Core/Inc/sys_clock.o
 .debug_macro   0x000000000001849d      0x174 ./Core/Inc/sys_clock.o
 .debug_macro   0x0000000000018611       0x55 ./Core/Inc/sys_clock.o
 .debug_macro   0x0000000000018666      0x961 ./Core/Inc/sys_clock.o
 .debug_macro   0x0000000000018fc7      0x5fe ./Core/Inc/sys_clock.o
 .debug_macro   0x00000000000195c5      0x1b5 ./Core/Inc/sys_clock.o
 .debug_macro   0x000000000001977a      0x1fb ./Core/Inc/sys_clock.o
 .debug_macro   0x0000000000019975      0x1dc ./Core/Inc/sys_clock.o
 .debug_macro   0x0000000000019b51      0x1bc ./Core/Inc/sys_clock.o
 .debug_macro   0x0000000000019d0d       0x30 ./Core/Inc/sys_clock.o
 .debug_macro   0x0000000000019d3d       0x3c ./Core/Inc/sys_clock.o
 .debug_macro   0x0000000000019d79      0x235 ./Core/Inc/sys_clock.o
 .debug_macro   0x0000000000019fae       0xc5 ./Core/Inc/sys_clock.o
 .debug_macro   0x000000000001a073      0x21d ./Core/Inc/sys_clock.o
 .debug_macro   0x000000000001a290      0x22c ./Core/Inc/sys_clock.o
 .debug_macro   0x000000000001a4bc       0x5b ./Core/Inc/sys_clock.o
 .debug_macro   0x000000000001a517       0xa5 ./Core/Inc/sys_clock.o
 .debug_macro   0x000000000001a5bc       0x81 ./Core/Inc/sys_clock.o
 .debug_macro   0x000000000001a63d       0xd3 ./Core/Inc/sys_clock.o
 .debug_macro   0x000000000001a710      0x275 ./Core/Inc/sys_clock.o
 .debug_macro   0x000000000001a985      0x2e2 ./Core/Inc/uart4.o
 .debug_macro   0x000000000001ac67       0x52 ./Core/Inc/uart4.o
 .debug_macro   0x000000000001acb9       0x1e ./Core/Inc/uart4.o
 .debug_macro   0x000000000001acd7       0x3c ./Core/Inc/uart4.o
 .debug_macro   0x000000000001ad13       0x34 ./Core/Inc/uart4.o
 .debug_macro   0x000000000001ad47       0x16 ./Core/Inc/uart4.o
 .debug_macro   0x000000000001ad5d       0x43 ./Core/Inc/uart4.o
 .debug_macro   0x000000000001ada0       0x34 ./Core/Inc/uart4.o
 .debug_macro   0x000000000001add4       0x10 ./Core/Inc/uart4.o
 .debug_macro   0x000000000001ade4       0x58 ./Core/Inc/uart4.o
 .debug_macro   0x000000000001ae3c       0x71 ./Core/Inc/uart4.o
 .debug_macro   0x000000000001aead       0x1c ./Core/Inc/uart4.o
 .debug_macro   0x000000000001aec9      0x12a ./Core/Inc/uart4.o
 .debug_macro   0x000000000001aff3      0x341 ./Core/Inc/uart4.o
 .debug_macro   0x000000000001b334       0x10 ./Core/Inc/uart4.o
 .debug_macro   0x000000000001b344       0x35 ./Core/Inc/uart4.o
 .debug_macro   0x000000000001b379       0x20 ./Core/Inc/uart4.o
 .debug_macro   0x000000000001b399       0x22 ./Core/Inc/uart4.o
 .debug_macro   0x000000000001b3bb      0x2e2 ./Core/Inc/usart1.o
 .debug_macro   0x000000000001b69d      0x1b8 ./Core/Src/gyro.o
 .debug_macro   0x000000000001b855       0x6a ./Core/Src/gyro.o
 .debug_macro   0x000000000001b8bf      0x29f ./Core/Src/i2c_slave.o
 .debug_macro   0x000000000001bb5e       0x22 ./Core/Src/i2c_slave.o
 .debug_macro   0x000000000001bb80      0x2c5 ./Core/Src/main.o
 .debug_macro   0x000000000001be45      0x166 ./Core/Src/main.o
 .debug_macro   0x000000000001bfab       0x28 ./Core/Src/main.o
 .debug_macro   0x000000000001bfd3      0x1c8 ./Core/Src/stm32f3xx_it.o
 .debug_macro   0x000000000001c19b      0x1af ./Core/Src/system_stm32f3xx.o
 .debug_macro   0x000000000001c34a      0x1d3 ./Drivers/STM32F3xx_HAL_Driver/Src/stm32f3xx_hal.o

.debug_line     0x0000000000000000     0x5d40
 .debug_line    0x0000000000000000      0x80c ./Core/Inc/sys_clock.o
 .debug_line    0x000000000000080c      0xb53 ./Core/Inc/uart4.o
 .debug_line    0x000000000000135f      0xb91 ./Core/Inc/usart1.o
 .debug_line    0x0000000000001ef0      0xba3 ./Core/Src/gyro.o
 .debug_line    0x0000000000002a93      0xd7a ./Core/Src/i2c_slave.o
 .debug_line    0x000000000000380d      0x9df ./Core/Src/main.o
 .debug_line    0x00000000000041ec      0x865 ./Core/Src/stm32f3xx_it.o
 .debug_line    0x0000000000004a51      0x819 ./Core/Src/system_stm32f3xx.o
 .debug_line    0x000000000000526a       0x88 ./Core/Startup/startup_stm32f303vctx.o
 .debug_line    0x00000000000052f2      0xa4e ./Drivers/STM32F3xx_HAL_Driver/Src/stm32f3xx_hal.o

.debug_str      0x0000000000000000    0xa7580
 .debug_str     0x0000000000000000    0xa2ee3 ./Core/Inc/sys_clock.o
                                      0xa3588 (size before relaxing)
 .debug_str     0x00000000000a2ee3     0x34a8 ./Core/Inc/uart4.o
                                      0xa6b14 (size before relaxing)
 .debug_str     0x00000000000a638b      0x1e8 ./Core/Inc/usart1.o
                                      0xa6b84 (size before relaxing)
 .debug_str     0x00000000000a6573      0x326 ./Core/Src/gyro.o
                                      0xa38b1 (size before relaxing)
 .debug_str     0x00000000000a6899      0x21a ./Core/Src/i2c_slave.o
                                      0xa6b75 (size before relaxing)
 .debug_str     0x00000000000a6ab3      0x599 ./Core/Src/main.o
                                      0xa6cb7 (size before relaxing)
 .debug_str     0x00000000000a704c       0xc9 ./Core/Src/stm32f3xx_it.o
                                      0xa3aa8 (size before relaxing)
 .debug_str     0x00000000000a7115       0x65 ./Core/Src/system_stm32f3xx.o
                                      0xa360f (size before relaxing)
 .debug_str     0x00000000000a717a       0x36 ./Core/Startup/startup_stm32f303vctx.o
                                         0x7b (size before relaxing)
 .debug_str     0x00000000000a71b0      0x3d0 ./Drivers/STM32F3xx_HAL_Driver/Src/stm32f3xx_hal.o
                                      0xa3e4d (size before relaxing)

.comment        0x0000000000000000       0x50
 .comment       0x0000000000000000       0x50 ./Core/Inc/sys_clock.o
                                         0x51 (size before relaxing)
 .comment       0x0000000000000050       0x51 ./Core/Inc/uart4.o
 .comment       0x0000000000000050       0x51 ./Core/Inc/usart1.o
 .comment       0x0000000000000050       0x51 ./Core/Src/gyro.o
 .comment       0x0000000000000050       0x51 ./Core/Src/i2c_slave.o
 .comment       0x0000000000000050       0x51 ./Core/Src/main.o
 .comment       0x0000000000000050       0x51 ./Core/Src/stm32f3xx_it.o
 .comment       0x0000000000000050       0x51 ./Core/Src/system_stm32f3xx.o
 .comment       0x0000000000000050       0x51 ./Drivers/STM32F3xx_HAL_Driver/Src/stm32f3xx_hal.o

.debug_frame    0x0000000000000000      0xc88
 .debug_frame   0x0000000000000000       0x2c ./Core/Inc/sys_clock.o
 .debug_frame   0x000000000000002c      0x164 ./Core/Inc/uart4.o
 .debug_frame   0x0000000000000190      0x18c ./Core/Inc/usart1.o
 .debug_frame   0x000000000000031c      0x1fc ./Core/Src/gyro.o
 .debug_frame   0x0000000000000518      0x238 ./Core/Src/i2c_slave.o
 .debug_frame   0x0000000000000750       0x2c ./Core/Src/main.o
 .debug_frame   0x000000000000077c      0x104 ./Core/Src/stm32f3xx_it.o
 .debug_frame   0x0000000000000880       0x58 ./Core/Src/system_stm32f3xx.o
 .debug_frame   0x00000000000008d8      0x334 ./Drivers/STM32F3xx_HAL_Driver/Src/stm32f3xx_hal.o
 .debug_frame   0x0000000000000c0c       0x2c c:/program files (x86)/stmicroelectronics/stm32cubeide_1.11/stm32cubeide/plugins/com.st.stm32cube.ide.mcu.externaltools.gnu-tools-for-stm32.10.3-2021.10.win32_1.0.100.202210260954/tools/bin/../lib/gcc/arm-none-eabi/10.3.1/../../../../arm-none-eabi/lib/thumb/v7e-m+fp/hard\libc_nano.a(lib_a-init.o)
 .debug_frame   0x0000000000000c38       0x28 c:/program files (x86)/stmicroelectronics/stm32cubeide_1.11/stm32cubeide/plugins/com.st.stm32cube.ide.mcu.externaltools.gnu-tools-for-stm32.10.3-2021.10.win32_1.0.100.202210260954/tools/bin/../lib/gcc/arm-none-eabi/10.3.1/../../../../arm-none-eabi/lib/thumb/v7e-m+fp/hard\libc_nano.a(lib_a-memcpy-stub.o)
 .debug_frame   0x0000000000000c60       0x28 c:/program files (x86)/stmicroelectronics/stm32cubeide_1.11/stm32cubeide/plugins/com.st.stm32cube.ide.mcu.externaltools.gnu-tools-for-stm32.10.3-2021.10.win32_1.0.100.202210260954/tools/bin/../lib/gcc/arm-none-eabi/10.3.1/../../../../arm-none-eabi/lib/thumb/v7e-m+fp/hard\libc_nano.a(lib_a-strcat.o)
