Archive member included to satisfy reference by file (symbol)

c:/program files (x86)/stmicroelectronics/stm32cubeide_1.11/stm32cubeide/plugins/com.st.stm32cube.ide.mcu.externaltools.gnu-tools-for-stm32.10.3-2021.10.win32_1.0.100.202210260954/tools/bin/../lib/gcc/arm-none-eabi/10.3.1/../../../../arm-none-eabi/lib/thumb/v7e-m+fp/hard\libc_nano.a(lib_a-errno.o)
                              ./Core/Src/syscalls.o (__errno)
c:/program files (x86)/stmicroelectronics/stm32cubeide_1.11/stm32cubeide/plugins/com.st.stm32cube.ide.mcu.externaltools.gnu-tools-for-stm32.10.3-2021.10.win32_1.0.100.202210260954/tools/bin/../lib/gcc/arm-none-eabi/10.3.1/../../../../arm-none-eabi/lib/thumb/v7e-m+fp/hard\libc_nano.a(lib_a-exit.o)
                              c:/program files (x86)/stmicroelectronics/stm32cubeide_1.11/stm32cubeide/plugins/com.st.stm32cube.ide.mcu.externaltools.gnu-tools-for-stm32.10.3-2021.10.win32_1.0.100.202210260954/tools/bin/../lib/gcc/arm-none-eabi/10.3.1/../../../../arm-none-eabi/lib/thumb/v7e-m+fp/hard/crt0.o (exit)
c:/program files (x86)/stmicroelectronics/stm32cubeide_1.11/stm32cubeide/plugins/com.st.stm32cube.ide.mcu.externaltools.gnu-tools-for-stm32.10.3-2021.10.win32_1.0.100.202210260954/tools/bin/../lib/gcc/arm-none-eabi/10.3.1/../../../../arm-none-eabi/lib/thumb/v7e-m+fp/hard\libc_nano.a(lib_a-impure.o)
                              c:/program files (x86)/stmicroelectronics/stm32cubeide_1.11/stm32cubeide/plugins/com.st.stm32cube.ide.mcu.externaltools.gnu-tools-for-stm32.10.3-2021.10.win32_1.0.100.202210260954/tools/bin/../lib/gcc/arm-none-eabi/10.3.1/../../../../arm-none-eabi/lib/thumb/v7e-m+fp/hard\libc_nano.a(lib_a-exit.o) (_global_impure_ptr)
c:/program files (x86)/stmicroelectronics/stm32cubeide_1.11/stm32cubeide/plugins/com.st.stm32cube.ide.mcu.externaltools.gnu-tools-for-stm32.10.3-2021.10.win32_1.0.100.202210260954/tools/bin/../lib/gcc/arm-none-eabi/10.3.1/../../../../arm-none-eabi/lib/thumb/v7e-m+fp/hard\libc_nano.a(lib_a-init.o)
                              c:/program files (x86)/stmicroelectronics/stm32cubeide_1.11/stm32cubeide/plugins/com.st.stm32cube.ide.mcu.externaltools.gnu-tools-for-stm32.10.3-2021.10.win32_1.0.100.202210260954/tools/bin/../lib/gcc/arm-none-eabi/10.3.1/../../../../arm-none-eabi/lib/thumb/v7e-m+fp/hard/crt0.o (__libc_init_array)
c:/program files (x86)/stmicroelectronics/stm32cubeide_1.11/stm32cubeide/plugins/com.st.stm32cube.ide.mcu.externaltools.gnu-tools-for-stm32.10.3-2021.10.win32_1.0.100.202210260954/tools/bin/../lib/gcc/arm-none-eabi/10.3.1/../../../../arm-none-eabi/lib/thumb/v7e-m+fp/hard\libc_nano.a(lib_a-memset.o)
                              c:/program files (x86)/stmicroelectronics/stm32cubeide_1.11/stm32cubeide/plugins/com.st.stm32cube.ide.mcu.externaltools.gnu-tools-for-stm32.10.3-2021.10.win32_1.0.100.202210260954/tools/bin/../lib/gcc/arm-none-eabi/10.3.1/../../../../arm-none-eabi/lib/thumb/v7e-m+fp/hard/crt0.o (memset)
c:/program files (x86)/stmicroelectronics/stm32cubeide_1.11/stm32cubeide/plugins/com.st.stm32cube.ide.mcu.externaltools.gnu-tools-for-stm32.10.3-2021.10.win32_1.0.100.202210260954/tools/bin/../lib/gcc/arm-none-eabi/10.3.1/../../../../arm-none-eabi/lib/thumb/v7e-m+fp/hard\libc_nano.a(lib_a-sprintf.o)
                              ./Core/Src/main.o (sprintf)
c:/program files (x86)/stmicroelectronics/stm32cubeide_1.11/stm32cubeide/plugins/com.st.stm32cube.ide.mcu.externaltools.gnu-tools-for-stm32.10.3-2021.10.win32_1.0.100.202210260954/tools/bin/../lib/gcc/arm-none-eabi/10.3.1/../../../../arm-none-eabi/lib/thumb/v7e-m+fp/hard\libc_nano.a(lib_a-nano-svfprintf.o)
                              c:/program files (x86)/stmicroelectronics/stm32cubeide_1.11/stm32cubeide/plugins/com.st.stm32cube.ide.mcu.externaltools.gnu-tools-for-stm32.10.3-2021.10.win32_1.0.100.202210260954/tools/bin/../lib/gcc/arm-none-eabi/10.3.1/../../../../arm-none-eabi/lib/thumb/v7e-m+fp/hard\libc_nano.a(lib_a-sprintf.o) (_svfprintf_r)
c:/program files (x86)/stmicroelectronics/stm32cubeide_1.11/stm32cubeide/plugins/com.st.stm32cube.ide.mcu.externaltools.gnu-tools-for-stm32.10.3-2021.10.win32_1.0.100.202210260954/tools/bin/../lib/gcc/arm-none-eabi/10.3.1/../../../../arm-none-eabi/lib/thumb/v7e-m+fp/hard\libc_nano.a(lib_a-nano-vfprintf_i.o)
                              c:/program files (x86)/stmicroelectronics/stm32cubeide_1.11/stm32cubeide/plugins/com.st.stm32cube.ide.mcu.externaltools.gnu-tools-for-stm32.10.3-2021.10.win32_1.0.100.202210260954/tools/bin/../lib/gcc/arm-none-eabi/10.3.1/../../../../arm-none-eabi/lib/thumb/v7e-m+fp/hard\libc_nano.a(lib_a-nano-svfprintf.o) (_printf_i)
c:/program files (x86)/stmicroelectronics/stm32cubeide_1.11/stm32cubeide/plugins/com.st.stm32cube.ide.mcu.externaltools.gnu-tools-for-stm32.10.3-2021.10.win32_1.0.100.202210260954/tools/bin/../lib/gcc/arm-none-eabi/10.3.1/../../../../arm-none-eabi/lib/thumb/v7e-m+fp/hard\libc_nano.a(lib_a-memchr.o)
[...]
Memory Configuration

Name             Origin             Length             Attributes
CCMRAM           0x0000000010000000 0x0000000000002000 xrw
RAM              0x0000000020000000 0x000000000000a000 xrw
FLASH            0x0000000008000000 0x0000000000040000 xr
*default*        0x0000000000000000 0xffffffffffffffff

Linker script and memory map

LOAD c:/program files (x86)/stmicroelectronics/stm32cubeide_1.11/stm32cubeide/plugins/com.st.stm32cube.ide.mcu.externaltools.gnu-tools-for-stm32.10.3-2021.10.win32_1.0.100.202210260954/tools/bin/../lib/gcc/arm-none-eabi/10.3.1/thumb/v7e-m+fp/hard/crti.o
LOAD c:/program files (x86)/stmicroelectronics/stm32cubeide_1.11/stm32cubeide/plugins/com.st.stm32cube.ide.mcu.externaltools.gnu-tools-for-stm32.10.3-2021.10.win32_1.0.100.202210260954/tools/bin/../lib/gcc/arm-none-eabi/10.3.1/thumb/v7e-m+fp/hard/crtbegin.o
LOAD c:/program files (x86)/stmicroelectronics/stm32cubeide_1.11/stm32cubeide/plugins/com.st.stm32cube.ide.mcu.externaltools.gnu-tools-for-stm32.10.3-2021.10.win32_1.0.100.202210260954/tools/bin/../lib/gcc/arm-none-eabi/10.3.1/../../../../arm-none-eabi/lib/thumb/v7e-m+fp/hard/crt0.o
LOAD ./Core/Src/adc1.o
LOAD ./Core/Src/i2c.o
LOAD ./Core/Src/lcd.o
LOAD ./Core/Src/led_gpio.o
LOAD ./Core/Src/main.o
LOAD ./Core/Src/pwm.o
LOAD ./Core/Src/stm32f3xx_hal_msp.o
LOAD ./Core/Src/stm32f3xx_it.o
LOAD ./Core/Src/sys_clock.o
LOAD ./Core/Src/syscalls.o
LOAD ./Core/Src/sysmem.o
LOAD ./Core/Src/system_stm32f3xx.o
LOAD ./Core/Startup/startup_stm32f303vctx.o
LOAD ./Drivers/STM32F3xx_HAL_Driver/Src/stm32f3xx_hal.o
LOAD ./Drivers/STM32F3xx_HAL_Driver/Src/stm32f3xx_hal_cortex.o
LOAD ./Drivers/STM32F3xx_HAL_Driver/Src/stm32f3xx_hal_dma.o
LOAD ./Drivers/STM32F3xx_HAL_Driver/Src/stm32f3xx_hal_exti.o
LOAD ./Drivers/STM32F3xx_HAL_Driver/Src/stm32f3xx_hal_flash.o
LOAD ./Drivers/STM32F3xx_HAL_Driver/Src/stm32f3xx_hal_flash_ex.o
LOAD ./Drivers/STM32F3xx_HAL_Driver/Src/stm32f3xx_hal_gpio.o
LOAD ./Drivers/STM32F3xx_HAL_Driver/Src/stm32f3xx_hal_i2c.o
LOAD ./Drivers/STM32F3xx_HAL_Driver/Src/stm32f3xx_hal_i2c_ex.o
LOAD ./Drivers/STM32F3xx_HAL_Driver/Src/stm32f3xx_hal_pwr.o
LOAD ./Drivers/STM32F3xx_HAL_Driver/Src/stm32f3xx_hal_pwr_ex.o
LOAD ./Drivers/STM32F3xx_HAL_Driver/Src/stm32f3xx_hal_rcc.o
LOAD ./Drivers/STM32F3xx_HAL_Driver/Src/stm32f3xx_hal_rcc_ex.o
START GROUP
LOAD c:/program files (x86)/stmicroelectronics/stm32cubeide_1.11/stm32cubeide/plugins/com.st.stm32cube.ide.mcu.externaltools.gnu-tools-for-stm32.10.3-2021.10.win32_1.0.100.202210260954/tools/bin/../lib/gcc/arm-none-eabi/10.3.1/../../../../arm-none-eabi/lib/thumb/v7e-m+fp/hard\libc_nano.a
LOAD c:/program files (x86)/stmicroelectronics/stm32cubeide_1.11/stm32cubeide/plugins/com.st.stm32cube.ide.mcu.externaltools.gnu-tools-for-stm32.10.3-2021.10.win32_1.0.100.202210260954/tools/bin/../lib/gcc/arm-none-eabi/10.3.1/../../../../arm-none-eabi/lib/thumb/v7e-m+fp/hard\libm.a
END GROUP
START GROUP
LOAD c:/program files (x86)/stmicroelectronics/stm32cubeide_1.11/stm32cubeide/plugins/com.st.stm32cube.ide.mcu.externaltools.gnu-tools-for-stm32.10.3-2021.10.win32_1.0.100.202210260954/tools/bin/../lib/gcc/arm-none-eabi/10.3.1/thumb/v7e-m+fp/hard\libgcc.a
LOAD c:/program files (x86)/stmicroelectronics/stm32cubeide_1.11/stm32cubeide/plugins/com.st.stm32cube.ide.mcu.externaltools.gnu-tools-for-stm32.10.3-2021.10.win32_1.0.100.202210260954/tools/bin/../lib/gcc/arm-none-eabi/10.3.1/../../../../arm-none-eabi/lib/thumb/v7e-m+fp/hard\libc_nano.a
END GROUP
START GROUP
LOAD c:/program files (x86)/stmicroelectronics/stm32cubeide_1.11/stm32cubeide/plugins/com.st.stm32cube.ide.mcu.externaltools.gnu-tools-for-stm32.10.3-2021.10.win32_1.0.100.202210260954/tools/bin/../lib/gcc/arm-none-eabi/10.3.1/thumb/v7e-m+fp/hard\libgcc.a
LOAD c:/program files (x86)/stmicroelectronics/stm32cubeide_1.11/stm32cubeide/plugins/com.st.stm32cube.ide.mcu.externaltools.gnu-tools-for-stm32.10.3-2021.10.win32_1.0.100.202210260954/tools/bin/../lib/gcc/arm-none-eabi/10.3.1/../../../../arm-none-eabi/lib/thumb/v7e-m+fp/hard\libc_nano.a
LOAD c:/program files (x86)/stmicroelectronics/stm32cubeide_1.11/stm32cubeide/plugins/com.st.stm32cube.ide.mcu.externaltools.gnu-tools-for-stm32.10.3-2021.10.win32_1.0.100.202210260954/tools/bin/../lib/gcc/arm-none-eabi/10.3.1/../../../../arm-none-eabi/lib/thumb/v7e-m+fp/hard\libnosys.a
END GROUP
START GROUP
LOAD c:/program files (x86)/stmicroelectronics/stm32cubeide_1.11/stm32cubeide/plugins/com.st.stm32cube.ide.mcu.externaltools.gnu-tools-for-stm32.10.3-2021.10.win32_1.0.100.202210260954/tools/bin/../lib/gcc/arm-none-eabi/10.3.1/thumb/v7e-m+fp/hard\libgcc.a
LOAD c:/program files (x86)/stmicroelectronics/stm32cubeide_1.11/stm32cubeide/plugins/com.st.stm32cube.ide.mcu.externaltools.gnu-tools-for-stm32.10.3-2021.10.win32_1.0.100.202210260954/tools/bin/../lib/gcc/arm-none-eabi/10.3.1/../../../../arm-none-eabi/lib/thumb/v7e-m+fp/hard\libc_nano.a
LOAD c:/program files (x86)/stmicroelectronics/stm32cubeide_1.11/stm32cubeide/plugins/com.st.stm32cube.ide.mcu.externaltools.gnu-tools-for-stm32.10.3-2021.10.win32_1.0.100.202210260954/tools/bin/../lib/gcc/arm-none-eabi/10.3.1/../../../../arm-none-eabi/lib/thumb/v7e-m+fp/hard\libnosys.a
END GROUP
LOAD c:/program files (x86)/stmicroelectronics/stm32cubeide_1.11/stm32cubeide/plugins/com.st.stm32cube.ide.mcu.externaltools.gnu-tools-for-stm32.10.3-2021.10.win32_1.0.100.202210260954/tools/bin/../lib/gcc/arm-none-eabi/10.3.1/thumb/v7e-m+fp/hard/crtend.o
LOAD c:/program files (x86)/stmicroelectronics/stm32cubeide_1.11/stm32cubeide/plugins/com.st.stm32cube.ide.mcu.externaltools.gnu-tools-for-stm32.10.3-2021.10.win32_1.0.100.202210260954/tools/bin/../lib/gcc/arm-none-eabi/10.3.1/thumb/v7e-m+fp/hard/crtn.o
                0x000000002000a000                _estack = (ORIGIN (RAM) + LENGTH (RAM))
                0x0000000000000200                _Min_Heap_Size = 0x200
                0x0000000000000400                _Min_Stack_Size = 0x400

.isr_vector     0x0000000008000000      0x188
                0x0000000008000000                . = ALIGN (0x4)
 *(.isr_vector)
 .isr_vector    0x0000000008000000      0x188 ./Core/Startup/startup_stm32f303vctx.o
                0x0000000008000000                g_pfnVectors
                0x0000000008000188                . = ALIGN (0x4)

.text           0x0000000008000190     0x1b3c
                0x0000000008000190                . = ALIGN (0x4)
 *(.text)
 .text          0x0000000008000190       0x40 c:/program files (x86)/stmicroelectronics/stm32cubeide_1.11/stm32cubeide/plugins/com.st.stm32cube.ide.mcu.externaltools.gnu-tools-for-stm32.10.3-2021.10.win32_1.0.100.202210260954/tools/bin/../lib/gcc/arm-none-eabi/10.3.1/thumb/v7e-m+fp/hard/crtbegin.o
 .text          0x00000000080001d0       0xa0 c:/program files (x86)/stmicroelectronics/stm32cubeide_1.11/stm32cubeide/plugins/com.st.stm32cube.ide.mcu.externaltools.gnu-tools-for-stm32.10.3-2021.10.win32_1.0.100.202210260954/tools/bin/../lib/gcc/arm-none-eabi/10.3.1/../../../../arm-none-eabi/lib/thumb/v7e-m+fp/hard\libc_nano.a(lib_a-memchr.o)
                0x00000000080001d0                memchr
 .text          0x0000000008000270      0x254 c:/program files (x86)/stmicroelectronics/stm32cubeide_1.11/stm32cubeide/plugins/com.st.stm32cube.ide.mcu.externaltools.gnu-tools-for-stm32.10.3-2021.10.win32_1.0.100.202210260954/tools/bin/../lib/gcc/arm-none-eabi/10.3.1/thumb/v7e-m+fp/hard\libgcc.a(_arm_muldf3.o)
                0x0000000008000270                __muldf3
                0x0000000008000270                __aeabi_dmul
 .text          0x00000000080004c4      0x378 c:/program files (x86)/stmicroelectronics/stm32cubeide_1.11/stm32cubeide/plugins/com.st.stm32cube.ide.mcu.externaltools.gnu-tools-for-stm32.10.3-2021.10.win32_1.0.100.202210260954/tools/bin/../lib/gcc/arm-none-eabi/10.3.1/thumb/v7e-m+fp/hard\libgcc.a(_arm_addsubdf3.o)
                0x00000000080004c4                __aeabi_drsub
                0x00000000080004cc                __aeabi_dsub
                0x00000000080004cc                __subdf3
                0x00000000080004d0                __aeabi_dadd
                0x00000000080004d0                __adddf3
                0x0000000008000748                __floatunsidf
                0x0000000008000748                __aeabi_ui2d
                0x0000000008000768                __floatsidf
                0x0000000008000768                __aeabi_i2d
                0x000000000800078c                __aeabi_f2d
                0x000000000800078c                __extendsfdf2
                0x00000000080007d0                __floatundidf
                0x00000000080007d0                __aeabi_ul2d
                0x00000000080007e0                __floatdidf
                0x00000000080007e0                __aeabi_l2d
 .text          0x000000000800083c       0x40 c:/program files (x86)/stmicroelectronics/stm32cubeide_1.11/stm32cubeide/plugins/com.st.stm32cube.ide.mcu.externaltools.gnu-tools-for-stm32.10.3-2021.10.win32_1.0.100.202210260954/tools/bin/../lib/gcc/arm-none-eabi/10.3.1/thumb/v7e-m+fp/hard\libgcc.a(_arm_fixunsdfsi.o)
                0x000000000800083c                __aeabi_d2uiz
                0x000000000800083c                __fixunsdfsi
 *(.text*)
 .text.gpio_init
                0x000000000800087c       0x40 ./Core/Src/adc1.o
                0x000000000800087c                gpio_init
 .text.adc1_init
                0x00000000080008bc       0xa4 ./Core/Src/adc1.o
                0x00000000080008bc                adc1_init
 .text.adc1_start_conversion
                0x0000000008000960       0x1e ./Core/Src/adc1.o
                0x0000000008000960                adc1_start_conversion
 .text.adc1_read
                0x000000000800097e       0x24 ./Core/Src/adc1.o
                0x000000000800097e                adc1_read
 *fill*         0x00000000080009a2        0x2 
 .text.i2c1_gpio_init
                0x00000000080009a4       0x7c ./Core/Src/i2c.o
                0x00000000080009a4                i2c1_gpio_init
 .text.i2c1_master_init
                0x0000000008000a20       0x80 ./Core/Src/i2c.o
                0x0000000008000a20                i2c1_master_init
 .text.i2c1_write
                0x0000000008000aa0       0x8c ./Core/Src/i2c.o
                0x0000000008000aa0                i2c1_write
 .text.delay_ms
                0x0000000008000b2c       0x34 ./Core/Src/lcd.o
                0x0000000008000b2c                delay_ms
 .text.lcd_write_nibble
                0x0000000008000b60       0x68 ./Core/Src/lcd.o
                0x0000000008000b60                lcd_write_nibble
 .text.lcd_sendcommand
                0x0000000008000bc8       0x30 ./Core/Src/lcd.o
                0x0000000008000bc8                lcd_sendcommand
 .text.lcd_senddata
                0x0000000008000bf8       0x30 ./Core/Src/lcd.o
                0x0000000008000bf8                lcd_senddata
 .text.lcd_init
                0x0000000008000c28       0x58 ./Core/Src/lcd.o
                0x0000000008000c28                lcd_init
 .text.lcd_write
                0x0000000008000c80       0x2a ./Core/Src/lcd.o
                0x0000000008000c80                lcd_write
 *fill*         0x0000000008000caa        0x2 
 .text.gpiod_init
                0x0000000008000cac       0x80 ./Core/Src/led_gpio.o
                0x0000000008000cac                gpiod_init
 .text.green_led
                0x0000000008000d2c       0x3c ./Core/Src/led_gpio.o
                0x0000000008000d2c                green_led
 .text.yellow_led
                0x0000000008000d68       0x3c ./Core/Src/led_gpio.o
                0x0000000008000d68                yellow_led
 .text.red_led  0x0000000008000da4       0x3c ./Core/Src/led_gpio.o
                0x0000000008000da4                red_led
 .text.main     0x0000000008000de0      0x1bc ./Core/Src/main.o
                0x0000000008000de0                main
 .text.tim3_gpio_init
                0x0000000008000f9c       0x60 ./Core/Src/pwm.o
                0x0000000008000f9c                tim3_gpio_init
 .text.tim3_init
                0x0000000008000ffc       0x6c ./Core/Src/pwm.o
                0x0000000008000ffc                tim3_init
 .text.tim3_update_duty_cycle
                0x0000000008001068       0x20 ./Core/Src/pwm.o
                0x0000000008001068                tim3_update_duty_cycle
 .text.NMI_Handler
                0x0000000008001088        0x6 ./Core/Src/stm32f3xx_it.o
                0x0000000008001088                NMI_Handler
 .text.HardFault_Handler
                0x000000000800108e        0x6 ./Core/Src/stm32f3xx_it.o
                0x000000000800108e                HardFault_Handler
 .text.MemManage_Handler
                0x0000000008001094        0x6 ./Core/Src/stm32f3xx_it.o
                0x0000000008001094                MemManage_Handler
 .text.BusFault_Handler
                0x000000000800109a        0x6 ./Core/Src/stm32f3xx_it.o
                0x000000000800109a                BusFault_Handler
 .text.UsageFault_Handler
                0x00000000080010a0        0x6 ./Core/Src/stm32f3xx_it.o
                0x00000000080010a0                UsageFault_Handler
 .text.SVC_Handler
                0x00000000080010a6        0xe ./Core/Src/stm32f3xx_it.o
                0x00000000080010a6                SVC_Handler
 .text.DebugMon_Handler
                0x00000000080010b4        0xe ./Core/Src/stm32f3xx_it.o
                0x00000000080010b4                DebugMon_Handler
 .text.PendSV_Handler
                0x00000000080010c2        0xe ./Core/Src/stm32f3xx_it.o
                0x00000000080010c2                PendSV_Handler
 .text.SysTick_Handler
                0x00000000080010d0        0xc ./Core/Src/stm32f3xx_it.o
                0x00000000080010d0                SysTick_Handler
 .text.clock_init
                0x00000000080010dc       0xbc ./Core/Src/sys_clock.o
                0x00000000080010dc                clock_init
 .text._sbrk    0x0000000008001198       0x6c ./Core/Src/sysmem.o
                0x0000000008001198                _sbrk
 .text.SystemInit
                0x0000000008001204       0x24 ./Core/Src/system_stm32f3xx.o
                0x0000000008001204                SystemInit
 .text.SystemCoreClockUpdate
                0x0000000008001228       0xe0 ./Core/Src/system_stm32f3xx.o
                0x0000000008001228                SystemCoreClockUpdate
 .text.Reset_Handler
                0x0000000008001308       0x50 ./Core/Startup/startup_stm32f303vctx.o
                0x0000000008001308                Reset_Handler
 .text.Default_Handler
                0x0000000008001358        0x2 ./Core/Startup/startup_stm32f303vctx.o
                0x0000000008001358                RTC_Alarm_IRQHandler
                0x0000000008001358                TIM8_TRG_COM_IRQHandler
                0x0000000008001358                TIM8_CC_IRQHandler
                0x0000000008001358                TIM1_CC_IRQHandler
                0x0000000008001358                USB_HP_IRQHandler
                0x0000000008001358                PVD_IRQHandler
                0x0000000008001358                TAMP_STAMP_IRQHandler
                0x0000000008001358                EXTI3_IRQHandler
                0x0000000008001358                USB_HP_CAN_TX_IRQHandler
                0x0000000008001358                EXTI0_IRQHandler
                0x0000000008001358                I2C2_EV_IRQHandler
                0x0000000008001358                FPU_IRQHandler
                0x0000000008001358                TIM1_UP_TIM16_IRQHandler
                0x0000000008001358                ADC1_2_IRQHandler
                0x0000000008001358                SPI1_IRQHandler
                0x0000000008001358                CAN_SCE_IRQHandler
                0x0000000008001358                TIM6_DAC_IRQHandler
                0x0000000008001358                TIM8_UP_IRQHandler
                0x0000000008001358                DMA2_Channel2_IRQHandler
                0x0000000008001358                DMA1_Channel4_IRQHandler
                0x0000000008001358                USART3_IRQHandler
                0x0000000008001358                DMA1_Channel7_IRQHandler
                0x0000000008001358                UART5_IRQHandler
                0x0000000008001358                ADC3_IRQHandler
                0x0000000008001358                TIM4_IRQHandler
                0x0000000008001358                CAN_RX1_IRQHandler
                0x0000000008001358                DMA2_Channel1_IRQHandler
                0x0000000008001358                I2C1_EV_IRQHandler
                0x0000000008001358                DMA1_Channel6_IRQHandler
                0x0000000008001358                UART4_IRQHandler
                0x0000000008001358                DMA2_Channel4_IRQHandler
                0x0000000008001358                TIM3_IRQHandler
                0x0000000008001358                RCC_IRQHandler
                0x0000000008001358                DMA1_Channel1_IRQHandler
                0x0000000008001358                Default_Handler
                0x0000000008001358                USBWakeUp_RMP_IRQHandler
                0x0000000008001358                EXTI15_10_IRQHandler
                0x0000000008001358                TIM7_IRQHandler
                0x0000000008001358                EXTI9_5_IRQHandler
                0x0000000008001358                RTC_WKUP_IRQHandler
                0x0000000008001358                SPI2_IRQHandler
                0x0000000008001358                USB_LP_CAN_RX0_IRQHandler
                0x0000000008001358                DMA2_Channel5_IRQHandler
                0x0000000008001358                DMA1_Channel5_IRQHandler
                0x0000000008001358                USB_LP_IRQHandler
                0x0000000008001358                EXTI4_IRQHandler
                0x0000000008001358                TIM1_TRG_COM_TIM17_IRQHandler
                0x0000000008001358                DMA1_Channel3_IRQHandler
                0x0000000008001358                ADC4_IRQHandler
                0x0000000008001358                WWDG_IRQHandler
                0x0000000008001358                TIM2_IRQHandler
                0x0000000008001358                COMP7_IRQHandler
                0x0000000008001358                COMP1_2_3_IRQHandler
                0x0000000008001358                EXTI1_IRQHandler
                0x0000000008001358                USART2_IRQHandler
                0x0000000008001358                COMP4_5_6_IRQHandler
                0x0000000008001358                I2C2_ER_IRQHandler
                0x0000000008001358                DMA1_Channel2_IRQHandler
                0x0000000008001358                TIM8_BRK_IRQHandler
                0x0000000008001358                FLASH_IRQHandler
                0x0000000008001358                USART1_IRQHandler
                0x0000000008001358                SPI3_IRQHandler
                0x0000000008001358                I2C1_ER_IRQHandler
                0x0000000008001358                USBWakeUp_IRQHandler
                0x0000000008001358                DMA2_Channel3_IRQHandler
                0x0000000008001358                EXTI2_TSC_IRQHandler
                0x0000000008001358                TIM1_BRK_TIM15_IRQHandler
 *fill*         0x000000000800135a        0x2 
 .text.HAL_IncTick
                0x000000000800135c       0x28 ./Drivers/STM32F3xx_HAL_Driver/Src/stm32f3xx_hal.o
                0x000000000800135c                HAL_IncTick
 .text.__errno  0x0000000008001384        0xc c:/program files (x86)/stmicroelectronics/stm32cubeide_1.11/stm32cubeide/plugins/com.st.stm32cube.ide.mcu.externaltools.gnu-tools-for-stm32.10.3-2021.10.win32_1.0.100.202210260954/tools/bin/../lib/gcc/arm-none-eabi/10.3.1/../../../../arm-none-eabi/lib/thumb/v7e-m+fp/hard\libc_nano.a(lib_a-errno.o)
                0x0000000008001384                __errno
 .text.__libc_init_array
                0x0000000008001390       0x48 c:/program files (x86)/stmicroelectronics/stm32cubeide_1.11/stm32cubeide/plugins/com.st.stm32cube.ide.mcu.externaltools.gnu-tools-for-stm32.10.3-2021.10.win32_1.0.100.202210260954/tools/bin/../lib/gcc/arm-none-eabi/10.3.1/../../../../arm-none-eabi/lib/thumb/v7e-m+fp/hard\libc_nano.a(lib_a-init.o)
                0x0000000008001390                __libc_init_array
 .text.sprintf  0x00000000080013d8       0x40 c:/program files (x86)/stmicroelectronics/stm32cubeide_1.11/stm32cubeide/plugins/com.st.stm32cube.ide.mcu.externaltools.gnu-tools-for-stm32.10.3-2021.10.win32_1.0.100.202210260954/tools/bin/../lib/gcc/arm-none-eabi/10.3.1/../../../../arm-none-eabi/lib/thumb/v7e-m+fp/hard\libc_nano.a(lib_a-sprintf.o)
                0x00000000080013d8                siprintf
                0x00000000080013d8                sprintf
 .text.__ssputs_r
                0x0000000008001418       0xb6 c:/program files (x86)/stmicroelectronics/stm32cubeide_1.11/stm32cubeide/plugins/com.st.stm32cube.ide.mcu.externaltools.gnu-tools-for-stm32.10.3-2021.10.win32_1.0.100.202210260954/tools/bin/../lib/gcc/arm-none-eabi/10.3.1/../../../../arm-none-eabi/lib/thumb/v7e-m+fp/hard\libc_nano.a(lib_a-nano-svfprintf.o)
                0x0000000008001418                __ssputs_r
 *fill*         0x00000000080014ce        0x2 
 .text._svfprintf_r
                0x00000000080014d0      0x200 c:/program files (x86)/stmicroelectronics/stm32cubeide_1.11/stm32cubeide/plugins/com.st.stm32cube.ide.mcu.externaltools.gnu-tools-for-stm32.10.3-2021.10.win32_1.0.100.202210260954/tools/bin/../lib/gcc/arm-none-eabi/10.3.1/../../../../arm-none-eabi/lib/thumb/v7e-m+fp/hard\libc_nano.a(lib_a-nano-svfprintf.o)
                0x00000000080014d0                _svfiprintf_r
                0x00000000080014d0                _svfprintf_r
 .text._printf_common
                0x00000000080016d0       0xda c:/program files (x86)/stmicroelectronics/stm32cubeide_1.11/stm32cubeide/plugins/com.st.stm32cube.ide.mcu.externaltools.gnu-tools-for-stm32.10.3-2021.10.win32_1.0.100.202210260954/tools/bin/../lib/gcc/arm-none-eabi/10.3.1/../../../../arm-none-eabi/lib/thumb/v7e-m+fp/hard\libc_nano.a(lib_a-nano-vfprintf_i.o)
                0x00000000080016d0                _printf_common
 *fill*         0x00000000080017aa        0x2 
 .text._printf_i
                0x00000000080017ac      0x24c c:/program files (x86)/stmicroelectronics/stm32cubeide_1.11/stm32cubeide/plugins/com.st.stm32cube.ide.mcu.externaltools.gnu-tools-for-stm32.10.3-2021.10.win32_1.0.100.202210260954/tools/bin/../lib/gcc/arm-none-eabi/10.3.1/../../../../arm-none-eabi/lib/thumb/v7e-m+fp/hard\libc_nano.a(lib_a-nano-vfprintf_i.o)
                0x00000000080017ac                _printf_i
 .text.memcpy   0x00000000080019f8       0x1c c:/program files (x86)/stmicroelectronics/stm32cubeide_1.11/stm32cubeide/plugins/com.st.stm32cube.ide.mcu.externaltools.gnu-tools-for-stm32.10.3-2021.10.win32_1.0.100.202210260954/tools/bin/../lib/gcc/arm-none-eabi/10.3.1/../../../../arm-none-eabi/lib/thumb/v7e-m+fp/hard\libc_nano.a(lib_a-memcpy-stub.o)
                0x00000000080019f8                memcpy
 .text.memmove  0x0000000008001a14       0x34 c:/program files (x86)/stmicroelectronics/stm32cubeide_1.11/stm32cubeide/plugins/com.st.stm32cube.ide.mcu.externaltools.gnu-tools-for-stm32.10.3-2021.10.win32_1.0.100.202210260954/tools/bin/../lib/gcc/arm-none-eabi/10.3.1/../../../../arm-none-eabi/lib/thumb/v7e-m+fp/hard\libc_nano.a(lib_a-memmove.o)
                0x0000000008001a14                memmove
 .text._free_r  0x0000000008001a48       0x98 c:/program files (x86)/stmicroelectronics/stm32cubeide_1.11/stm32cubeide/plugins/com.st.stm32cube.ide.mcu.externaltools.gnu-tools-for-stm32.10.3-2021.10.win32_1.0.100.202210260954/tools/bin/../lib/gcc/arm-none-eabi/10.3.1/../../../../arm-none-eabi/lib/thumb/v7e-m+fp/hard\libc_nano.a(lib_a-nano-freer.o)
                0x0000000008001a48                _free_r
 .text.sbrk_aligned
                0x0000000008001ae0       0x40 c:/program files (x86)/stmicroelectronics/stm32cubeide_1.11/stm32cubeide/plugins/com.st.stm32cube.ide.mcu.externaltools.gnu-tools-for-stm32.10.3-2021.10.win32_1.0.100.202210260954/tools/bin/../lib/gcc/arm-none-eabi/10.3.1/../../../../arm-none-eabi/lib/thumb/v7e-m+fp/hard\libc_nano.a(lib_a-nano-mallocr.o)
 .text._malloc_r
                0x0000000008001b20       0xe8 c:/program files (x86)/stmicroelectronics/stm32cubeide_1.11/stm32cubeide/plugins/com.st.stm32cube.ide.mcu.externaltools.gnu-tools-for-stm32.10.3-2021.10.win32_1.0.100.202210260954/tools/bin/../lib/gcc/arm-none-eabi/10.3.1/../../../../arm-none-eabi/lib/thumb/v7e-m+fp/hard\libc_nano.a(lib_a-nano-mallocr.o)
                0x0000000008001b20                _malloc_r
 .text._realloc_r
                0x0000000008001c08       0x5e c:/program files (x86)/stmicroelectronics/stm32cubeide_1.11/stm32cubeide/plugins/com.st.stm32cube.ide.mcu.externaltools.gnu-tools-for-stm32.10.3-2021.10.win32_1.0.100.202210260954/tools/bin/../lib/gcc/arm-none-eabi/10.3.1/../../../../arm-none-eabi/lib/thumb/v7e-m+fp/hard\libc_nano.a(lib_a-nano-reallocr.o)
                0x0000000008001c08                _realloc_r
 *fill*         0x0000000008001c66        0x2 
 .text._sbrk_r  0x0000000008001c68       0x20 c:/program files (x86)/stmicroelectronics/stm32cubeide_1.11/stm32cubeide/plugins/com.st.stm32cube.ide.mcu.externaltools.gnu-tools-for-stm32.10.3-2021.10.win32_1.0.100.202210260954/tools/bin/../lib/gcc/arm-none-eabi/10.3.1/../../../../arm-none-eabi/lib/thumb/v7e-m+fp/hard\libc_nano.a(lib_a-sbrkr.o)
                0x0000000008001c68                _sbrk_r
 .text.__malloc_lock
                0x0000000008001c88        0xc c:/program files (x86)/stmicroelectronics/stm32cubeide_1.11/stm32cubeide/plugins/com.st.stm32cube.ide.mcu.externaltools.gnu-tools-for-stm32.10.3-2021.10.win32_1.0.100.202210260954/tools/bin/../lib/gcc/arm-none-eabi/10.3.1/../../../../arm-none-eabi/lib/thumb/v7e-m+fp/hard\libc_nano.a(lib_a-mlock.o)
                0x0000000008001c88                __malloc_lock
 .text.__malloc_unlock
                0x0000000008001c94        0xc c:/program files (x86)/stmicroelectronics/stm32cubeide_1.11/stm32cubeide/plugins/com.st.stm32cube.ide.mcu.externaltools.gnu-tools-for-stm32.10.3-2021.10.win32_1.0.100.202210260954/tools/bin/../lib/gcc/arm-none-eabi/10.3.1/../../../../arm-none-eabi/lib/thumb/v7e-m+fp/hard\libc_nano.a(lib_a-mlock.o)
                0x0000000008001c94                __malloc_unlock
 .text._malloc_usable_size_r
                0x0000000008001ca0       0x10 c:/program files (x86)/stmicroelectronics/stm32cubeide_1.11/stm32cubeide/plugins/com.st.stm32cube.ide.mcu.externaltools.gnu-tools-for-stm32.10.3-2021.10.win32_1.0.100.202210260954/tools/bin/../lib/gcc/arm-none-eabi/10.3.1/../../../../arm-none-eabi/lib/thumb/v7e-m+fp/hard\libc_nano.a(lib_a-nano-msizer.o)
                0x0000000008001ca0                _malloc_usable_size_r
 .text.__retarget_lock_acquire_recursive
                0x0000000008001cb0        0x2 c:/program files (x86)/stmicroelectronics/stm32cubeide_1.11/stm32cubeide/plugins/com.st.stm32cube.ide.mcu.externaltools.gnu-tools-for-stm32.10.3-2021.10.win32_1.0.100.202210260954/tools/bin/../lib/gcc/arm-none-eabi/10.3.1/../../../../arm-none-eabi/lib/thumb/v7e-m+fp/hard\libc_nano.a(lib_a-lock.o)
                0x0000000008001cb0                __retarget_lock_acquire_recursive
 .text.__retarget_lock_release_recursive
                0x0000000008001cb2        0x2 c:/program files (x86)/stmicroelectronics/stm32cubeide_1.11/stm32cubeide/plugins/com.st.stm32cube.ide.mcu.externaltools.gnu-tools-for-stm32.10.3-2021.10.win32_1.0.100.202210260954/tools/bin/../lib/gcc/arm-none-eabi/10.3.1/../../../../arm-none-eabi/lib/thumb/v7e-m+fp/hard\libc_nano.a(lib_a-lock.o)
                0x0000000008001cb2                __retarget_lock_release_recursive
 *(.glue_7)
 .glue_7        0x0000000008001cb4        0x0 linker stubs
 *(.glue_7t)
 .glue_7t       0x0000000008001cb4        0x0 linker stubs
 *(.eh_frame)
 .eh_frame      0x0000000008001cb4        0x0 c:/program files (x86)/stmicroelectronics/stm32cubeide_1.11/stm32cubeide/plugins/com.st.stm32cube.ide.mcu.externaltools.gnu-tools-for-stm32.10.3-2021.10.win32_1.0.100.202210260954/tools/bin/../lib/gcc/arm-none-eabi/10.3.1/thumb/v7e-m+fp/hard/crtbegin.o
 *(.init)
 .init          0x0000000008001cb4        0x4 c:/program files (x86)/stmicroelectronics/stm32cubeide_1.11/stm32cubeide/plugins/com.st.stm32cube.ide.mcu.externaltools.gnu-tools-for-stm32.10.3-2021.10.win32_1.0.100.202210260954/tools/bin/../lib/gcc/arm-none-eabi/10.3.1/thumb/v7e-m+fp/hard/crti.o
                0x0000000008001cb4                _init
 .init          0x0000000008001cb8        0x8 c:/program files (x86)/stmicroelectronics/stm32cubeide_1.11/stm32cubeide/plugins/com.st.stm32cube.ide.mcu.externaltools.gnu-tools-for-stm32.10.3-2021.10.win32_1.0.100.202210260954/tools/bin/../lib/gcc/arm-none-eabi/10.3.1/thumb/v7e-m+fp/hard/crtn.o
 *(.fini)
 .fini          0x0000000008001cc0        0x4 c:/program files (x86)/stmicroelectronics/stm32cubeide_1.11/stm32cubeide/plugins/com.st.stm32cube.ide.mcu.externaltools.gnu-tools-for-stm32.10.3-2021.10.win32_1.0.100.202210260954/tools/bin/../lib/gcc/arm-none-eabi/10.3.1/thumb/v7e-m+fp/hard/crti.o
                0x0000000008001cc0                _fini
 .fini          0x0000000008001cc4        0x8 c:/program files (x86)/stmicroelectronics/stm32cubeide_1.11/stm32cubeide/plugins/com.st.stm32cube.ide.mcu.externaltools.gnu-tools-for-stm32.10.3-2021.10.win32_1.0.100.202210260954/tools/bin/../lib/gcc/arm-none-eabi/10.3.1/thumb/v7e-m+fp/hard/crtn.o
                0x0000000008001ccc                . = ALIGN (0x4)
                0x0000000008001ccc                _etext = .

.vfp11_veneer   0x0000000008001ccc        0x0
 .vfp11_veneer  0x0000000008001ccc        0x0 linker stubs

.v4_bx          0x0000000008001ccc        0x0
 .v4_bx         0x0000000008001ccc        0x0 linker stubs

.iplt           0x0000000008001ccc        0x0
 .iplt          0x0000000008001ccc        0x0 c:/program files (x86)/stmicroelectronics/stm32cubeide_1.11/stm32cubeide/plugins/com.st.stm32cube.ide.mcu.externaltools.gnu-tools-for-stm32.10.3-2021.10.win32_1.0.100.202210260954/tools/bin/../lib/gcc/arm-none-eabi/10.3.1/thumb/v7e-m+fp/hard/crtbegin.o

.rodata         0x0000000008001ccc       0x5c
                0x0000000008001ccc                . = ALIGN (0x4)
 *(.rodata)
 .rodata        0x0000000008001ccc       0x17 ./Core/Src/main.o
 *(.rodata*)
 *fill*         0x0000000008001ce3        0x1 
 .rodata.AHBPrescTable
                0x0000000008001ce4       0x10 ./Core/Src/system_stm32f3xx.o
                0x0000000008001ce4                AHBPrescTable
 .rodata._svfprintf_r.str1.1
                0x0000000008001cf4       0x11 c:/program files (x86)/stmicroelectronics/stm32cubeide_1.11/stm32cubeide/plugins/com.st.stm32cube.ide.mcu.externaltools.gnu-tools-for-stm32.10.3-2021.10.win32_1.0.100.202210260954/tools/bin/../lib/gcc/arm-none-eabi/10.3.1/../../../../arm-none-eabi/lib/thumb/v7e-m+fp/hard\libc_nano.a(lib_a-nano-svfprintf.o)
 .rodata._printf_i.str1.1
                0x0000000008001d05       0x22 c:/program files (x86)/stmicroelectronics/stm32cubeide_1.11/stm32cubeide/plugins/com.st.stm32cube.ide.mcu.externaltools.gnu-tools-for-stm32.10.3-2021.10.win32_1.0.100.202210260954/tools/bin/../lib/gcc/arm-none-eabi/10.3.1/../../../../arm-none-eabi/lib/thumb/v7e-m+fp/hard\libc_nano.a(lib_a-nano-vfprintf_i.o)
                0x0000000008001d28                . = ALIGN (0x4)
 *fill*         0x0000000008001d27        0x1 

.rel.dyn        0x0000000008001d28        0x0
 .rel.iplt      0x0000000008001d28        0x0 c:/program files (x86)/stmicroelectronics/stm32cubeide_1.11/stm32cubeide/plugins/com.st.stm32cube.ide.mcu.externaltools.gnu-tools-for-stm32.10.3-2021.10.win32_1.0.100.202210260954/tools/bin/../lib/gcc/arm-none-eabi/10.3.1/thumb/v7e-m+fp/hard/crtbegin.o

.ARM.extab      0x0000000008001d28        0x0
                0x0000000008001d28                . = ALIGN (0x4)
 *(.ARM.extab* .gnu.linkonce.armextab.*)
                0x0000000008001d28                . = ALIGN (0x4)

.ARM            0x0000000008001d28        0x0
                0x0000000008001d28                . = ALIGN (0x4)
                0x0000000008001d28                __exidx_start = .
 *(.ARM.exidx*)
                0x0000000008001d28                __exidx_end = .
                0x0000000008001d28                . = ALIGN (0x4)

.preinit_array  0x0000000008001d28        0x0
                0x0000000008001d28                . = ALIGN (0x4)
                0x0000000008001d28                PROVIDE (__preinit_array_start = .)
 *(.preinit_array*)
                0x0000000008001d28                PROVIDE (__preinit_array_end = .)
                0x0000000008001d28                . = ALIGN (0x4)

.init_array     0x0000000008001d28        0x4
                0x0000000008001d28                . = ALIGN (0x4)
                0x0000000008001d28                PROVIDE (__init_array_start = .)
 *(SORT_BY_NAME(.init_array.*))
 *(.init_array*)
 .init_array    0x0000000008001d28        0x4 c:/program files (x86)/stmicroelectronics/stm32cubeide_1.11/stm32cubeide/plugins/com.st.stm32cube.ide.mcu.externaltools.gnu-tools-for-stm32.10.3-2021.10.win32_1.0.100.202210260954/tools/bin/../lib/gcc/arm-none-eabi/10.3.1/thumb/v7e-m+fp/hard/crtbegin.o
                0x0000000008001d2c                PROVIDE (__init_array_end = .)
                0x0000000008001d2c                . = ALIGN (0x4)

.fini_array     0x0000000008001d2c        0x4
                0x0000000008001d2c                . = ALIGN (0x4)
                [!provide]                        PROVIDE (__fini_array_start = .)
 *(SORT_BY_NAME(.fini_array.*))
 *(.fini_array*)
 .fini_array    0x0000000008001d2c        0x4 c:/program files (x86)/stmicroelectronics/stm32cubeide_1.11/stm32cubeide/plugins/com.st.stm32cube.ide.mcu.externaltools.gnu-tools-for-stm32.10.3-2021.10.win32_1.0.100.202210260954/tools/bin/../lib/gcc/arm-none-eabi/10.3.1/thumb/v7e-m+fp/hard/crtbegin.o
                [!provide]                        PROVIDE (__fini_array_end = .)
                0x0000000008001d30                . = ALIGN (0x4)
                0x0000000008001d30                _sidata = LOADADDR (.data)

.data           0x0000000020000000       0x6c load address 0x0000000008001d30
                0x0000000020000000                . = ALIGN (0x4)
                0x0000000020000000                _sdata = .
 *(.data)
 *(.data*)
 .data.SystemCoreClock
                0x0000000020000000        0x4 ./Core/Src/system_stm32f3xx.o
                0x0000000020000000                SystemCoreClock
 .data.uwTickFreq
                0x0000000020000004        0x1 ./Drivers/STM32F3xx_HAL_Driver/Src/stm32f3xx_hal.o
                0x0000000020000004                uwTickFreq
 *fill*         0x0000000020000005        0x3 
 .data._impure_ptr
                0x0000000020000008        0x4 c:/program files (x86)/stmicroelectronics/stm32cubeide_1.11/stm32cubeide/plugins/com.st.stm32cube.ide.mcu.externaltools.gnu-tools-for-stm32.10.3-2021.10.win32_1.0.100.202210260954/tools/bin/../lib/gcc/arm-none-eabi/10.3.1/../../../../arm-none-eabi/lib/thumb/v7e-m+fp/hard\libc_nano.a(lib_a-impure.o)
                0x0000000020000008                _impure_ptr
 .data.impure_data
                0x000000002000000c       0x60 c:/program files (x86)/stmicroelectronics/stm32cubeide_1.11/stm32cubeide/plugins/com.st.stm32cube.ide.mcu.externaltools.gnu-tools-for-stm32.10.3-2021.10.win32_1.0.100.202210260954/tools/bin/../lib/gcc/arm-none-eabi/10.3.1/../../../../arm-none-eabi/lib/thumb/v7e-m+fp/hard\libc_nano.a(lib_a-impure.o)
 *(.RamFunc)
 *(.RamFunc*)
                0x000000002000006c                . = ALIGN (0x4)
                0x000000002000006c                _edata = .
                0x0000000008001d9c                _siccmram = LOADADDR (.ccmram)

.igot.plt       0x000000002000006c        0x0 load address 0x0000000008001d9c
 .igot.plt      0x000000002000006c        0x0 c:/program files (x86)/stmicroelectronics/stm32cubeide_1.11/stm32cubeide/plugins/com.st.stm32cube.ide.mcu.externaltools.gnu-tools-for-stm32.10.3-2021.10.win32_1.0.100.202210260954/tools/bin/../lib/gcc/arm-none-eabi/10.3.1/thumb/v7e-m+fp/hard/crtbegin.o

.ccmram         0x0000000010000000        0x0 load address 0x0000000008001d9c
                0x0000000010000000                . = ALIGN (0x4)
                0x0000000010000000                _sccmram = .
 *(.ccmram)
 *(.ccmram*)
                0x0000000010000000                . = ALIGN (0x4)
                0x0000000010000000                _eccmram = .
                0x0000000010000000                . = ALIGN (0x4)

.bss            0x000000002000006c       0x60
                0x000000002000006c                _sbss = .
                0x000000002000006c                __bss_start__ = _sbss
 *(.bss)
 .bss           0x000000002000006c       0x1c c:/program files (x86)/stmicroelectronics/stm32cubeide_1.11/stm32cubeide/plugins/com.st.stm32cube.ide.mcu.externaltools.gnu-tools-for-stm32.10.3-2021.10.win32_1.0.100.202210260954/tools/bin/../lib/gcc/arm-none-eabi/10.3.1/thumb/v7e-m+fp/hard/crtbegin.o
 *(.bss*)
 .bss.conv      0x0000000020000088        0x4 ./Core/Src/main.o
                0x0000000020000088                conv
 .bss.speed     0x000000002000008c        0x4 ./Core/Src/main.o
                0x000000002000008c                speed
 .bss.duty_cycle
                0x0000000020000090        0x4 ./Core/Src/main.o
                0x0000000020000090                duty_cycle
 .bss.rpm       0x0000000020000094        0xf ./Core/Src/main.o
                0x0000000020000094                rpm
 *fill*         0x00000000200000a3        0x1 
 .bss.kph       0x00000000200000a4        0xf ./Core/Src/main.o
                0x00000000200000a4                kph
 *fill*         0x00000000200000b3        0x1 
 .bss.__sbrk_heap_end
                0x00000000200000b4        0x4 ./Core/Src/sysmem.o
 .bss.uwTick    0x00000000200000b8        0x4 ./Drivers/STM32F3xx_HAL_Driver/Src/stm32f3xx_hal.o
                0x00000000200000b8                uwTick
 .bss.__malloc_free_list
                0x00000000200000bc        0x4 c:/program files (x86)/stmicroelectronics/stm32cubeide_1.11/stm32cubeide/plugins/com.st.stm32cube.ide.mcu.externaltools.gnu-tools-for-stm32.10.3-2021.10.win32_1.0.100.202210260954/tools/bin/../lib/gcc/arm-none-eabi/10.3.1/../../../../arm-none-eabi/lib/thumb/v7e-m+fp/hard\libc_nano.a(lib_a-nano-mallocr.o)
                0x00000000200000bc                __malloc_free_list
 .bss.__malloc_sbrk_start
                0x00000000200000c0        0x4 c:/program files (x86)/stmicroelectronics/stm32cubeide_1.11/stm32cubeide/plugins/com.st.stm32cube.ide.mcu.externaltools.gnu-tools-for-stm32.10.3-2021.10.win32_1.0.100.202210260954/tools/bin/../lib/gcc/arm-none-eabi/10.3.1/../../../../arm-none-eabi/lib/thumb/v7e-m+fp/hard\libc_nano.a(lib_a-nano-mallocr.o)
                0x00000000200000c0                __malloc_sbrk_start
 .bss.errno     0x00000000200000c4        0x4 c:/program files (x86)/stmicroelectronics/stm32cubeide_1.11/stm32cubeide/plugins/com.st.stm32cube.ide.mcu.externaltools.gnu-tools-for-stm32.10.3-2021.10.win32_1.0.100.202210260954/tools/bin/../lib/gcc/arm-none-eabi/10.3.1/../../../../arm-none-eabi/lib/thumb/v7e-m+fp/hard\libc_nano.a(lib_a-reent.o)
                0x00000000200000c4                errno
 .bss.__lock___malloc_recursive_mutex
                0x00000000200000c8        0x1 c:/program files (x86)/stmicroelectronics/stm32cubeide_1.11/stm32cubeide/plugins/com.st.stm32cube.ide.mcu.externaltools.gnu-tools-for-stm32.10.3-2021.10.win32_1.0.100.202210260954/tools/bin/../lib/gcc/arm-none-eabi/10.3.1/../../../../arm-none-eabi/lib/thumb/v7e-m+fp/hard\libc_nano.a(lib_a-lock.o)
                0x00000000200000c8                __lock___malloc_recursive_mutex
 *(COMMON)
                0x00000000200000cc                . = ALIGN (0x4)
 *fill*         0x00000000200000c9        0x3 
                0x00000000200000cc                _ebss = .
                0x00000000200000cc                __bss_end__ = _ebss

._user_heap_stack
                0x00000000200000cc      0x604
                0x00000000200000d0                . = ALIGN (0x8)
 *fill*         0x00000000200000cc        0x4 
                [!provide]                        PROVIDE (end = .)
                0x00000000200000d0                PROVIDE (_end = .)
                0x00000000200002d0                . = (. + _Min_Heap_Size)
 *fill*         0x00000000200000d0      0x200 
                0x00000000200006d0                . = (. + _Min_Stack_Size)
 *fill*         0x00000000200002d0      0x400 
                0x00000000200006d0                . = ALIGN (0x8)

/DISCARD/
 libc.a(*)
 libm.a(*)
 libgcc.a(*)

.ARM.attributes
                0x0000000000000000       0x30
 *(.ARM.attributes)
 .ARM.attributes
                0x0000000000000000       0x1e c:/program files (x86)/stmicroelectronics/stm32cubeide_1.11/stm32cubeide/plugins/com.st.stm32cube.ide.mcu.externaltools.gnu-tools-for-stm32.10.3-2021.10.win32_1.0.100.202210260954/tools/bin/../lib/gcc/arm-none-eabi/10.3.1/thumb/v7e-m+fp/hard/crti.o
 .ARM.attributes
                0x000000000000001e       0x34 c:/program files (x86)/stmicroelectronics/stm32cubeide_1.11/stm32cubeide/plugins/com.st.stm32cube.ide.mcu.externaltools.gnu-tools-for-stm32.10.3-2021.10.win32_1.0.100.202210260954/tools/bin/../lib/gcc/arm-none-eabi/10.3.1/thumb/v7e-m+fp/hard/crtbegin.o
 .ARM.attributes
                0x0000000000000052       0x34 ./Core/Src/adc1.o
 .ARM.attributes
                0x0000000000000086       0x34 ./Core/Src/i2c.o
 .ARM.attributes
                0x00000000000000ba       0x34 ./Core/Src/lcd.o
 .ARM.attributes
                0x00000000000000ee       0x34 ./Core/Src/led_gpio.o
 .ARM.attributes
                0x0000000000000122       0x34 ./Core/Src/main.o
 .ARM.attributes
                0x0000000000000156       0x34 ./Core/Src/pwm.o
 .ARM.attributes
                0x000000000000018a       0x34 ./Core/Src/stm32f3xx_it.o
 .ARM.attributes
                0x00000000000001be       0x34 ./Core/Src/sys_clock.o
 .ARM.attributes
                0x00000000000001f2       0x34 ./Core/Src/sysmem.o
 .ARM.attributes
                0x0000000000000226       0x34 ./Core/Src/system_stm32f3xx.o
 .ARM.attributes
                0x000000000000025a       0x21 ./Core/Startup/startup_stm32f303vctx.o
 .ARM.attributes
                0x000000000000027b       0x34 ./Drivers/STM32F3xx_HAL_Driver/Src/stm32f3xx_hal.o
 .ARM.attributes
                0x00000000000002af       0x34 c:/program files (x86)/stmicroelectronics/stm32cubeide_1.11/stm32cubeide/plugins/com.st.stm32cube.ide.mcu.externaltools.gnu-tools-for-stm32.10.3-2021.10.win32_1.0.100.202210260954/tools/bin/../lib/gcc/arm-none-eabi/10.3.1/../../../../arm-none-eabi/lib/thumb/v7e-m+fp/hard\libc_nano.a(lib_a-errno.o)
 .ARM.attributes
                0x00000000000002e3       0x34 c:/program files (x86)/stmicroelectronics/stm32cubeide_1.11/stm32cubeide/plugins/com.st.stm32cube.ide.mcu.externaltools.gnu-tools-for-stm32.10.3-2021.10.win32_1.0.100.202210260954/tools/bin/../lib/gcc/arm-none-eabi/10.3.1/../../../../arm-none-eabi/lib/thumb/v7e-m+fp/hard\libc_nano.a(lib_a-impure.o)
 .ARM.attributes
                0x0000000000000317       0x34 c:/program files (x86)/stmicroelectronics/stm32cubeide_1.11/stm32cubeide/plugins/com.st.stm32cube.ide.mcu.externaltools.gnu-tools-for-stm32.10.3-2021.10.win32_1.0.100.202210260954/tools/bin/../lib/gcc/arm-none-eabi/10.3.1/../../../../arm-none-eabi/lib/thumb/v7e-m+fp/hard\libc_nano.a(lib_a-init.o)
 .ARM.attributes
                0x000000000000034b       0x34 c:/program files (x86)/stmicroelectronics/stm32cubeide_1.11/stm32cubeide/plugins/com.st.stm32cube.ide.mcu.externaltools.gnu-tools-for-stm32.10.3-2021.10.win32_1.0.100.202210260954/tools/bin/../lib/gcc/arm-none-eabi/10.3.1/../../../../arm-none-eabi/lib/thumb/v7e-m+fp/hard\libc_nano.a(lib_a-sprintf.o)
 .ARM.attributes
                0x000000000000037f       0x34 c:/program files (x86)/stmicroelectronics/stm32cubeide_1.11/stm32cubeide/plugins/com.st.stm32cube.ide.mcu.externaltools.gnu-tools-for-stm32.10.3-2021.10.win32_1.0.100.202210260954/tools/bin/../lib/gcc/arm-none-eabi/10.3.1/../../../../arm-none-eabi/lib/thumb/v7e-m+fp/hard\libc_nano.a(lib_a-nano-svfprintf.o)
 .ARM.attributes
                0x00000000000003b3       0x34 c:/program files (x86)/stmicroelectronics/stm32cubeide_1.11/stm32cubeide/plugins/com.st.stm32cube.ide.mcu.externaltools.gnu-tools-for-stm32.10.3-2021.10.win32_1.0.100.202210260954/tools/bin/../lib/gcc/arm-none-eabi/10.3.1/../../../../arm-none-eabi/lib/thumb/v7e-m+fp/hard\libc_nano.a(lib_a-nano-vfprintf_i.o)
 .ARM.attributes
                0x00000000000003e7       0x1c c:/program files (x86)/stmicroelectronics/stm32cubeide_1.11/stm32cubeide/plugins/com.st.stm32cube.ide.mcu.externaltools.gnu-tools-for-stm32.10.3-2021.10.win32_1.0.100.202210260954/tools/bin/../lib/gcc/arm-none-eabi/10.3.1/../../../../arm-none-eabi/lib/thumb/v7e-m+fp/hard\libc_nano.a(lib_a-memchr.o)
 .ARM.attributes
                0x0000000000000403       0x34 c:/program files (x86)/stmicroelectronics/stm32cubeide_1.11/stm32cubeide/plugins/com.st.stm32cube.ide.mcu.externaltools.gnu-tools-for-stm32.10.3-2021.10.win32_1.0.100.202210260954/tools/bin/../lib/gcc/arm-none-eabi/10.3.1/../../../../arm-none-eabi/lib/thumb/v7e-m+fp/hard\libc_nano.a(lib_a-memcpy-stub.o)
 .ARM.attributes
                0x0000000000000437       0x34 c:/program files (x86)/stmicroelectronics/stm32cubeide_1.11/stm32cubeide/plugins/com.st.stm32cube.ide.mcu.externaltools.gnu-tools-for-stm32.10.3-2021.10.win32_1.0.100.202210260954/tools/bin/../lib/gcc/arm-none-eabi/10.3.1/../../../../arm-none-eabi/lib/thumb/v7e-m+fp/hard\libc_nano.a(lib_a-memmove.o)
 .ARM.attributes
                0x000000000000046b       0x34 c:/program files (x86)/stmicroelectronics/stm32cubeide_1.11/stm32cubeide/plugins/com.st.stm32cube.ide.mcu.externaltools.gnu-tools-for-stm32.10.3-2021.10.win32_1.0.100.202210260954/tools/bin/../lib/gcc/arm-none-eabi/10.3.1/../../../../arm-none-eabi/lib/thumb/v7e-m+fp/hard\libc_nano.a(lib_a-nano-freer.o)
 .ARM.attributes
                0x000000000000049f       0x34 c:/program files (x86)/stmicroelectronics/stm32cubeide_1.11/stm32cubeide/plugins/com.st.stm32cube.ide.mcu.externaltools.gnu-tools-for-stm32.10.3-2021.10.win32_1.0.100.202210260954/tools/bin/../lib/gcc/arm-none-eabi/10.3.1/../../../../arm-none-eabi/lib/thumb/v7e-m+fp/hard\libc_nano.a(lib_a-nano-mallocr.o)
 .ARM.attributes
                0x00000000000004d3       0x34 c:/program files (x86)/stmicroelectronics/stm32cubeide_1.11/stm32cubeide/plugins/com.st.stm32cube.ide.mcu.externaltools.gnu-tools-for-stm32.10.3-2021.10.win32_1.0.100.202210260954/tools/bin/../lib/gcc/arm-none-eabi/10.3.1/../../../../arm-none-eabi/lib/thumb/v7e-m+fp/hard\libc_nano.a(lib_a-nano-reallocr.o)
 .ARM.attributes
                0x0000000000000507       0x34 c:/program files (x86)/stmicroelectronics/stm32cubeide_1.11/stm32cubeide/plugins/com.st.stm32cube.ide.mcu.externaltools.gnu-tools-for-stm32.10.3-2021.10.win32_1.0.100.202210260954/tools/bin/../lib/gcc/arm-none-eabi/10.3.1/../../../../arm-none-eabi/lib/thumb/v7e-m+fp/hard\libc_nano.a(lib_a-sbrkr.o)
 .ARM.attributes
                0x000000000000053b       0x34 c:/program files (x86)/stmicroelectronics/stm32cubeide_1.11/stm32cubeide/plugins/com.st.stm32cube.ide.mcu.externaltools.gnu-tools-for-stm32.10.3-2021.10.win32_1.0.100.202210260954/tools/bin/../lib/gcc/arm-none-eabi/10.3.1/../../../../arm-none-eabi/lib/thumb/v7e-m+fp/hard\libc_nano.a(lib_a-mlock.o)
 .ARM.attributes
                0x000000000000056f       0x34 c:/program files (x86)/stmicroelectronics/stm32cubeide_1.11/stm32cubeide/plugins/com.st.stm32cube.ide.mcu.externaltools.gnu-tools-for-stm32.10.3-2021.10.win32_1.0.100.202210260954/tools/bin/../lib/gcc/arm-none-eabi/10.3.1/../../../../arm-none-eabi/lib/thumb/v7e-m+fp/hard\libc_nano.a(lib_a-nano-msizer.o)
 .ARM.attributes
                0x00000000000005a3       0x34 c:/program files (x86)/stmicroelectronics/stm32cubeide_1.11/stm32cubeide/plugins/com.st.stm32cube.ide.mcu.externaltools.gnu-tools-for-stm32.10.3-2021.10.win32_1.0.100.202210260954/tools/bin/../lib/gcc/arm-none-eabi/10.3.1/../../../../arm-none-eabi/lib/thumb/v7e-m+fp/hard\libc_nano.a(lib_a-reent.o)
 .ARM.attributes
                0x00000000000005d7       0x34 c:/program files (x86)/stmicroelectronics/stm32cubeide_1.11/stm32cubeide/plugins/com.st.stm32cube.ide.mcu.externaltools.gnu-tools-for-stm32.10.3-2021.10.win32_1.0.100.202210260954/tools/bin/../lib/gcc/arm-none-eabi/10.3.1/../../../../arm-none-eabi/lib/thumb/v7e-m+fp/hard\libc_nano.a(lib_a-lock.o)
 .ARM.attributes
                0x000000000000060b       0x1e c:/program files (x86)/stmicroelectronics/stm32cubeide_1.11/stm32cubeide/plugins/com.st.stm32cube.ide.mcu.externaltools.gnu-tools-for-stm32.10.3-2021.10.win32_1.0.100.202210260954/tools/bin/../lib/gcc/arm-none-eabi/10.3.1/thumb/v7e-m+fp/hard\libgcc.a(_arm_muldf3.o)
 .ARM.attributes
                0x0000000000000629       0x1e c:/program files (x86)/stmicroelectronics/stm32cubeide_1.11/stm32cubeide/plugins/com.st.stm32cube.ide.mcu.externaltools.gnu-tools-for-stm32.10.3-2021.10.win32_1.0.100.202210260954/tools/bin/../lib/gcc/arm-none-eabi/10.3.1/thumb/v7e-m+fp/hard\libgcc.a(_arm_addsubdf3.o)
 .ARM.attributes
                0x0000000000000647       0x1e c:/program files (x86)/stmicroelectronics/stm32cubeide_1.11/stm32cubeide/plugins/com.st.stm32cube.ide.mcu.externaltools.gnu-tools-for-stm32.10.3-2021.10.win32_1.0.100.202210260954/tools/bin/../lib/gcc/arm-none-eabi/10.3.1/thumb/v7e-m+fp/hard\libgcc.a(_arm_fixunsdfsi.o)
 .ARM.attributes
                0x0000000000000665       0x1e c:/program files (x86)/stmicroelectronics/stm32cubeide_1.11/stm32cubeide/plugins/com.st.stm32cube.ide.mcu.externaltools.gnu-tools-for-stm32.10.3-2021.10.win32_1.0.100.202210260954/tools/bin/../lib/gcc/arm-none-eabi/10.3.1/thumb/v7e-m+fp/hard/crtn.o
OUTPUT(pwm_motor_control.elf elf32-littlearm)
LOAD linker stubs
LOAD c:/program files (x86)/stmicroelectronics/stm32cubeide_1.11/stm32cubeide/plugins/com.st.stm32cube.ide.mcu.externaltools.gnu-tools-for-stm32.10.3-2021.10.win32_1.0.100.202210260954/tools/bin/../lib/gcc/arm-none-eabi/10.3.1/../../../../arm-none-eabi/lib/thumb/v7e-m+fp/hard\libc.a
LOAD c:/program files (x86)/stmicroelectronics/stm32cubeide_1.11/stm32cubeide/plugins/com.st.stm32cube.ide.mcu.externaltools.gnu-tools-for-stm32.10.3-2021.10.win32_1.0.100.202210260954/tools/bin/../lib/gcc/arm-none-eabi/10.3.1/../../../../arm-none-eabi/lib/thumb/v7e-m+fp/hard\libm.a
LOAD c:/program files (x86)/stmicroelectronics/stm32cubeide_1.11/stm32cubeide/plugins/com.st.stm32cube.ide.mcu.externaltools.gnu-tools-for-stm32.10.3-2021.10.win32_1.0.100.202210260954/tools/bin/../lib/gcc/arm-none-eabi/10.3.1/thumb/v7e-m+fp/hard\libgcc.a

.debug_info     0x0000000000000000     0x242e
 .debug_info    0x0000000000000000      0x4d1 ./Core/Src/adc1.o
 .debug_info    0x00000000000004d1      0x369 ./Core/Src/i2c.o
 .debug_info    0x000000000000083a      0x216 ./Core/Src/lcd.o
 .debug_info    0x0000000000000a50      0x2b6 ./Core/Src/led_gpio.o
 .debug_info    0x0000000000000d06      0x27e ./Core/Src/main.o
 .debug_info    0x0000000000000f84      0x3ca ./Core/Src/pwm.o
 .debug_info    0x000000000000134e      0x122 ./Core/Src/stm32f3xx_it.o
 .debug_info    0x0000000000001470      0x20e ./Core/Src/sys_clock.o
 .debug_info    0x000000000000167e      0x171 ./Core/Src/sysmem.o
 .debug_info    0x00000000000017ef      0x416 ./Core/Src/system_stm32f3xx.o
 .debug_info    0x0000000000001c05       0x22 ./Core/Startup/startup_stm32f303vctx.o
 .debug_info    0x0000000000001c27      0x807 ./Drivers/STM32F3xx_HAL_Driver/Src/stm32f3xx_hal.o

.debug_abbrev   0x0000000000000000      0xb5b
 .debug_abbrev  0x0000000000000000      0x132 ./Core/Src/adc1.o
 .debug_abbrev  0x0000000000000132      0x119 ./Core/Src/i2c.o
 .debug_abbrev  0x000000000000024b       0xfe ./Core/Src/lcd.o
 .debug_abbrev  0x0000000000000349       0xdc ./Core/Src/led_gpio.o
 .debug_abbrev  0x0000000000000425      0x12d ./Core/Src/main.o
 .debug_abbrev  0x0000000000000552       0xf4 ./Core/Src/pwm.o
 .debug_abbrev  0x0000000000000646       0x74 ./Core/Src/stm32f3xx_it.o
 .debug_abbrev  0x00000000000006ba       0xb0 ./Core/Src/sys_clock.o
 .debug_abbrev  0x000000000000076a       0xbb ./Core/Src/sysmem.o
 .debug_abbrev  0x0000000000000825      0x116 ./Core/Src/system_stm32f3xx.o
 .debug_abbrev  0x000000000000093b       0x12 ./Core/Startup/startup_stm32f303vctx.o
 .debug_abbrev  0x000000000000094d      0x20e ./Drivers/STM32F3xx_HAL_Driver/Src/stm32f3xx_hal.o

.debug_aranges  0x0000000000000000      0x318
 .debug_aranges
                0x0000000000000000       0x38 ./Core/Src/adc1.o
 .debug_aranges
                0x0000000000000038       0x30 ./Core/Src/i2c.o
 .debug_aranges
                0x0000000000000068       0x58 ./Core/Src/lcd.o
 .debug_aranges
                0x00000000000000c0       0x38 ./Core/Src/led_gpio.o
 .debug_aranges
                0x00000000000000f8       0x20 ./Core/Src/main.o
 .debug_aranges
                0x0000000000000118       0x30 ./Core/Src/pwm.o
 .debug_aranges
                0x0000000000000148       0x60 ./Core/Src/stm32f3xx_it.o
 .debug_aranges
                0x00000000000001a8       0x20 ./Core/Src/sys_clock.o
 .debug_aranges
                0x00000000000001c8       0x20 ./Core/Src/sysmem.o
 .debug_aranges
                0x00000000000001e8       0x28 ./Core/Src/system_stm32f3xx.o
 .debug_aranges
                0x0000000000000210       0x28 ./Core/Startup/startup_stm32f303vctx.o
 .debug_aranges
                0x0000000000000238       0xe0 ./Drivers/STM32F3xx_HAL_Driver/Src/stm32f3xx_hal.o

.debug_ranges   0x0000000000000000      0x260
 .debug_ranges  0x0000000000000000       0x28 ./Core/Src/adc1.o
 .debug_ranges  0x0000000000000028       0x20 ./Core/Src/i2c.o
 .debug_ranges  0x0000000000000048       0x48 ./Core/Src/lcd.o
 .debug_ranges  0x0000000000000090       0x28 ./Core/Src/led_gpio.o
 .debug_ranges  0x00000000000000b8       0x10 ./Core/Src/main.o
 .debug_ranges  0x00000000000000c8       0x20 ./Core/Src/pwm.o
 .debug_ranges  0x00000000000000e8       0x50 ./Core/Src/stm32f3xx_it.o
 .debug_ranges  0x0000000000000138       0x10 ./Core/Src/sys_clock.o
 .debug_ranges  0x0000000000000148       0x10 ./Core/Src/sysmem.o
 .debug_ranges  0x0000000000000158       0x18 ./Core/Src/system_stm32f3xx.o
 .debug_ranges  0x0000000000000170       0x20 ./Core/Startup/startup_stm32f303vctx.o
 .debug_ranges  0x0000000000000190       0xd0 ./Drivers/STM32F3xx_HAL_Driver/Src/stm32f3xx_hal.o

.debug_macro    0x0000000000000000    0x1ca84
 .debug_macro   0x0000000000000000      0x1bf ./Core/Src/adc1.o
 .debug_macro   0x00000000000001bf      0xa78 ./Core/Src/adc1.o
 .debug_macro   0x0000000000000c37       0x2e ./Core/Src/adc1.o
 .debug_macro   0x0000000000000c65       0x28 ./Core/Src/adc1.o
 .debug_macro   0x0000000000000c8d       0x22 ./Core/Src/adc1.o
 .debug_macro   0x0000000000000caf       0x8e ./Core/Src/adc1.o
 .debug_macro   0x0000000000000d3d       0x51 ./Core/Src/adc1.o
 .debug_macro   0x0000000000000d8e      0x103 ./Core/Src/adc1.o
 .debug_macro   0x0000000000000e91       0x6a ./Core/Src/adc1.o
 .debug_macro   0x0000000000000efb      0x1df ./Core/Src/adc1.o
 .debug_macro   0x00000000000010da       0x1c ./Core/Src/adc1.o
 .debug_macro   0x00000000000010f6       0x22 ./Core/Src/adc1.o
 .debug_macro   0x0000000000001118       0xd9 ./Core/Src/adc1.o
 .debug_macro   0x00000000000011f1     0x102d ./Core/Src/adc1.o
 .debug_macro   0x000000000000221e      0x11f ./Core/Src/adc1.o
 .debug_macro   0x000000000000233d    0x12a3a ./Core/Src/adc1.o
 .debug_macro   0x0000000000014d77       0x6d ./Core/Src/adc1.o
 .debug_macro   0x0000000000014de4      0x14b ./Core/Src/adc1.o
 .debug_macro   0x0000000000014f2f     0x3574 ./Core/Src/adc1.o
 .debug_macro   0x00000000000184a3      0x174 ./Core/Src/adc1.o
 .debug_macro   0x0000000000018617       0x55 ./Core/Src/adc1.o
 .debug_macro   0x000000000001866c      0x961 ./Core/Src/adc1.o
 .debug_macro   0x0000000000018fcd      0x5fe ./Core/Src/adc1.o
 .debug_macro   0x00000000000195cb      0x1b5 ./Core/Src/adc1.o
 .debug_macro   0x0000000000019780      0x1fb ./Core/Src/adc1.o
 .debug_macro   0x000000000001997b      0x1dc ./Core/Src/adc1.o
 .debug_macro   0x0000000000019b57      0x1bc ./Core/Src/adc1.o
 .debug_macro   0x0000000000019d13       0x30 ./Core/Src/adc1.o
 .debug_macro   0x0000000000019d43       0x3c ./Core/Src/adc1.o
 .debug_macro   0x0000000000019d7f      0x235 ./Core/Src/adc1.o
 .debug_macro   0x0000000000019fb4       0xc5 ./Core/Src/adc1.o
 .debug_macro   0x000000000001a079      0x21d ./Core/Src/adc1.o
 .debug_macro   0x000000000001a296      0x22c ./Core/Src/adc1.o
 .debug_macro   0x000000000001a4c2       0x5b ./Core/Src/adc1.o
 .debug_macro   0x000000000001a51d       0xa5 ./Core/Src/adc1.o
 .debug_macro   0x000000000001a5c2       0x81 ./Core/Src/adc1.o
 .debug_macro   0x000000000001a643       0xd3 ./Core/Src/adc1.o
 .debug_macro   0x000000000001a716      0x275 ./Core/Src/adc1.o
 .debug_macro   0x000000000001a98b      0x1b9 ./Core/Src/i2c.o
 .debug_macro   0x000000000001ab44      0x1c8 ./Core/Src/lcd.o
 .debug_macro   0x000000000001ad0c       0x28 ./Core/Src/lcd.o
 .debug_macro   0x000000000001ad34      0x1bf ./Core/Src/led_gpio.o
 .debug_macro   0x000000000001aef3      0x362 ./Core/Src/main.o
 .debug_macro   0x000000000001b255      0x166 ./Core/Src/main.o
 .debug_macro   0x000000000001b3bb       0x10 ./Core/Src/main.o
 .debug_macro   0x000000000001b3cb       0x10 ./Core/Src/main.o
 .debug_macro   0x000000000001b3db       0x52 ./Core/Src/main.o
 .debug_macro   0x000000000001b42d       0x1e ./Core/Src/main.o
 .debug_macro   0x000000000001b44b       0x3c ./Core/Src/main.o
 .debug_macro   0x000000000001b487       0x34 ./Core/Src/main.o
 .debug_macro   0x000000000001b4bb       0x16 ./Core/Src/main.o
 .debug_macro   0x000000000001b4d1       0x35 ./Core/Src/main.o
 .debug_macro   0x000000000001b506      0x341 ./Core/Src/main.o
 .debug_macro   0x000000000001b847       0x10 ./Core/Src/main.o
 .debug_macro   0x000000000001b857       0x16 ./Core/Src/main.o
 .debug_macro   0x000000000001b86d       0x43 ./Core/Src/main.o
 .debug_macro   0x000000000001b8b0       0x34 ./Core/Src/main.o
 .debug_macro   0x000000000001b8e4       0x10 ./Core/Src/main.o
 .debug_macro   0x000000000001b8f4       0x58 ./Core/Src/main.o
 .debug_macro   0x000000000001b94c       0x71 ./Core/Src/main.o
 .debug_macro   0x000000000001b9bd       0x1c ./Core/Src/main.o
 .debug_macro   0x000000000001b9d9      0x12a ./Core/Src/main.o
 .debug_macro   0x000000000001bb03       0x10 ./Core/Src/main.o
 .debug_macro   0x000000000001bb13       0x1c ./Core/Src/main.o
 .debug_macro   0x000000000001bb2f       0x52 ./Core/Src/main.o
 .debug_macro   0x000000000001bb81       0x22 ./Core/Src/main.o
 .debug_macro   0x000000000001bba3       0x10 ./Core/Src/main.o
 .debug_macro   0x000000000001bbb3       0x52 ./Core/Src/main.o
 .debug_macro   0x000000000001bc05       0xd5 ./Core/Src/main.o
 .debug_macro   0x000000000001bcda       0x1c ./Core/Src/main.o
 .debug_macro   0x000000000001bcf6       0x3d ./Core/Src/main.o
 .debug_macro   0x000000000001bd33       0x16 ./Core/Src/main.o
 .debug_macro   0x000000000001bd49      0x145 ./Core/Src/main.o
 .debug_macro   0x000000000001be8e      0x1b9 ./Core/Src/pwm.o
 .debug_macro   0x000000000001c047      0x1c8 ./Core/Src/stm32f3xx_it.o
 .debug_macro   0x000000000001c20f      0x1b9 ./Core/Src/sys_clock.o
 .debug_macro   0x000000000001c3c8       0xff ./Core/Src/sysmem.o
 .debug_macro   0x000000000001c4c7      0x23b ./Core/Src/sysmem.o
 .debug_macro   0x000000000001c702      0x1af ./Core/Src/system_stm32f3xx.o
 .debug_macro   0x000000000001c8b1      0x1d3 ./Drivers/STM32F3xx_HAL_Driver/Src/stm32f3xx_hal.o

.debug_line     0x0000000000000000     0x5d62
 .debug_line    0x0000000000000000      0x835 ./Core/Src/adc1.o
 .debug_line    0x0000000000000835      0x8a3 ./Core/Src/i2c.o
 .debug_line    0x00000000000010d8      0x88d ./Core/Src/lcd.o
 .debug_line    0x0000000000001965      0x80a ./Core/Src/led_gpio.o
 .debug_line    0x000000000000216f      0xa74 ./Core/Src/main.o
 .debug_line    0x0000000000002be3      0x7e5 ./Core/Src/pwm.o
 .debug_line    0x00000000000033c8      0x865 ./Core/Src/stm32f3xx_it.o
 .debug_line    0x0000000000003c2d      0x818 ./Core/Src/sys_clock.o
 .debug_line    0x0000000000004445      0x62e ./Core/Src/sysmem.o
 .debug_line    0x0000000000004a73      0x819 ./Core/Src/system_stm32f3xx.o
 .debug_line    0x000000000000528c       0x88 ./Core/Startup/startup_stm32f303vctx.o
 .debug_line    0x0000000000005314      0xa4e ./Drivers/STM32F3xx_HAL_Driver/Src/stm32f3xx_hal.o

.debug_str      0x0000000000000000    0xa8362
 .debug_str     0x0000000000000000    0xa2fdc ./Core/Src/adc1.o
                                      0xa3697 (size before relaxing)
 .debug_str     0x00000000000a2fdc       0x95 ./Core/Src/i2c.o
                                      0xa35db (size before relaxing)
 .debug_str     0x00000000000a3071      0x10a ./Core/Src/lcd.o
                                      0xa35f3 (size before relaxing)
 .debug_str     0x00000000000a317b       0x69 ./Core/Src/led_gpio.o
                                      0xa35b4 (size before relaxing)
 .debug_str     0x00000000000a31e4     0x4344 ./Core/Src/main.o
                                      0xa796e (size before relaxing)
 .debug_str     0x00000000000a7528       0x32 ./Core/Src/pwm.o
                                      0xa35e1 (size before relaxing)
 .debug_str     0x00000000000a755a       0xc9 ./Core/Src/stm32f3xx_it.o
                                      0xa3a8c (size before relaxing)
 .debug_str     0x00000000000a7623       0x49 ./Core/Src/sys_clock.o
                                      0xa357b (size before relaxing)
 .debug_str     0x00000000000a766c      0x4da ./Core/Src/sysmem.o
                                       0x5dac (size before relaxing)
 .debug_str     0x00000000000a7b46       0xc9 ./Core/Src/system_stm32f3xx.o
                                      0xa3602 (size before relaxing)
 .debug_str     0x00000000000a7c0f       0x36 ./Core/Startup/startup_stm32f303vctx.o
                                         0x6e (size before relaxing)
 .debug_str     0x00000000000a7c45      0x71d ./Drivers/STM32F3xx_HAL_Driver/Src/stm32f3xx_hal.o
                                      0xa3e40 (size before relaxing)

.comment        0x0000000000000000       0x50
 .comment       0x0000000000000000       0x50 ./Core/Src/adc1.o
                                         0x51 (size before relaxing)
 .comment       0x0000000000000050       0x51 ./Core/Src/i2c.o
 .comment       0x0000000000000050       0x51 ./Core/Src/lcd.o
 .comment       0x0000000000000050       0x51 ./Core/Src/led_gpio.o
 .comment       0x0000000000000050       0x51 ./Core/Src/main.o
 .comment       0x0000000000000050       0x51 ./Core/Src/pwm.o
 .comment       0x0000000000000050       0x51 ./Core/Src/stm32f3xx_it.o
 .comment       0x0000000000000050       0x51 ./Core/Src/sys_clock.o
 .comment       0x0000000000000050       0x51 ./Core/Src/sysmem.o
 .comment       0x0000000000000050       0x51 ./Core/Src/system_stm32f3xx.o
 .comment       0x0000000000000050       0x51 ./Drivers/STM32F3xx_HAL_Driver/Src/stm32f3xx_hal.o

.debug_frame    0x0000000000000000      0xda0
 .debug_frame   0x0000000000000000       0x94 ./Core/Src/adc1.o
 .debug_frame   0x0000000000000094       0x74 ./Core/Src/i2c.o
 .debug_frame   0x0000000000000108      0x11c ./Core/Src/lcd.o
 .debug_frame   0x0000000000000224       0xa8 ./Core/Src/led_gpio.o
 .debug_frame   0x00000000000002cc       0x30 ./Core/Src/main.o
 .debug_frame   0x00000000000002fc       0x74 ./Core/Src/pwm.o
 .debug_frame   0x0000000000000370      0x104 ./Core/Src/stm32f3xx_it.o
 .debug_frame   0x0000000000000474       0x2c ./Core/Src/sys_clock.o
 .debug_frame   0x00000000000004a0       0x34 ./Core/Src/sysmem.o
 .debug_frame   0x00000000000004d4       0x58 ./Core/Src/system_stm32f3xx.o
 .debug_frame   0x000000000000052c      0x334 ./Drivers/STM32F3xx_HAL_Driver/Src/stm32f3xx_hal.o
 .debug_frame   0x0000000000000860       0x20 c:/program files (x86)/stmicroelectronics/stm32cubeide_1.11/stm32cubeide/plugins/com.st.stm32cube.ide.mcu.externaltools.gnu-tools-for-stm32.10.3-2021.10.win32_1.0.100.202210260954/tools/bin/../lib/gcc/arm-none-eabi/10.3.1/../../../../arm-none-eabi/lib/thumb/v7e-m+fp/hard\libc_nano.a(lib_a-errno.o)
 .debug_frame   0x0000000000000880       0x2c c:/program files (x86)/stmicroelectronics/stm32cubeide_1.11/stm32cubeide/plugins/com.st.stm32cube.ide.mcu.externaltools.gnu-tools-for-stm32.10.3-2021.10.win32_1.0.100.202210260954/tools/bin/../lib/gcc/arm-none-eabi/10.3.1/../../../../arm-none-eabi/lib/thumb/v7e-m+fp/hard\libc_nano.a(lib_a-init.o)
 .debug_frame   0x00000000000008ac       0x6c c:/program files (x86)/stmicroelectronics/stm32cubeide_1.11/stm32cubeide/plugins/com.st.stm32cube.ide.mcu.externaltools.gnu-tools-for-stm32.10.3-2021.10.win32_1.0.100.202210260954/tools/bin/../lib/gcc/arm-none-eabi/10.3.1/../../../../arm-none-eabi/lib/thumb/v7e-m+fp/hard\libc_nano.a(lib_a-sprintf.o)
 .debug_frame   0x0000000000000918       0x90 c:/program files (x86)/stmicroelectronics/stm32cubeide_1.11/stm32cubeide/plugins/com.st.stm32cube.ide.mcu.externaltools.gnu-tools-for-stm32.10.3-2021.10.win32_1.0.100.202210260954/tools/bin/../lib/gcc/arm-none-eabi/10.3.1/../../../../arm-none-eabi/lib/thumb/v7e-m+fp/hard\libc_nano.a(lib_a-nano-svfprintf.o)
 .debug_frame   0x00000000000009a8       0x60 c:/program files (x86)/stmicroelectronics/stm32cubeide_1.11/stm32cubeide/plugins/com.st.stm32cube.ide.mcu.externaltools.gnu-tools-for-stm32.10.3-2021.10.win32_1.0.100.202210260954/tools/bin/../lib/gcc/arm-none-eabi/10.3.1/../../../../arm-none-eabi/lib/thumb/v7e-m+fp/hard\libc_nano.a(lib_a-nano-vfprintf_i.o)
 .debug_frame   0x0000000000000a08       0x28 c:/program files (x86)/stmicroelectronics/stm32cubeide_1.11/stm32cubeide/plugins/com.st.stm32cube.ide.mcu.externaltools.gnu-tools-for-stm32.10.3-2021.10.win32_1.0.100.202210260954/tools/bin/../lib/gcc/arm-none-eabi/10.3.1/../../../../arm-none-eabi/lib/thumb/v7e-m+fp/hard\libc_nano.a(lib_a-memcpy-stub.o)
 .debug_frame   0x0000000000000a30       0x28 c:/program files (x86)/stmicroelectronics/stm32cubeide_1.11/stm32cubeide/plugins/com.st.stm32cube.ide.mcu.externaltools.gnu-tools-for-stm32.10.3-2021.10.win32_1.0.100.202210260954/tools/bin/../lib/gcc/arm-none-eabi/10.3.1/../../../../arm-none-eabi/lib/thumb/v7e-m+fp/hard\libc_nano.a(lib_a-memmove.o)
 .debug_frame   0x0000000000000a58       0x38 c:/program files (x86)/stmicroelectronics/stm32cubeide_1.11/stm32cubeide/plugins/com.st.stm32cube.ide.mcu.externaltools.gnu-tools-for-stm32.10.3-2021.10.win32_1.0.100.202210260954/tools/bin/../lib/gcc/arm-none-eabi/10.3.1/../../../../arm-none-eabi/lib/thumb/v7e-m+fp/hard\libc_nano.a(lib_a-nano-freer.o)
 .debug_frame   0x0000000000000a90       0x4c c:/program files (x86)/stmicroelectronics/stm32cubeide_1.11/stm32cubeide/plugins/com.st.stm32cube.ide.mcu.externaltools.gnu-tools-for-stm32.10.3-2021.10.win32_1.0.100.202210260954/tools/bin/../lib/gcc/arm-none-eabi/10.3.1/../../../../arm-none-eabi/lib/thumb/v7e-m+fp/hard\libc_nano.a(lib_a-nano-mallocr.o)
 .debug_frame   0x0000000000000adc       0x3c c:/program files (x86)/stmicroelectronics/stm32cubeide_1.11/stm32cubeide/plugins/com.st.stm32cube.ide.mcu.externaltools.gnu-tools-for-stm32.10.3-2021.10.win32_1.0.100.202210260954/tools/bin/../lib/gcc/arm-none-eabi/10.3.1/../../../../arm-none-eabi/lib/thumb/v7e-m+fp/hard\libc_nano.a(lib_a-nano-reallocr.o)
 .debug_frame   0x0000000000000b18       0x2c c:/program files (x86)/stmicroelectronics/stm32cubeide_1.11/stm32cubeide/plugins/com.st.stm32cube.ide.mcu.externaltools.gnu-tools-for-stm32.10.3-2021.10.win32_1.0.100.202210260954/tools/bin/../lib/gcc/arm-none-eabi/10.3.1/../../../../arm-none-eabi/lib/thumb/v7e-m+fp/hard\libc_nano.a(lib_a-sbrkr.o)
 .debug_frame   0x0000000000000b44       0x30 c:/program files (x86)/stmicroelectronics/stm32cubeide_1.11/stm32cubeide/plugins/com.st.stm32cube.ide.mcu.externaltools.gnu-tools-for-stm32.10.3-2021.10.win32_1.0.100.202210260954/tools/bin/../lib/gcc/arm-none-eabi/10.3.1/../../../../arm-none-eabi/lib/thumb/v7e-m+fp/hard\libc_nano.a(lib_a-mlock.o)
 .debug_frame   0x0000000000000b74       0x20 c:/program files (x86)/stmicroelectronics/stm32cubeide_1.11/stm32cubeide/plugins/com.st.stm32cube.ide.mcu.externaltools.gnu-tools-for-stm32.10.3-2021.10.win32_1.0.100.202210260954/tools/bin/../lib/gcc/arm-none-eabi/10.3.1/../../../../arm-none-eabi/lib/thumb/v7e-m+fp/hard\libc_nano.a(lib_a-nano-msizer.o)
 .debug_frame   0x0000000000000b94       0x5c c:/program files (x86)/stmicroelectronics/stm32cubeide_1.11/stm32cubeide/plugins/com.st.stm32cube.ide.mcu.externaltools.gnu-tools-for-stm32.10.3-2021.10.win32_1.0.100.202210260954/tools/bin/../lib/gcc/arm-none-eabi/10.3.1/../../../../arm-none-eabi/lib/thumb/v7e-m+fp/hard\libc_nano.a(lib_a-reent.o)
 .debug_frame   0x0000000000000bf0       0xb0 c:/program files (x86)/stmicroelectronics/stm32cubeide_1.11/stm32cubeide/plugins/com.st.stm32cube.ide.mcu.externaltools.gnu-tools-for-stm32.10.3-2021.10.win32_1.0.100.202210260954/tools/bin/../lib/gcc/arm-none-eabi/10.3.1/../../../../arm-none-eabi/lib/thumb/v7e-m+fp/hard\libc_nano.a(lib_a-lock.o)
 .debug_frame   0x0000000000000ca0       0x30 c:/program files (x86)/stmicroelectronics/stm32cubeide_1.11/stm32cubeide/plugins/com.st.stm32cube.ide.mcu.externaltools.gnu-tools-for-stm32.10.3-2021.10.win32_1.0.100.202210260954/tools/bin/../lib/gcc/arm-none-eabi/10.3.1/thumb/v7e-m+fp/hard\libgcc.a(_arm_muldf3.o)
 .debug_frame   0x0000000000000cd0       0xac c:/program files (x86)/stmicroelectronics/stm32cubeide_1.11/stm32cubeide/plugins/com.st.stm32cube.ide.mcu.externaltools.gnu-tools-for-stm32.10.3-2021.10.win32_1.0.100.202210260954/tools/bin/../lib/gcc/arm-none-eabi/10.3.1/thumb/v7e-m+fp/hard\libgcc.a(_arm_addsubdf3.o)
 .debug_frame   0x0000000000000d7c       0x24 c:/program files (x86)/stmicroelectronics/stm32cubeide_1.11/stm32cubeide/plugins/com.st.stm32cube.ide.mcu.externaltools.gnu-tools-for-stm32.10.3-2021.10.win32_1.0.100.202210260954/tools/bin/../lib/gcc/arm-none-eabi/10.3.1/thumb/v7e-m+fp/hard\libgcc.a(_arm_fixunsdfsi.o)
