Archive member included to satisfy reference by file (symbol)

c:/program files (x86)/stmicroelectronics/stm32cubeide_1.11/stm32cubeide/plugins/com.st.stm32cube.ide.mcu.externaltools.gnu-tools-for-stm32.10.3-2021.10.win32_1.0.100.202210260954/tools/bin/../lib/gcc/arm-none-eabi/10.3.1/../../../../arm-none-eabi/lib/thumb/v7e-m+fp/hard\libc_nano.a(lib_a-errno.o)
                              ./Core/Src/syscalls.o (__errno)
c:/program files (x86)/stmicroelectronics/stm32cubeide_1.11/stm32cubeide/plugins/com.st.stm32cube.ide.mcu.externaltools.gnu-tools-for-stm32.10.3-2021.10.win32_1.0.100.202210260954/tools/bin/../lib/gcc/arm-none-eabi/10.3.1/../../../../arm-none-eabi/lib/thumb/v7e-m+fp/hard\libc_nano.a(lib_a-exit.o)
                              c:/program files (x86)/stmicroelectronics/stm32cubeide_1.11/stm32cubeide/plugins/com.st.stm32cube.ide.mcu.externaltools.gnu-tools-for-stm32.10.3-2021.10.win32_1.0.100.202210260954/tools/bin/../lib/gcc/arm-none-eabi/10.3.1/../../../../arm-none-eabi/lib/thumb/v7e-m+fp/hard/crt0.o (exit)
c:/program files (x86)/stmicroelectronics/stm32cubeide_1.11/stm32cubeide/plugins/com.st.stm32cube.ide.mcu.externaltools.gnu-tools-for-stm32.10.3-2021.10.win32_1.0.100.202210260954/tools/bin/../lib/gcc/arm-none-eabi/10.3.1/../../../../arm-none-eabi/lib/thumb/v7e-m+fp/hard\libc_nano.a(lib_a-impure.o)
                              c:/program files (x86)/stmicroelectronics/stm32cubeide_1.11/stm32cubeide/plugins/com.st.stm32cube.ide.mcu.externaltools.gnu-tools-for-stm32.10.3-2021.10.win32_1.0.100.202210260954/tools/bin/../lib/gcc/arm-none-eabi/10.3.1/../../../../arm-none-eabi/lib/thumb/v7e-m+fp/hard\libc_nano.a(lib_a-exit.o) (_global_impure_ptr)
c:/program files (x86)/stmicroelectronics/stm32cubeide_1.11/stm32cubeide/plugins/com.st.stm32cube.ide.mcu.externaltools.gnu-tools-for-stm32.10.3-2021.10.win32_1.0.100.202210260954/tools/bin/../lib/gcc/arm-none-eabi/10.3.1/../../../../arm-none-eabi/lib/thumb/v7e-m+fp/hard\libc_nano.a(lib_a-init.o)
                              c:/program files (x86)/stmicroelectronics/stm32cubeide_1.11/stm32cubeide/plugins/com.st.stm32cube.ide.mcu.externaltools.gnu-tools-for-stm32.10.3-2021.10.win32_1.0.100.202210260954/tools/bin/../lib/gcc/arm-none-eabi/10.3.1/../../../../arm-none-eabi/lib/thumb/v7e-m+fp/hard/crt0.o (__libc_init_array)
c:/program files (x86)/stmicroelectronics/stm32cubeide_1.11/stm32cubeide/plugins/com.st.stm32cube.ide.mcu.externaltools.gnu-tools-for-stm32.10.3-2021.10.win32_1.0.100.202210260954/tools/bin/../lib/gcc/arm-none-eabi/10.3.1/../../../../arm-none-eabi/lib/thumb/v7e-m+fp/hard\libc_nano.a(lib_a-memset.o)
                              c:/program files (x86)/stmicroelectronics/stm32cubeide_1.11/stm32cubeide/plugins/com.st.stm32cube.ide.mcu.externaltools.gnu-tools-for-stm32.10.3-2021.10.win32_1.0.100.202210260954/tools/bin/../lib/gcc/arm-none-eabi/10.3.1/../../../../arm-none-eabi/lib/thumb/v7e-m+fp/hard/crt0.o (memset)

Discarded input sections

 .text          0x0000000000000000        0x0 c:/program files (x86)/stmicroelectronics/stm32cubeide_1.11/stm32cubeide/plugins/com.st.stm32cube.ide.mcu.externaltools.gnu-tools-for-stm32.10.3-2021.10.win32_1.0.100.202210260954/tools/bin/../lib/gcc/arm-none-eabi/10.3.1/thumb/v7e-m+fp/hard/crti.o
 .data          0x0000000000000000        0x0 c:/program files (x86)/stmicroelectronics/stm32cubeide_1.11/stm32cubeide/plugins/com.st.stm32cube.ide.mcu.externaltools.gnu-tools-for-stm32.10.3-2021.10.win32_1.0.100.202210260954/tools/bin/../lib/gcc/arm-none-eabi/10.3.1/thumb/v7e-m+fp/hard/crti.o
 .bss           0x0000000000000000        0x0 c:/program files (x86)/stmicroelectronics/stm32cubeide_1.11/stm32cubeide/plugins/com.st.stm32cube.ide.mcu.externaltools.gnu-tools-for-stm32.10.3-2021.10.win32_1.0.100.202210260954/tools/bin/../lib/gcc/arm-none-eabi/10.3.1/thumb/v7e-m+fp/hard/crti.o
 .data          0x0000000000000000        0x4 c:/program files (x86)/stmicroelectronics/stm32cubeide_1.11/stm32cubeide/plugins/com.st.stm32cube.ide.mcu.externaltools.gnu-tools-for-stm32.10.3-2021.10.win32_1.0.100.202210260954/tools/bin/../lib/gcc/arm-none-eabi/10.3.1/thumb/v7e-m+fp/hard/crtbegin.o
 .rodata        0x0000000000000000       0x24 c:/program files (x86)/stmicroelectronics/stm32cubeide_1.11/stm32cubeide/plugins/com.st.stm32cube.ide.mcu.externaltools.gnu-tools-for-stm32.10.3-2021.10.win32_1.0.100.202210260954/tools/bin/../lib/gcc/arm-none-eabi/10.3.1/thumb/v7e-m+fp/hard/crtbegin.o
 .text          0x0000000000000000       0x7c c:/program files (x86)/stmicroelectronics/stm32cubeide_1.11/stm32cubeide/plugins/com.st.stm32cube.ide.mcu.externaltools.gnu-tools-for-stm32.10.3-2021.10.win32_1.0.100.202210260954/tools/bin/../lib/gcc/arm-none-eabi/10.3.1/../../../../arm-none-eabi/lib/thumb/v7e-m+fp/hard/crt0.o
[...]
Memory Configuration

Name             Origin             Length             Attributes
CCMRAM           0x0000000010000000 0x0000000000002000 xrw
RAM              0x0000000020000000 0x000000000000a000 xrw
FLASH            0x0000000008000000 0x0000000000040000 xr
*default*        0x0000000000000000 0xffffffffffffffff

Linker script and memory map

LOAD c:/program files (x86)/stmicroelectronics/stm32cubeide_1.11/stm32cubeide/plugins/com.st.stm32cube.ide.mcu.externaltools.gnu-tools-for-stm32.10.3-2021.10.win32_1.0.100.202210260954/tools/bin/../lib/gcc/arm-none-eabi/10.3.1/thumb/v7e-m+fp/hard/crti.o
LOAD c:/program files (x86)/stmicroelectronics/stm32cubeide_1.11/stm32cubeide/plugins/com.st.stm32cube.ide.mcu.externaltools.gnu-tools-for-stm32.10.3-2021.10.win32_1.0.100.202210260954/tools/bin/../lib/gcc/arm-none-eabi/10.3.1/thumb/v7e-m+fp/hard/crtbegin.o
LOAD c:/program files (x86)/stmicroelectronics/stm32cubeide_1.11/stm32cubeide/plugins/com.st.stm32cube.ide.mcu.externaltools.gnu-tools-for-stm32.10.3-2021.10.win32_1.0.100.202210260954/tools/bin/../lib/gcc/arm-none-eabi/10.3.1/../../../../arm-none-eabi/lib/thumb/v7e-m+fp/hard/crt0.o
LOAD ./Core/Src/adc1.o
LOAD ./Core/Src/i2c.o
LOAD ./Core/Src/led_gpio.o
LOAD ./Core/Src/main.o
LOAD ./Core/Src/stm32f3xx_hal_msp.o
LOAD ./Core/Src/stm32f3xx_it.o
LOAD ./Core/Src/sys_clock.o
LOAD ./Core/Src/syscalls.o
LOAD ./Core/Src/sysmem.o
LOAD ./Core/Src/system_stm32f3xx.o
LOAD ./Core/Startup/startup_stm32f303vctx.o
LOAD ./Drivers/STM32F3xx_HAL_Driver/Src/stm32f3xx_hal.o
LOAD ./Drivers/STM32F3xx_HAL_Driver/Src/stm32f3xx_hal_cortex.o
LOAD ./Drivers/STM32F3xx_HAL_Driver/Src/stm32f3xx_hal_dma.o
LOAD ./Drivers/STM32F3xx_HAL_Driver/Src/stm32f3xx_hal_exti.o
LOAD ./Drivers/STM32F3xx_HAL_Driver/Src/stm32f3xx_hal_flash.o
LOAD ./Drivers/STM32F3xx_HAL_Driver/Src/stm32f3xx_hal_flash_ex.o
LOAD ./Drivers/STM32F3xx_HAL_Driver/Src/stm32f3xx_hal_gpio.o
LOAD ./Drivers/STM32F3xx_HAL_Driver/Src/stm32f3xx_hal_i2c.o
LOAD ./Drivers/STM32F3xx_HAL_Driver/Src/stm32f3xx_hal_i2c_ex.o
LOAD ./Drivers/STM32F3xx_HAL_Driver/Src/stm32f3xx_hal_pwr.o
LOAD ./Drivers/STM32F3xx_HAL_Driver/Src/stm32f3xx_hal_pwr_ex.o
LOAD ./Drivers/STM32F3xx_HAL_Driver/Src/stm32f3xx_hal_rcc.o
LOAD ./Drivers/STM32F3xx_HAL_Driver/Src/stm32f3xx_hal_rcc_ex.o
START GROUP
LOAD c:/program files (x86)/stmicroelectronics/stm32cubeide_1.11/stm32cubeide/plugins/com.st.stm32cube.ide.mcu.externaltools.gnu-tools-for-stm32.10.3-2021.10.win32_1.0.100.202210260954/tools/bin/../lib/gcc/arm-none-eabi/10.3.1/../../../../arm-none-eabi/lib/thumb/v7e-m+fp/hard\libc_nano.a
LOAD c:/program files (x86)/stmicroelectronics/stm32cubeide_1.11/stm32cubeide/plugins/com.st.stm32cube.ide.mcu.externaltools.gnu-tools-for-stm32.10.3-2021.10.win32_1.0.100.202210260954/tools/bin/../lib/gcc/arm-none-eabi/10.3.1/../../../../arm-none-eabi/lib/thumb/v7e-m+fp/hard\libm.a
END GROUP
START GROUP
LOAD c:/program files (x86)/stmicroelectronics/stm32cubeide_1.11/stm32cubeide/plugins/com.st.stm32cube.ide.mcu.externaltools.gnu-tools-for-stm32.10.3-2021.10.win32_1.0.100.202210260954/tools/bin/../lib/gcc/arm-none-eabi/10.3.1/thumb/v7e-m+fp/hard\libgcc.a
LOAD c:/program files (x86)/stmicroelectronics/stm32cubeide_1.11/stm32cubeide/plugins/com.st.stm32cube.ide.mcu.externaltools.gnu-tools-for-stm32.10.3-2021.10.win32_1.0.100.202210260954/tools/bin/../lib/gcc/arm-none-eabi/10.3.1/../../../../arm-none-eabi/lib/thumb/v7e-m+fp/hard\libc_nano.a
END GROUP
START GROUP
LOAD c:/program files (x86)/stmicroelectronics/stm32cubeide_1.11/stm32cubeide/plugins/com.st.stm32cube.ide.mcu.externaltools.gnu-tools-for-stm32.10.3-2021.10.win32_1.0.100.202210260954/tools/bin/../lib/gcc/arm-none-eabi/10.3.1/thumb/v7e-m+fp/hard\libgcc.a
LOAD c:/program files (x86)/stmicroelectronics/stm32cubeide_1.11/stm32cubeide/plugins/com.st.stm32cube.ide.mcu.externaltools.gnu-tools-for-stm32.10.3-2021.10.win32_1.0.100.202210260954/tools/bin/../lib/gcc/arm-none-eabi/10.3.1/../../../../arm-none-eabi/lib/thumb/v7e-m+fp/hard\libc_nano.a
LOAD c:/program files (x86)/stmicroelectronics/stm32cubeide_1.11/stm32cubeide/plugins/com.st.stm32cube.ide.mcu.externaltools.gnu-tools-for-stm32.10.3-2021.10.win32_1.0.100.202210260954/tools/bin/../lib/gcc/arm-none-eabi/10.3.1/../../../../arm-none-eabi/lib/thumb/v7e-m+fp/hard\libnosys.a
END GROUP
START GROUP
LOAD c:/program files (x86)/stmicroelectronics/stm32cubeide_1.11/stm32cubeide/plugins/com.st.stm32cube.ide.mcu.externaltools.gnu-tools-for-stm32.10.3-2021.10.win32_1.0.100.202210260954/tools/bin/../lib/gcc/arm-none-eabi/10.3.1/thumb/v7e-m+fp/hard\libgcc.a
LOAD c:/program files (x86)/stmicroelectronics/stm32cubeide_1.11/stm32cubeide/plugins/com.st.stm32cube.ide.mcu.externaltools.gnu-tools-for-stm32.10.3-2021.10.win32_1.0.100.202210260954/tools/bin/../lib/gcc/arm-none-eabi/10.3.1/../../../../arm-none-eabi/lib/thumb/v7e-m+fp/hard\libc_nano.a
LOAD c:/program files (x86)/stmicroelectronics/stm32cubeide_1.11/stm32cubeide/plugins/com.st.stm32cube.ide.mcu.externaltools.gnu-tools-for-stm32.10.3-2021.10.win32_1.0.100.202210260954/tools/bin/../lib/gcc/arm-none-eabi/10.3.1/../../../../arm-none-eabi/lib/thumb/v7e-m+fp/hard\libnosys.a
END GROUP
LOAD c:/program files (x86)/stmicroelectronics/stm32cubeide_1.11/stm32cubeide/plugins/com.st.stm32cube.ide.mcu.externaltools.gnu-tools-for-stm32.10.3-2021.10.win32_1.0.100.202210260954/tools/bin/../lib/gcc/arm-none-eabi/10.3.1/thumb/v7e-m+fp/hard/crtend.o
LOAD c:/program files (x86)/stmicroelectronics/stm32cubeide_1.11/stm32cubeide/plugins/com.st.stm32cube.ide.mcu.externaltools.gnu-tools-for-stm32.10.3-2021.10.win32_1.0.100.202210260954/tools/bin/../lib/gcc/arm-none-eabi/10.3.1/thumb/v7e-m+fp/hard/crtn.o
                0x000000002000a000                _estack = (ORIGIN (RAM) + LENGTH (RAM))
                0x0000000000000200                _Min_Heap_Size = 0x200
                0x0000000000000400                _Min_Stack_Size = 0x400

.isr_vector     0x0000000008000000      0x188
                0x0000000008000000                . = ALIGN (0x4)
 *(.isr_vector)
 .isr_vector    0x0000000008000000      0x188 ./Core/Startup/startup_stm32f303vctx.o
                0x0000000008000000                g_pfnVectors
                0x0000000008000188                . = ALIGN (0x4)

.text           0x0000000008000188      0x5dc
                0x0000000008000188                . = ALIGN (0x4)
 *(.text)
 .text          0x0000000008000188       0x40 c:/program files (x86)/stmicroelectronics/stm32cubeide_1.11/stm32cubeide/plugins/com.st.stm32cube.ide.mcu.externaltools.gnu-tools-for-stm32.10.3-2021.10.win32_1.0.100.202210260954/tools/bin/../lib/gcc/arm-none-eabi/10.3.1/thumb/v7e-m+fp/hard/crtbegin.o
 *(.text*)
 .text.gpio_init
                0x00000000080001c8       0x40 ./Core/Src/adc1.o
                0x00000000080001c8                gpio_init
 .text.adc1_init
                0x0000000008000208       0xa4 ./Core/Src/adc1.o
                0x0000000008000208                adc1_init
 .text.adc1_start_conversion
                0x00000000080002ac       0x1e ./Core/Src/adc1.o
                0x00000000080002ac                adc1_start_conversion
 .text.adc1_read
                0x00000000080002ca       0x24 ./Core/Src/adc1.o
                0x00000000080002ca                adc1_read
 *fill*         0x00000000080002ee        0x2 
 .text.gpiod_init
                0x00000000080002f0       0x80 ./Core/Src/led_gpio.o
                0x00000000080002f0                gpiod_init
 .text.green_led
                0x0000000008000370       0x24 ./Core/Src/led_gpio.o
                0x0000000008000370                green_led
 .text.yellow_led
                0x0000000008000394       0x24 ./Core/Src/led_gpio.o
                0x0000000008000394                yellow_led
 .text.red_led  0x00000000080003b8       0x24 ./Core/Src/led_gpio.o
                0x00000000080003b8                red_led
 .text.main     0x00000000080003dc       0x98 ./Core/Src/main.o
                0x00000000080003dc                main
 .text.NMI_Handler
                0x0000000008000474        0x6 ./Core/Src/stm32f3xx_it.o
                0x0000000008000474                NMI_Handler
 .text.HardFault_Handler
                0x000000000800047a        0x6 ./Core/Src/stm32f3xx_it.o
                0x000000000800047a                HardFault_Handler
 .text.MemManage_Handler
                0x0000000008000480        0x6 ./Core/Src/stm32f3xx_it.o
                0x0000000008000480                MemManage_Handler
 .text.BusFault_Handler
                0x0000000008000486        0x6 ./Core/Src/stm32f3xx_it.o
                0x0000000008000486                BusFault_Handler
 .text.UsageFault_Handler
                0x000000000800048c        0x6 ./Core/Src/stm32f3xx_it.o
                0x000000000800048c                UsageFault_Handler
 .text.SVC_Handler
                0x0000000008000492        0xe ./Core/Src/stm32f3xx_it.o
                0x0000000008000492                SVC_Handler
 .text.DebugMon_Handler
                0x00000000080004a0        0xe ./Core/Src/stm32f3xx_it.o
                0x00000000080004a0                DebugMon_Handler
 .text.PendSV_Handler
                0x00000000080004ae        0xe ./Core/Src/stm32f3xx_it.o
                0x00000000080004ae                PendSV_Handler
 .text.SysTick_Handler
                0x00000000080004bc        0xc ./Core/Src/stm32f3xx_it.o
                0x00000000080004bc                SysTick_Handler
 .text.clock_init
                0x00000000080004c8       0xbc ./Core/Src/sys_clock.o
                0x00000000080004c8                clock_init
 .text.SystemInit
                0x0000000008000584       0x24 ./Core/Src/system_stm32f3xx.o
                0x0000000008000584                SystemInit
 .text.SystemCoreClockUpdate
                0x00000000080005a8       0xe0 ./Core/Src/system_stm32f3xx.o
                0x00000000080005a8                SystemCoreClockUpdate
 .text.Reset_Handler
                0x0000000008000688       0x50 ./Core/Startup/startup_stm32f303vctx.o
                0x0000000008000688                Reset_Handler
 .text.Default_Handler
                0x00000000080006d8        0x2 ./Core/Startup/startup_stm32f303vctx.o
                0x00000000080006d8                RTC_Alarm_IRQHandler
                0x00000000080006d8                TIM8_TRG_COM_IRQHandler
                0x00000000080006d8                TIM8_CC_IRQHandler
                0x00000000080006d8                TIM1_CC_IRQHandler
                0x00000000080006d8                USB_HP_IRQHandler
                0x00000000080006d8                PVD_IRQHandler
                0x00000000080006d8                TAMP_STAMP_IRQHandler
                0x00000000080006d8                EXTI3_IRQHandler
                0x00000000080006d8                USB_HP_CAN_TX_IRQHandler
                0x00000000080006d8                EXTI0_IRQHandler
                0x00000000080006d8                I2C2_EV_IRQHandler
                0x00000000080006d8                FPU_IRQHandler
                0x00000000080006d8                TIM1_UP_TIM16_IRQHandler
                0x00000000080006d8                ADC1_2_IRQHandler
                0x00000000080006d8                SPI1_IRQHandler
                0x00000000080006d8                CAN_SCE_IRQHandler
                0x00000000080006d8                TIM6_DAC_IRQHandler
                0x00000000080006d8                TIM8_UP_IRQHandler
                0x00000000080006d8                DMA2_Channel2_IRQHandler
                0x00000000080006d8                DMA1_Channel4_IRQHandler
                0x00000000080006d8                USART3_IRQHandler
                0x00000000080006d8                DMA1_Channel7_IRQHandler
                0x00000000080006d8                UART5_IRQHandler
                0x00000000080006d8                ADC3_IRQHandler
                0x00000000080006d8                TIM4_IRQHandler
                0x00000000080006d8                CAN_RX1_IRQHandler
                0x00000000080006d8                DMA2_Channel1_IRQHandler
                0x00000000080006d8                I2C1_EV_IRQHandler
                0x00000000080006d8                DMA1_Channel6_IRQHandler
                0x00000000080006d8                UART4_IRQHandler
                0x00000000080006d8                DMA2_Channel4_IRQHandler
                0x00000000080006d8                TIM3_IRQHandler
                0x00000000080006d8                RCC_IRQHandler
                0x00000000080006d8                DMA1_Channel1_IRQHandler
                0x00000000080006d8                Default_Handler
                0x00000000080006d8                USBWakeUp_RMP_IRQHandler
                0x00000000080006d8                EXTI15_10_IRQHandler
                0x00000000080006d8                TIM7_IRQHandler
                0x00000000080006d8                EXTI9_5_IRQHandler
                0x00000000080006d8                RTC_WKUP_IRQHandler
                0x00000000080006d8                SPI2_IRQHandler
                0x00000000080006d8                USB_LP_CAN_RX0_IRQHandler
                0x00000000080006d8                DMA2_Channel5_IRQHandler
                0x00000000080006d8                DMA1_Channel5_IRQHandler
                0x00000000080006d8                USB_LP_IRQHandler
                0x00000000080006d8                EXTI4_IRQHandler
                0x00000000080006d8                TIM1_TRG_COM_TIM17_IRQHandler
                0x00000000080006d8                DMA1_Channel3_IRQHandler
                0x00000000080006d8                ADC4_IRQHandler
                0x00000000080006d8                WWDG_IRQHandler
                0x00000000080006d8                TIM2_IRQHandler
                0x00000000080006d8                COMP7_IRQHandler
                0x00000000080006d8                COMP1_2_3_IRQHandler
                0x00000000080006d8                EXTI1_IRQHandler
                0x00000000080006d8                USART2_IRQHandler
                0x00000000080006d8                COMP4_5_6_IRQHandler
                0x00000000080006d8                I2C2_ER_IRQHandler
                0x00000000080006d8                DMA1_Channel2_IRQHandler
                0x00000000080006d8                TIM8_BRK_IRQHandler
                0x00000000080006d8                FLASH_IRQHandler
                0x00000000080006d8                USART1_IRQHandler
                0x00000000080006d8                SPI3_IRQHandler
                0x00000000080006d8                I2C1_ER_IRQHandler
                0x00000000080006d8                USBWakeUp_IRQHandler
                0x00000000080006d8                DMA2_Channel3_IRQHandler
                0x00000000080006d8                EXTI2_TSC_IRQHandler
                0x00000000080006d8                TIM1_BRK_TIM15_IRQHandler
 *fill*         0x00000000080006da        0x2 
 .text.HAL_IncTick
                0x00000000080006dc       0x28 ./Drivers/STM32F3xx_HAL_Driver/Src/stm32f3xx_hal.o
                0x00000000080006dc                HAL_IncTick
 .text.__libc_init_array
                0x0000000008000704       0x48 c:/program files (x86)/stmicroelectronics/stm32cubeide_1.11/stm32cubeide/plugins/com.st.stm32cube.ide.mcu.externaltools.gnu-tools-for-stm32.10.3-2021.10.win32_1.0.100.202210260954/tools/bin/../lib/gcc/arm-none-eabi/10.3.1/../../../../arm-none-eabi/lib/thumb/v7e-m+fp/hard\libc_nano.a(lib_a-init.o)
                0x0000000008000704                __libc_init_array
 *(.glue_7)
 .glue_7        0x000000000800074c        0x0 linker stubs
 *(.glue_7t)
 .glue_7t       0x000000000800074c        0x0 linker stubs
 *(.eh_frame)
 .eh_frame      0x000000000800074c        0x0 c:/program files (x86)/stmicroelectronics/stm32cubeide_1.11/stm32cubeide/plugins/com.st.stm32cube.ide.mcu.externaltools.gnu-tools-for-stm32.10.3-2021.10.win32_1.0.100.202210260954/tools/bin/../lib/gcc/arm-none-eabi/10.3.1/thumb/v7e-m+fp/hard/crtbegin.o
 *(.init)
 .init          0x000000000800074c        0x4 c:/program files (x86)/stmicroelectronics/stm32cubeide_1.11/stm32cubeide/plugins/com.st.stm32cube.ide.mcu.externaltools.gnu-tools-for-stm32.10.3-2021.10.win32_1.0.100.202210260954/tools/bin/../lib/gcc/arm-none-eabi/10.3.1/thumb/v7e-m+fp/hard/crti.o
                0x000000000800074c                _init
 .init          0x0000000008000750        0x8 c:/program files (x86)/stmicroelectronics/stm32cubeide_1.11/stm32cubeide/plugins/com.st.stm32cube.ide.mcu.externaltools.gnu-tools-for-stm32.10.3-2021.10.win32_1.0.100.202210260954/tools/bin/../lib/gcc/arm-none-eabi/10.3.1/thumb/v7e-m+fp/hard/crtn.o
 *(.fini)
 .fini          0x0000000008000758        0x4 c:/program files (x86)/stmicroelectronics/stm32cubeide_1.11/stm32cubeide/plugins/com.st.stm32cube.ide.mcu.externaltools.gnu-tools-for-stm32.10.3-2021.10.win32_1.0.100.202210260954/tools/bin/../lib/gcc/arm-none-eabi/10.3.1/thumb/v7e-m+fp/hard/crti.o
                0x0000000008000758                _fini
 .fini          0x000000000800075c        0x8 c:/program files (x86)/stmicroelectronics/stm32cubeide_1.11/stm32cubeide/plugins/com.st.stm32cube.ide.mcu.externaltools.gnu-tools-for-stm32.10.3-2021.10.win32_1.0.100.202210260954/tools/bin/../lib/gcc/arm-none-eabi/10.3.1/thumb/v7e-m+fp/hard/crtn.o
                0x0000000008000764                . = ALIGN (0x4)
                0x0000000008000764                _etext = .

.vfp11_veneer   0x0000000008000764        0x0
 .vfp11_veneer  0x0000000008000764        0x0 linker stubs

.v4_bx          0x0000000008000764        0x0
 .v4_bx         0x0000000008000764        0x0 linker stubs

.iplt           0x0000000008000764        0x0
 .iplt          0x0000000008000764        0x0 c:/program files (x86)/stmicroelectronics/stm32cubeide_1.11/stm32cubeide/plugins/com.st.stm32cube.ide.mcu.externaltools.gnu-tools-for-stm32.10.3-2021.10.win32_1.0.100.202210260954/tools/bin/../lib/gcc/arm-none-eabi/10.3.1/thumb/v7e-m+fp/hard/crtbegin.o

.rodata         0x0000000008000764       0x10
                0x0000000008000764                . = ALIGN (0x4)
 *(.rodata)
 *(.rodata*)
 .rodata.AHBPrescTable
                0x0000000008000764       0x10 ./Core/Src/system_stm32f3xx.o
                0x0000000008000764                AHBPrescTable
                0x0000000008000774                . = ALIGN (0x4)

.rel.dyn        0x0000000008000774        0x0
 .rel.iplt      0x0000000008000774        0x0 c:/program files (x86)/stmicroelectronics/stm32cubeide_1.11/stm32cubeide/plugins/com.st.stm32cube.ide.mcu.externaltools.gnu-tools-for-stm32.10.3-2021.10.win32_1.0.100.202210260954/tools/bin/../lib/gcc/arm-none-eabi/10.3.1/thumb/v7e-m+fp/hard/crtbegin.o

.ARM.extab      0x0000000008000774        0x0
                0x0000000008000774                . = ALIGN (0x4)
 *(.ARM.extab* .gnu.linkonce.armextab.*)
                0x0000000008000774                . = ALIGN (0x4)

.ARM            0x0000000008000774        0x0
                0x0000000008000774                . = ALIGN (0x4)
                0x0000000008000774                __exidx_start = .
 *(.ARM.exidx*)
                0x0000000008000774                __exidx_end = .
                0x0000000008000774                . = ALIGN (0x4)

.preinit_array  0x0000000008000774        0x0
                0x0000000008000774                . = ALIGN (0x4)
                0x0000000008000774                PROVIDE (__preinit_array_start = .)
 *(.preinit_array*)
                0x0000000008000774                PROVIDE (__preinit_array_end = .)
                0x0000000008000774                . = ALIGN (0x4)

.init_array     0x0000000008000774        0x4
                0x0000000008000774                . = ALIGN (0x4)
                0x0000000008000774                PROVIDE (__init_array_start = .)
 *(SORT_BY_NAME(.init_array.*))
 *(.init_array*)
 .init_array    0x0000000008000774        0x4 c:/program files (x86)/stmicroelectronics/stm32cubeide_1.11/stm32cubeide/plugins/com.st.stm32cube.ide.mcu.externaltools.gnu-tools-for-stm32.10.3-2021.10.win32_1.0.100.202210260954/tools/bin/../lib/gcc/arm-none-eabi/10.3.1/thumb/v7e-m+fp/hard/crtbegin.o
                0x0000000008000778                PROVIDE (__init_array_end = .)
                0x0000000008000778                . = ALIGN (0x4)

.fini_array     0x0000000008000778        0x4
                0x0000000008000778                . = ALIGN (0x4)
                [!provide]                        PROVIDE (__fini_array_start = .)
 *(SORT_BY_NAME(.fini_array.*))
 *(.fini_array*)
 .fini_array    0x0000000008000778        0x4 c:/program files (x86)/stmicroelectronics/stm32cubeide_1.11/stm32cubeide/plugins/com.st.stm32cube.ide.mcu.externaltools.gnu-tools-for-stm32.10.3-2021.10.win32_1.0.100.202210260954/tools/bin/../lib/gcc/arm-none-eabi/10.3.1/thumb/v7e-m+fp/hard/crtbegin.o
                [!provide]                        PROVIDE (__fini_array_end = .)
                0x000000000800077c                . = ALIGN (0x4)
                0x000000000800077c                _sidata = LOADADDR (.data)

.data           0x0000000020000000        0x8 load address 0x000000000800077c
                0x0000000020000000                . = ALIGN (0x4)
                0x0000000020000000                _sdata = .
 *(.data)
 *(.data*)
 .data.SystemCoreClock
                0x0000000020000000        0x4 ./Core/Src/system_stm32f3xx.o
                0x0000000020000000                SystemCoreClock
 .data.uwTickFreq
                0x0000000020000004        0x1 ./Drivers/STM32F3xx_HAL_Driver/Src/stm32f3xx_hal.o
                0x0000000020000004                uwTickFreq
 *(.RamFunc)
 *(.RamFunc*)
                0x0000000020000008                . = ALIGN (0x4)
 *fill*         0x0000000020000005        0x3 
                0x0000000020000008                _edata = .
                0x0000000008000784                _siccmram = LOADADDR (.ccmram)

.igot.plt       0x0000000020000008        0x0 load address 0x0000000008000784
 .igot.plt      0x0000000020000008        0x0 c:/program files (x86)/stmicroelectronics/stm32cubeide_1.11/stm32cubeide/plugins/com.st.stm32cube.ide.mcu.externaltools.gnu-tools-for-stm32.10.3-2021.10.win32_1.0.100.202210260954/tools/bin/../lib/gcc/arm-none-eabi/10.3.1/thumb/v7e-m+fp/hard/crtbegin.o

.ccmram         0x0000000010000000        0x0 load address 0x0000000008000784
                0x0000000010000000                . = ALIGN (0x4)
                0x0000000010000000                _sccmram = .
 *(.ccmram)
 *(.ccmram*)
                0x0000000010000000                . = ALIGN (0x4)
                0x0000000010000000                _eccmram = .
                0x0000000010000000                . = ALIGN (0x4)

.bss            0x0000000020000008       0x24
                0x0000000020000008                _sbss = .
                0x0000000020000008                __bss_start__ = _sbss
 *(.bss)
 .bss           0x0000000020000008       0x1c c:/program files (x86)/stmicroelectronics/stm32cubeide_1.11/stm32cubeide/plugins/com.st.stm32cube.ide.mcu.externaltools.gnu-tools-for-stm32.10.3-2021.10.win32_1.0.100.202210260954/tools/bin/../lib/gcc/arm-none-eabi/10.3.1/thumb/v7e-m+fp/hard/crtbegin.o
 *(.bss*)
 .bss.conv      0x0000000020000024        0x4 ./Core/Src/main.o
                0x0000000020000024                conv
 .bss.uwTick    0x0000000020000028        0x4 ./Drivers/STM32F3xx_HAL_Driver/Src/stm32f3xx_hal.o
                0x0000000020000028                uwTick
 *(COMMON)
                0x000000002000002c                . = ALIGN (0x4)
                0x000000002000002c                _ebss = .
                0x000000002000002c                __bss_end__ = _ebss

._user_heap_stack
                0x000000002000002c      0x604
                0x0000000020000030                . = ALIGN (0x8)
 *fill*         0x000000002000002c        0x4 
                [!provide]                        PROVIDE (end = .)
                0x0000000020000030                PROVIDE (_end = .)
                0x0000000020000230                . = (. + _Min_Heap_Size)
 *fill*         0x0000000020000030      0x200 
                0x0000000020000630                . = (. + _Min_Stack_Size)
 *fill*         0x0000000020000230      0x400 
                0x0000000020000630                . = ALIGN (0x8)

/DISCARD/
 libc.a(*)
 libm.a(*)
 libgcc.a(*)

.ARM.attributes
                0x0000000000000000       0x30
 *(.ARM.attributes)
 .ARM.attributes
                0x0000000000000000       0x1e c:/program files (x86)/stmicroelectronics/stm32cubeide_1.11/stm32cubeide/plugins/com.st.stm32cube.ide.mcu.externaltools.gnu-tools-for-stm32.10.3-2021.10.win32_1.0.100.202210260954/tools/bin/../lib/gcc/arm-none-eabi/10.3.1/thumb/v7e-m+fp/hard/crti.o
 .ARM.attributes
                0x000000000000001e       0x34 c:/program files (x86)/stmicroelectronics/stm32cubeide_1.11/stm32cubeide/plugins/com.st.stm32cube.ide.mcu.externaltools.gnu-tools-for-stm32.10.3-2021.10.win32_1.0.100.202210260954/tools/bin/../lib/gcc/arm-none-eabi/10.3.1/thumb/v7e-m+fp/hard/crtbegin.o
 .ARM.attributes
                0x0000000000000052       0x34 ./Core/Src/adc1.o
 .ARM.attributes
                0x0000000000000086       0x34 ./Core/Src/led_gpio.o
 .ARM.attributes
                0x00000000000000ba       0x34 ./Core/Src/main.o
 .ARM.attributes
                0x00000000000000ee       0x34 ./Core/Src/stm32f3xx_it.o
 .ARM.attributes
                0x0000000000000122       0x34 ./Core/Src/sys_clock.o
 .ARM.attributes
                0x0000000000000156       0x34 ./Core/Src/system_stm32f3xx.o
 .ARM.attributes
                0x000000000000018a       0x21 ./Core/Startup/startup_stm32f303vctx.o
 .ARM.attributes
                0x00000000000001ab       0x34 ./Drivers/STM32F3xx_HAL_Driver/Src/stm32f3xx_hal.o
 .ARM.attributes
                0x00000000000001df       0x34 c:/program files (x86)/stmicroelectronics/stm32cubeide_1.11/stm32cubeide/plugins/com.st.stm32cube.ide.mcu.externaltools.gnu-tools-for-stm32.10.3-2021.10.win32_1.0.100.202210260954/tools/bin/../lib/gcc/arm-none-eabi/10.3.1/../../../../arm-none-eabi/lib/thumb/v7e-m+fp/hard\libc_nano.a(lib_a-init.o)
 .ARM.attributes
                0x0000000000000213       0x1e c:/program files (x86)/stmicroelectronics/stm32cubeide_1.11/stm32cubeide/plugins/com.st.stm32cube.ide.mcu.externaltools.gnu-tools-for-stm32.10.3-2021.10.win32_1.0.100.202210260954/tools/bin/../lib/gcc/arm-none-eabi/10.3.1/thumb/v7e-m+fp/hard/crtn.o
OUTPUT(pwm_motor_control.elf elf32-littlearm)
LOAD linker stubs
LOAD c:/program files (x86)/stmicroelectronics/stm32cubeide_1.11/stm32cubeide/plugins/com.st.stm32cube.ide.mcu.externaltools.gnu-tools-for-stm32.10.3-2021.10.win32_1.0.100.202210260954/tools/bin/../lib/gcc/arm-none-eabi/10.3.1/../../../../arm-none-eabi/lib/thumb/v7e-m+fp/hard\libc.a
LOAD c:/program files (x86)/stmicroelectronics/stm32cubeide_1.11/stm32cubeide/plugins/com.st.stm32cube.ide.mcu.externaltools.gnu-tools-for-stm32.10.3-2021.10.win32_1.0.100.202210260954/tools/bin/../lib/gcc/arm-none-eabi/10.3.1/../../../../arm-none-eabi/lib/thumb/v7e-m+fp/hard\libm.a
LOAD c:/program files (x86)/stmicroelectronics/stm32cubeide_1.11/stm32cubeide/plugins/com.st.stm32cube.ide.mcu.externaltools.gnu-tools-for-stm32.10.3-2021.10.win32_1.0.100.202210260954/tools/bin/../lib/gcc/arm-none-eabi/10.3.1/thumb/v7e-m+fp/hard\libgcc.a

.debug_info     0x0000000000000000     0x1827
 .debug_info    0x0000000000000000      0x4d1 ./Core/Src/adc1.o
 .debug_info    0x00000000000004d1      0x2b6 ./Core/Src/led_gpio.o
 .debug_info    0x0000000000000787      0x131 ./Core/Src/main.o
 .debug_info    0x00000000000008b8      0x122 ./Core/Src/stm32f3xx_it.o
 .debug_info    0x00000000000009da      0x20e ./Core/Src/sys_clock.o
 .debug_info    0x0000000000000be8      0x416 ./Core/Src/system_stm32f3xx.o
 .debug_info    0x0000000000000ffe       0x22 ./Core/Startup/startup_stm32f303vctx.o
 .debug_info    0x0000000000001020      0x807 ./Drivers/STM32F3xx_HAL_Driver/Src/stm32f3xx_hal.o

.debug_abbrev   0x0000000000000000      0x717
 .debug_abbrev  0x0000000000000000      0x132 ./Core/Src/adc1.o
 .debug_abbrev  0x0000000000000132       0xdc ./Core/Src/led_gpio.o
 .debug_abbrev  0x000000000000020e       0xaf ./Core/Src/main.o
 .debug_abbrev  0x00000000000002bd       0x74 ./Core/Src/stm32f3xx_it.o
 .debug_abbrev  0x0000000000000331       0xb0 ./Core/Src/sys_clock.o
 .debug_abbrev  0x00000000000003e1      0x116 ./Core/Src/system_stm32f3xx.o
 .debug_abbrev  0x00000000000004f7       0x12 ./Core/Startup/startup_stm32f303vctx.o
 .debug_abbrev  0x0000000000000509      0x20e ./Drivers/STM32F3xx_HAL_Driver/Src/stm32f3xx_hal.o

.debug_aranges  0x0000000000000000      0x240
 .debug_aranges
                0x0000000000000000       0x38 ./Core/Src/adc1.o
 .debug_aranges
                0x0000000000000038       0x38 ./Core/Src/led_gpio.o
 .debug_aranges
                0x0000000000000070       0x20 ./Core/Src/main.o
 .debug_aranges
                0x0000000000000090       0x60 ./Core/Src/stm32f3xx_it.o
 .debug_aranges
                0x00000000000000f0       0x20 ./Core/Src/sys_clock.o
 .debug_aranges
                0x0000000000000110       0x28 ./Core/Src/system_stm32f3xx.o
 .debug_aranges
                0x0000000000000138       0x28 ./Core/Startup/startup_stm32f303vctx.o
 .debug_aranges
                0x0000000000000160       0xe0 ./Drivers/STM32F3xx_HAL_Driver/Src/stm32f3xx_hal.o

.debug_ranges   0x0000000000000000      0x1c8
 .debug_ranges  0x0000000000000000       0x28 ./Core/Src/adc1.o
 .debug_ranges  0x0000000000000028       0x28 ./Core/Src/led_gpio.o
 .debug_ranges  0x0000000000000050       0x10 ./Core/Src/main.o
 .debug_ranges  0x0000000000000060       0x50 ./Core/Src/stm32f3xx_it.o
 .debug_ranges  0x00000000000000b0       0x10 ./Core/Src/sys_clock.o
 .debug_ranges  0x00000000000000c0       0x18 ./Core/Src/system_stm32f3xx.o
 .debug_ranges  0x00000000000000d8       0x20 ./Core/Startup/startup_stm32f303vctx.o
 .debug_ranges  0x00000000000000f8       0xd0 ./Drivers/STM32F3xx_HAL_Driver/Src/stm32f3xx_hal.o

.debug_macro    0x0000000000000000    0x1b5a7
 .debug_macro   0x0000000000000000      0x1bf ./Core/Src/adc1.o
 .debug_macro   0x00000000000001bf      0xa78 ./Core/Src/adc1.o
 .debug_macro   0x0000000000000c37       0x2e ./Core/Src/adc1.o
 .debug_macro   0x0000000000000c65       0x28 ./Core/Src/adc1.o
 .debug_macro   0x0000000000000c8d       0x22 ./Core/Src/adc1.o
 .debug_macro   0x0000000000000caf       0x8e ./Core/Src/adc1.o
 .debug_macro   0x0000000000000d3d       0x51 ./Core/Src/adc1.o
 .debug_macro   0x0000000000000d8e      0x103 ./Core/Src/adc1.o
 .debug_macro   0x0000000000000e91       0x6a ./Core/Src/adc1.o
 .debug_macro   0x0000000000000efb      0x1df ./Core/Src/adc1.o
 .debug_macro   0x00000000000010da       0x1c ./Core/Src/adc1.o
 .debug_macro   0x00000000000010f6       0x22 ./Core/Src/adc1.o
 .debug_macro   0x0000000000001118       0xd9 ./Core/Src/adc1.o
 .debug_macro   0x00000000000011f1     0x102d ./Core/Src/adc1.o
 .debug_macro   0x000000000000221e      0x11f ./Core/Src/adc1.o
 .debug_macro   0x000000000000233d    0x12a3a ./Core/Src/adc1.o
 .debug_macro   0x0000000000014d77       0x6d ./Core/Src/adc1.o
 .debug_macro   0x0000000000014de4      0x14b ./Core/Src/adc1.o
 .debug_macro   0x0000000000014f2f     0x3574 ./Core/Src/adc1.o
 .debug_macro   0x00000000000184a3      0x174 ./Core/Src/adc1.o
 .debug_macro   0x0000000000018617       0x55 ./Core/Src/adc1.o
 .debug_macro   0x000000000001866c      0x961 ./Core/Src/adc1.o
 .debug_macro   0x0000000000018fcd      0x5fe ./Core/Src/adc1.o
 .debug_macro   0x00000000000195cb      0x1b5 ./Core/Src/adc1.o
 .debug_macro   0x0000000000019780      0x1fb ./Core/Src/adc1.o
 .debug_macro   0x000000000001997b      0x1dc ./Core/Src/adc1.o
 .debug_macro   0x0000000000019b57      0x1bc ./Core/Src/adc1.o
 .debug_macro   0x0000000000019d13       0x30 ./Core/Src/adc1.o
 .debug_macro   0x0000000000019d43       0x3c ./Core/Src/adc1.o
 .debug_macro   0x0000000000019d7f      0x235 ./Core/Src/adc1.o
 .debug_macro   0x0000000000019fb4       0xc5 ./Core/Src/adc1.o
 .debug_macro   0x000000000001a079      0x21d ./Core/Src/adc1.o
 .debug_macro   0x000000000001a296      0x22c ./Core/Src/adc1.o
 .debug_macro   0x000000000001a4c2       0x5b ./Core/Src/adc1.o
 .debug_macro   0x000000000001a51d       0xa5 ./Core/Src/adc1.o
 .debug_macro   0x000000000001a5c2       0x81 ./Core/Src/adc1.o
 .debug_macro   0x000000000001a643       0xd3 ./Core/Src/adc1.o
 .debug_macro   0x000000000001a716      0x275 ./Core/Src/adc1.o
 .debug_macro   0x000000000001a98b      0x1bf ./Core/Src/led_gpio.o
 .debug_macro   0x000000000001ab4a      0x1da ./Core/Src/main.o
 .debug_macro   0x000000000001ad24      0x160 ./Core/Src/main.o
 .debug_macro   0x000000000001ae84       0x10 ./Core/Src/main.o
 .debug_macro   0x000000000001ae94       0x10 ./Core/Src/main.o
 .debug_macro   0x000000000001aea4      0x1c8 ./Core/Src/stm32f3xx_it.o
 .debug_macro   0x000000000001b06c      0x1b9 ./Core/Src/sys_clock.o
 .debug_macro   0x000000000001b225      0x1af ./Core/Src/system_stm32f3xx.o
 .debug_macro   0x000000000001b3d4      0x1d3 ./Drivers/STM32F3xx_HAL_Driver/Src/stm32f3xx_hal.o

.debug_line     0x0000000000000000     0x3ba7
 .debug_line    0x0000000000000000      0x835 ./Core/Src/adc1.o
 .debug_line    0x0000000000000835      0x801 ./Core/Src/led_gpio.o
 .debug_line    0x0000000000001036      0x805 ./Core/Src/main.o
 .debug_line    0x000000000000183b      0x865 ./Core/Src/stm32f3xx_it.o
 .debug_line    0x00000000000020a0      0x818 ./Core/Src/sys_clock.o
 .debug_line    0x00000000000028b8      0x819 ./Core/Src/system_stm32f3xx.o
 .debug_line    0x00000000000030d1       0x88 ./Core/Startup/startup_stm32f303vctx.o
 .debug_line    0x0000000000003159      0xa4e ./Drivers/STM32F3xx_HAL_Driver/Src/stm32f3xx_hal.o

.debug_str      0x0000000000000000    0xa3ef5
 .debug_str     0x0000000000000000    0xa2ff7 ./Core/Src/adc1.o
                                      0xa3697 (size before relaxing)
 .debug_str     0x00000000000a2ff7       0x73 ./Core/Src/led_gpio.o
                                      0xa35b4 (size before relaxing)
 .debug_str     0x00000000000a306a      0x55d ./Core/Src/main.o
                                      0xa3aba (size before relaxing)
 .debug_str     0x00000000000a35c7       0xc9 ./Core/Src/stm32f3xx_it.o
                                      0xa3a8c (size before relaxing)
 .debug_str     0x00000000000a3690       0x49 ./Core/Src/sys_clock.o
                                      0xa357b (size before relaxing)
 .debug_str     0x00000000000a36d9       0xc9 ./Core/Src/system_stm32f3xx.o
                                      0xa3602 (size before relaxing)
 .debug_str     0x00000000000a37a2       0x36 ./Core/Startup/startup_stm32f303vctx.o
                                         0x6e (size before relaxing)
 .debug_str     0x00000000000a37d8      0x71d ./Drivers/STM32F3xx_HAL_Driver/Src/stm32f3xx_hal.o
                                      0xa3e40 (size before relaxing)

.comment        0x0000000000000000       0x50
 .comment       0x0000000000000000       0x50 ./Core/Src/adc1.o
                                         0x51 (size before relaxing)
 .comment       0x0000000000000050       0x51 ./Core/Src/led_gpio.o
 .comment       0x0000000000000050       0x51 ./Core/Src/main.o
 .comment       0x0000000000000050       0x51 ./Core/Src/stm32f3xx_it.o
 .comment       0x0000000000000050       0x51 ./Core/Src/sys_clock.o
 .comment       0x0000000000000050       0x51 ./Core/Src/system_stm32f3xx.o
 .comment       0x0000000000000050       0x51 ./Drivers/STM32F3xx_HAL_Driver/Src/stm32f3xx_hal.o

.debug_frame    0x0000000000000000      0x650
 .debug_frame   0x0000000000000000       0x94 ./Core/Src/adc1.o
 .debug_frame   0x0000000000000094       0xa8 ./Core/Src/led_gpio.o
 .debug_frame   0x000000000000013c       0x2c ./Core/Src/main.o
 .debug_frame   0x0000000000000168      0x104 ./Core/Src/stm32f3xx_it.o
 .debug_frame   0x000000000000026c       0x2c ./Core/Src/sys_clock.o
 .debug_frame   0x0000000000000298       0x58 ./Core/Src/system_stm32f3xx.o
 .debug_frame   0x00000000000002f0      0x334 ./Drivers/STM32F3xx_HAL_Driver/Src/stm32f3xx_hal.o
 .debug_frame   0x0000000000000624       0x2c c:/program files (x86)/stmicroelectronics/stm32cubeide_1.11/stm32cubeide/plugins/com.st.stm32cube.ide.mcu.externaltools.gnu-tools-for-stm32.10.3-2021.10.win32_1.0.100.202210260954/tools/bin/../lib/gcc/arm-none-eabi/10.3.1/../../../../arm-none-eabi/lib/thumb/v7e-m+fp/hard\libc_nano.a(lib_a-init.o)
