C:/Users/savav/STM32Cube/Repository/STM32Cube_FW_F0_V1.11.0/Drivers/CMSIS/Include/core_cm0.h:623:22:__NVIC_EnableIRQ	16	static
C:/Users/savav/STM32Cube/Repository/STM32Cube_FW_F0_V1.11.0/Drivers/CMSIS/Include/core_cm0.h:730:22:__NVIC_SetPriority	24	static
../Src/i2c.c:22:6:gpio_i2c2_init_master	8	static
../Src/i2c.c:45:6:i2c2_init	8	static
../Src/i2c.c:82:6:gpio_led_init	8	static
../Src/i2c.c:90:6:gpio_button_init	8	static
../Src/i2c.c:97:6:exti_init	8	static
../Src/i2c.c:112:13:i2c2_start_test_read	8	static
../Src/i2c.c:133:6:EXTI4_15_IRQHandler	8	static
../Src/i2c.c:140:6:I2C2_IRQHandler	16	static
