../Core/Src/gyro.c:13:6:gyro_delay_ms	16	static
../Core/Src/gyro.c:26:6:spi1_gpio_init	4	static
../Core/Src/gyro.c:58:6:spi1_init	4	static
../Core/Src/gyro.c:82:9:spi1_transfer	16	static
../Core/Src/gyro.c:93:6:spi1_wait_idle	4	static
../Core/Src/gyro.c:103:9:gyro_read_reg	24	static
../Core/Src/gyro.c:115:6:gyro_write_reg	16	static
../Core/Src/gyro.c:124:6:gyro_init	8	static
../Core/Src/gyro.c:133:6:gyro_wait_data_ready	8	static
../Core/Src/gyro.c:142:9:gyro_calibrate	64	static
../Core/Src/gyro.c:201:6:gyro_read_multi	32	static
../Core/Src/gyro.c:213:6:gyro_read_xyz_mdps	32	static
../Core/Src/gyro.c:224:6:gyro_read_xyz	32	static
../Core/Src/gyro.c:234:9:raw_to_mdps	16	static
