../Core/Src/gyro.c:13:6:gyro_delay_ms	16	static
../Core/Src/gyro.c:26:6:spi1_gpio_init	4	static
../Core/Src/gyro.c:58:6:spi1_init	4	static
../Core/Src/gyro.c:84:9:spi1_transfer	16	static
../Core/Src/gyro.c:101:6:spi1_wait_idle	4	static
../Core/Src/gyro.c:117:9:gyro_read_reg	24	static
../Core/Src/gyro.c:138:6:gyro_write_reg	16	static
../Core/Src/gyro.c:156:6:gyro_init	8	static
../Core/Src/gyro.c:171:6:gyro_wait_data_ready	8	static
../Core/Src/gyro.c:181:9:gyro_calibrate	64	static
../Core/Src/gyro.c:242:6:gyro_read_multi	32	static
../Core/Src/gyro.c:262:6:gyro_read_xyz_mdps	32	static
../Core/Src/gyro.c:276:6:gyro_read_xyz	32	static
../Core/Src/gyro.c:290:9:raw_to_mdps	16	static
