../Drivers/CMSIS/Include/core_cm4.h:1688:22:__NVIC_EnableIRQ	16	static
../Drivers/CMSIS/Include/core_cm4.h:1816:22:__NVIC_SetPriority	16	static
../Core/Src/i2c_slave.c:28:16:crc8	24	static
../Core/Src/i2c_slave.c:42:16:get_le32	24	static
../Core/Src/i2c_slave.c:49:13:put_le32	24	static
../Core/Src/i2c_slave.c:59:6:i2c1_gpio_init	4	static
../Core/Src/i2c_slave.c:78:6:i2c_slave_init	8	static
../Core/Src/i2c_slave.c:115:6:i2c_slave_publish	32	static,ignoring_inline_asm
../Core/Src/i2c_slave.c:138:13:i2c_take_snapshot	8	static
../Core/Src/i2c_slave.c:144:13:i2c_handle_command	4	static
../Core/Src/i2c_slave.c:211:6:I2C1_EV_IRQHandler	16	static
../Core/Src/i2c_slave.c:241:6:I2C1_ER_IRQHandler	16	static
../Core/Src/i2c_slave.c:262:6:i2c_slave_get_packet	24	static
../Core/Src/i2c_slave.c:267:13:hex_line	32	static
../Core/Src/i2c_slave.c:293:6:dump_packet_hex	64	static
