../Drivers/CMSIS/Include/core_cm4.h:1688:22:__NVIC_EnableIRQ	16	static
../Drivers/CMSIS/Include/core_cm4.h:1816:22:__NVIC_SetPriority	16	static
../Core/Src/i2c_slave.c:19:13:put_le32	24	static
../Core/Src/i2c_slave.c:29:6:i2c1_gpio_init	4	static
../Core/Src/i2c_slave.c:48:6:i2c_slave_init	8	static
../Core/Src/i2c_slave.c:85:6:i2c_slave_publish	32	static,ignoring_inline_asm
../Core/Src/i2c_slave.c:106:13:i2c_take_snapshot	4	static
../Core/Src/i2c_slave.c:114:6:I2C1_EV_IRQHandler	16	static
../Core/Src/i2c_slave.c:159:6:I2C1_ER_IRQHandler	16	static
