Archive member included to satisfy reference by file (symbol)

c:/program files (x86)/stmicroelectronics/stm32cubeide_1.11/stm32cubeide/plugins/com.st.stm32cube.ide.mcu.externaltools.gnu-tools-for-stm32.10.3-2021.10.win32_1.0.100.202210260954/tools/bin/../lib/gcc/arm-none-eabi/10.3.1/../../../../arm-none-eabi/lib/thumb/v7e-m+fp/hard\libc_nano.a(lib_a-errno.o)
                              ./Core/Src/syscalls.o (__errno)
c:/program files (x86)/stmicroelectronics/stm32cubeide_1.11/stm32cubeide/plugins/com.st.stm32cube.ide.mcu.externaltools.gnu-tools-for-stm32.10.3-2021.10.win32_1.0.100.202210260954/tools/bin/../lib/gcc/arm-none-eabi/10.3.1/../../../../arm-none-eabi/lib/thumb/v7e-m+fp/hard\libc_nano.a(lib_a-exit.o)
                              c:/program files (x86)/stmicroelectronics/stm32cubeide_1.11/stm32cubeide/plugins/com.st.stm32cube.ide.mcu.externaltools.gnu-tools-for-stm32.10.3-2021.10.win32_1.0.100.202210260954/tools/bin/../lib/gcc/arm-none-eabi/10.3.1/../../../../arm-none-eabi/lib/thumb/v7e-m+fp/hard/crt0.o (exit)
c:/program files (x86)/stmicroelectronics/stm32cubeide_1.11/stm32cubeide/plugins/com.st.stm32cube.ide.mcu.externaltools.gnu-tools-for-stm32.10.3-2021.10.win32_1.0.100.202210260954/tools/bin/../lib/gcc/arm-none-eabi/10.3.1/../../../../arm-none-eabi/lib/thumb/v7e-m+fp/hard\libc_nano.a(lib_a-impure.o)
                              c:/program files (x86)/stmicroelectronics/stm32cubeide_1.11/stm32cubeide/plugins/com.st.stm32cube.ide.mcu.externaltools.gnu-tools-for-stm32.10.3-2021.10.win32_1.0.100.202210260954/tools/bin/../lib/gcc/arm-none-eabi/10.3.1/../../../../arm-none-eabi/lib/thumb/v7e-m+fp/hard\libc_nano.a(lib_a-exit.o) (_global_impure_ptr)
c:/program files (x86)/stmicroelectronics/stm32cubeide_1.11/stm32cubeide/plugins/com.st.stm32cube.ide.mcu.externaltools.gnu-tools-for-stm32.10.3-2021.10.win32_1.0.100.202210260954/tools/bin/../lib/gcc/arm-none-eabi/10.3.1/../../../../arm-none-eabi/lib/thumb/v7e-m+fp/hard\libc_nano.a(lib_a-init.o)
                              c:/program files (x86)/stmicroelectronics/stm32cubeide_1.11/stm32cubeide/plugins/com.st.stm32cube.ide.mcu.externaltools.gnu-tools-for-stm32.10.3-2021.10.win32_1.0.100.202210260954/tools/bin/../lib/gcc/arm-none-eabi/10.3.1/../../../../arm-none-eabi/lib/thumb/v7e-m+fp/hard/crt0.o (__libc_init_array)
c:/program files (x86)/stmicroelectronics/stm32cubeide_1.11/stm32cubeide/plugins/com.st.stm32cube.ide.mcu.externaltools.gnu-tools-for-stm32.10.3-2021.10.win32_1.0.100.202210260954/tools/bin/../lib/gcc/arm-none-eabi/10.3.1/../../../../arm-none-eabi/lib/thumb/v7e-m+fp/hard\libc_nano.a(lib_a-memcpy-stub.o)
                              ./Middleware/ThirdParty/FreeRTOS/queue.o (memcpy)
c:/program files (x86)/stmicroelectronics/stm32cubeide_1.11/stm32cubeide/plugins/com.st.stm32cube.ide.mcu.externaltools.gnu-tools-for-stm32.10.3-2021.10.win32_1.0.100.202210260954/tools/bin/../lib/gcc/arm-none-eabi/10.3.1/../../../../arm-none-eabi/lib/thumb/v7e-m+fp/hard\libc_nano.a(lib_a-memset.o)
                              c:/program files (x86)/stmicroelectronics/stm32cubeide_1.11/stm32cubeide/plugins/com.st.stm32cube.ide.mcu.externaltools.gnu-tools-for-stm32.10.3-2021.10.win32_1.0.100.202210260954/tools/bin/../lib/gcc/arm-none-eabi/10.3.1/../../../../arm-none-eabi/lib/thumb/v7e-m+fp/hard/crt0.o (memset)
c:/program files (x86)/stmicroelectronics/stm32cubeide_1.11/stm32cubeide/plugins/com.st.stm32cube.ide.mcu.externaltools.gnu-tools-for-stm32.10.3-2021.10.win32_1.0.100.202210260954/tools/bin/../lib/gcc/arm-none-eabi/10.3.1/../../../../arm-none-eabi/lib/thumb/v7e-m+fp/hard\libc_nano.a(lib_a-strlen.o)
                              ./Middleware/ThirdParty/FreeRTOS/tasks.o (strlen)

Discarded input sections

 .text          0x0000000000000000        0x0 c:/program files (x86)/stmicroelectronics/stm32cubeide_1.11/stm32cubeide/plugins/com.st.stm32cube.ide.mcu.externaltools.gnu-tools-for-stm32.10.3-2021.10.win32_1.0.100.202210260954/tools/bin/../lib/gcc/arm-none-eabi/10.3.1/thumb/v7e-m+fp/hard/crti.o
 .data          0x0000000000000000        0x0 c:/program files (x86)/stmicroelectronics/stm32cubeide_1.11/stm32cubeide/plugins/com.st.stm32cube.ide.mcu.externaltools.gnu-tools-for-stm32.10.3-2021.10.win32_1.0.100.202210260954/tools/bin/../lib/gcc/arm-none-eabi/10.3.1/thumb/v7e-m+fp/hard/crti.o
 .bss           0x0000000000000000        0x0 c:/program files (x86)/stmicroelectronics/stm32cubeide_1.11/stm32cubeide/plugins/com.st.stm32cube.ide.mcu.externaltools.gnu-tools-for-stm32.10.3-2021.10.win32_1.0.100.202210260954/tools/bin/../lib/gcc/arm-none-eabi/10.3.1/thumb/v7e-m+fp/hard/crti.o
 .data          0x0000000000000000        0x4 c:/program files (x86)/stmicroelectronics/stm32cubeide_1.11/stm32cubeide/plugins/com.st.stm32cube.ide.mcu.externaltools.gnu-tools-for-stm32.10.3-2021.10.win32_1.0.100.202210260954/tools/bin/../lib/gcc/arm-none-eabi/10.3.1/thumb/v7e-m+fp/hard/crtbegin.o
[...]
Memory Configuration

Name             Origin             Length             Attributes
CCMRAM           0x0000000010000000 0x0000000000002000 xrw
RAM              0x0000000020000000 0x000000000000a000 xrw
FLASH            0x0000000008000000 0x0000000000040000 xr
*default*        0x0000000000000000 0xffffffffffffffff

Linker script and memory map

LOAD c:/program files (x86)/stmicroelectronics/stm32cubeide_1.11/stm32cubeide/plugins/com.st.stm32cube.ide.mcu.externaltools.gnu-tools-for-stm32.10.3-2021.10.win32_1.0.100.202210260954/tools/bin/../lib/gcc/arm-none-eabi/10.3.1/thumb/v7e-m+fp/hard/crti.o
LOAD c:/program files (x86)/stmicroelectronics/stm32cubeide_1.11/stm32cubeide/plugins/com.st.stm32cube.ide.mcu.externaltools.gnu-tools-for-stm32.10.3-2021.10.win32_1.0.100.202210260954/tools/bin/../lib/gcc/arm-none-eabi/10.3.1/thumb/v7e-m+fp/hard/crtbegin.o
LOAD c:/program files (x86)/stmicroelectronics/stm32cubeide_1.11/stm32cubeide/plugins/com.st.stm32cube.ide.mcu.externaltools.gnu-tools-for-stm32.10.3-2021.10.win32_1.0.100.202210260954/tools/bin/../lib/gcc/arm-none-eabi/10.3.1/../../../../arm-none-eabi/lib/thumb/v7e-m+fp/hard/crt0.o
LOAD ./Core/Src/freertos_hooks.o
LOAD ./Core/Src/main.o
LOAD ./Core/Src/stm32f3xx_hal_msp.o
LOAD ./Core/Src/stm32f3xx_it.o
LOAD ./Core/Src/syscalls.o
LOAD ./Core/Src/sysmem.o
LOAD ./Core/Src/system_stm32f3xx.o
LOAD ./Core/Startup/startup_stm32f303vctx.o
LOAD ./Drivers/STM32F3xx_HAL_Driver/Src/stm32f3xx_hal.o
LOAD ./Drivers/STM32F3xx_HAL_Driver/Src/stm32f3xx_hal_cortex.o
LOAD ./Drivers/STM32F3xx_HAL_Driver/Src/stm32f3xx_hal_dma.o
LOAD ./Drivers/STM32F3xx_HAL_Driver/Src/stm32f3xx_hal_exti.o
LOAD ./Drivers/STM32F3xx_HAL_Driver/Src/stm32f3xx_hal_flash.o
LOAD ./Drivers/STM32F3xx_HAL_Driver/Src/stm32f3xx_hal_flash_ex.o
LOAD ./Drivers/STM32F3xx_HAL_Driver/Src/stm32f3xx_hal_gpio.o
LOAD ./Drivers/STM32F3xx_HAL_Driver/Src/stm32f3xx_hal_i2c.o
LOAD ./Drivers/STM32F3xx_HAL_Driver/Src/stm32f3xx_hal_i2c_ex.o
LOAD ./Drivers/STM32F3xx_HAL_Driver/Src/stm32f3xx_hal_pwr.o
LOAD ./Drivers/STM32F3xx_HAL_Driver/Src/stm32f3xx_hal_pwr_ex.o
LOAD ./Drivers/STM32F3xx_HAL_Driver/Src/stm32f3xx_hal_rcc.o
LOAD ./Drivers/STM32F3xx_HAL_Driver/Src/stm32f3xx_hal_rcc_ex.o
LOAD ./Middleware/ThirdParty/FreeRTOS/croutine.o
LOAD ./Middleware/ThirdParty/FreeRTOS/event_groups.o
LOAD ./Middleware/ThirdParty/FreeRTOS/list.o
LOAD ./Middleware/ThirdParty/FreeRTOS/queue.o
LOAD ./Middleware/ThirdParty/FreeRTOS/stream_buffer.o
LOAD ./Middleware/ThirdParty/FreeRTOS/tasks.o
LOAD ./Middleware/ThirdParty/FreeRTOS/timers.o
LOAD ./Middleware/ThirdParty/FreeRTOS/portable/GCC/ARM_CM4F/port.o
LOAD ./Middleware/ThirdParty/FreeRTOS/portable/MemMang/heap_4.o
START GROUP
LOAD c:/program files (x86)/stmicroelectronics/stm32cubeide_1.11/stm32cubeide/plugins/com.st.stm32cube.ide.mcu.externaltools.gnu-tools-for-stm32.10.3-2021.10.win32_1.0.100.202210260954/tools/bin/../lib/gcc/arm-none-eabi/10.3.1/../../../../arm-none-eabi/lib/thumb/v7e-m+fp/hard\libc_nano.a
LOAD c:/program files (x86)/stmicroelectronics/stm32cubeide_1.11/stm32cubeide/plugins/com.st.stm32cube.ide.mcu.externaltools.gnu-tools-for-stm32.10.3-2021.10.win32_1.0.100.202210260954/tools/bin/../lib/gcc/arm-none-eabi/10.3.1/../../../../arm-none-eabi/lib/thumb/v7e-m+fp/hard\libm.a
END GROUP
START GROUP
LOAD c:/program files (x86)/stmicroelectronics/stm32cubeide_1.11/stm32cubeide/plugins/com.st.stm32cube.ide.mcu.externaltools.gnu-tools-for-stm32.10.3-2021.10.win32_1.0.100.202210260954/tools/bin/../lib/gcc/arm-none-eabi/10.3.1/thumb/v7e-m+fp/hard\libgcc.a
LOAD c:/program files (x86)/stmicroelectronics/stm32cubeide_1.11/stm32cubeide/plugins/com.st.stm32cube.ide.mcu.externaltools.gnu-tools-for-stm32.10.3-2021.10.win32_1.0.100.202210260954/tools/bin/../lib/gcc/arm-none-eabi/10.3.1/../../../../arm-none-eabi/lib/thumb/v7e-m+fp/hard\libc_nano.a
END GROUP
START GROUP
LOAD c:/program files (x86)/stmicroelectronics/stm32cubeide_1.11/stm32cubeide/plugins/com.st.stm32cube.ide.mcu.externaltools.gnu-tools-for-stm32.10.3-2021.10.win32_1.0.100.202210260954/tools/bin/../lib/gcc/arm-none-eabi/10.3.1/thumb/v7e-m+fp/hard\libgcc.a
LOAD c:/program files (x86)/stmicroelectronics/stm32cubeide_1.11/stm32cubeide/plugins/com.st.stm32cube.ide.mcu.externaltools.gnu-tools-for-stm32.10.3-2021.10.win32_1.0.100.202210260954/tools/bin/../lib/gcc/arm-none-eabi/10.3.1/../../../../arm-none-eabi/lib/thumb/v7e-m+fp/hard\libc_nano.a
LOAD c:/program files (x86)/stmicroelectronics/stm32cubeide_1.11/stm32cubeide/plugins/com.st.stm32cube.ide.mcu.externaltools.gnu-tools-for-stm32.10.3-2021.10.win32_1.0.100.202210260954/tools/bin/../lib/gcc/arm-none-eabi/10.3.1/../../../../arm-none-eabi/lib/thumb/v7e-m+fp/hard\libnosys.a
END GROUP
START GROUP
LOAD c:/program files (x86)/stmicroelectronics/stm32cubeide_1.11/stm32cubeide/plugins/com.st.stm32cube.ide.mcu.externaltools.gnu-tools-for-stm32.10.3-2021.10.win32_1.0.100.202210260954/tools/bin/../lib/gcc/arm-none-eabi/10.3.1/thumb/v7e-m+fp/hard\libgcc.a
LOAD c:/program files (x86)/stmicroelectronics/stm32cubeide_1.11/stm32cubeide/plugins/com.st.stm32cube.ide.mcu.externaltools.gnu-tools-for-stm32.10.3-2021.10.win32_1.0.100.202210260954/tools/bin/../lib/gcc/arm-none-eabi/10.3.1/../../../../arm-none-eabi/lib/thumb/v7e-m+fp/hard\libc_nano.a
LOAD c:/program files (x86)/stmicroelectronics/stm32cubeide_1.11/stm32cubeide/plugins/com.st.stm32cube.ide.mcu.externaltools.gnu-tools-for-stm32.10.3-2021.10.win32_1.0.100.202210260954/tools/bin/../lib/gcc/arm-none-eabi/10.3.1/../../../../arm-none-eabi/lib/thumb/v7e-m+fp/hard\libnosys.a
END GROUP
LOAD c:/program files (x86)/stmicroelectronics/stm32cubeide_1.11/stm32cubeide/plugins/com.st.stm32cube.ide.mcu.externaltools.gnu-tools-for-stm32.10.3-2021.10.win32_1.0.100.202210260954/tools/bin/../lib/gcc/arm-none-eabi/10.3.1/thumb/v7e-m+fp/hard/crtend.o
LOAD c:/program files (x86)/stmicroelectronics/stm32cubeide_1.11/stm32cubeide/plugins/com.st.stm32cube.ide.mcu.externaltools.gnu-tools-for-stm32.10.3-2021.10.win32_1.0.100.202210260954/tools/bin/../lib/gcc/arm-none-eabi/10.3.1/thumb/v7e-m+fp/hard/crtn.o
                0x000000002000a000                _estack = (ORIGIN (RAM) + LENGTH (RAM))
                0x0000000000000200                _Min_Heap_Size = 0x200
                0x0000000000000400                _Min_Stack_Size = 0x400

.isr_vector     0x0000000008000000      0x188
                0x0000000008000000                . = ALIGN (0x4)
 *(.isr_vector)
 .isr_vector    0x0000000008000000      0x188 ./Core/Startup/startup_stm32f303vctx.o
                0x0000000008000000                g_pfnVectors
                0x0000000008000188                . = ALIGN (0x4)

.text           0x0000000008000188     0x26b8
                0x0000000008000188                . = ALIGN (0x4)
 *(.text)
 .text          0x0000000008000188       0x40 c:/program files (x86)/stmicroelectronics/stm32cubeide_1.11/stm32cubeide/plugins/com.st.stm32cube.ide.mcu.externaltools.gnu-tools-for-stm32.10.3-2021.10.win32_1.0.100.202210260954/tools/bin/../lib/gcc/arm-none-eabi/10.3.1/thumb/v7e-m+fp/hard/crtbegin.o
 *(.text*)
 .text.vApplicationMallocFailedHook
                0x00000000080001c8        0xa ./Core/Src/freertos_hooks.o
                0x00000000080001c8                vApplicationMallocFailedHook
 .text.vApplicationStackOverflowHook
                0x00000000080001d2       0x10 ./Core/Src/freertos_hooks.o
                0x00000000080001d2                vApplicationStackOverflowHook
 *fill*         0x00000000080001e2        0x2 
 .text.main     0x00000000080001e4       0x4c ./Core/Src/main.o
                0x00000000080001e4                main
 .text.led1_init
                0x0000000008000230       0x3c ./Core/Src/main.o
 .text.led2_init
                0x000000000800026c       0x3c ./Core/Src/main.o
 .text.BlinkTask1
                0x00000000080002a8       0x24 ./Core/Src/main.o
                0x00000000080002a8                BlinkTask1
 .text.BlinkTask2
                0x00000000080002cc       0x24 ./Core/Src/main.o
                0x00000000080002cc                BlinkTask2
 .text.NMI_Handler
                0x00000000080002f0        0x6 ./Core/Src/stm32f3xx_it.o
                0x00000000080002f0                NMI_Handler
 .text.HardFault_Handler
                0x00000000080002f6        0x6 ./Core/Src/stm32f3xx_it.o
                0x00000000080002f6                HardFault_Handler
 .text.MemManage_Handler
                0x00000000080002fc        0x6 ./Core/Src/stm32f3xx_it.o
                0x00000000080002fc                MemManage_Handler
 .text.BusFault_Handler
                0x0000000008000302        0x6 ./Core/Src/stm32f3xx_it.o
                0x0000000008000302                BusFault_Handler
 .text.UsageFault_Handler
                0x0000000008000308        0x6 ./Core/Src/stm32f3xx_it.o
                0x0000000008000308                UsageFault_Handler
 .text.DebugMon_Handler
                0x000000000800030e        0xe ./Core/Src/stm32f3xx_it.o
                0x000000000800030e                DebugMon_Handler
 .text.SystemInit
                0x000000000800031c       0x24 ./Core/Src/system_stm32f3xx.o
                0x000000000800031c                SystemInit
 .text.Reset_Handler
                0x0000000008000340       0x50 ./Core/Startup/startup_stm32f303vctx.o
                0x0000000008000340                Reset_Handler
 .text.Default_Handler
                0x0000000008000390        0x2 ./Core/Startup/startup_stm32f303vctx.o
                0x0000000008000390                RTC_Alarm_IRQHandler
                0x0000000008000390                TIM8_TRG_COM_IRQHandler
                0x0000000008000390                TIM8_CC_IRQHandler
                0x0000000008000390                TIM1_CC_IRQHandler
                0x0000000008000390                USB_HP_IRQHandler
                0x0000000008000390                PVD_IRQHandler
                0x0000000008000390                TAMP_STAMP_IRQHandler
                0x0000000008000390                EXTI3_IRQHandler
                0x0000000008000390                USB_HP_CAN_TX_IRQHandler
                0x0000000008000390                EXTI0_IRQHandler
                0x0000000008000390                I2C2_EV_IRQHandler
                0x0000000008000390                FPU_IRQHandler
                0x0000000008000390                TIM1_UP_TIM16_IRQHandler
                0x0000000008000390                ADC1_2_IRQHandler
                0x0000000008000390                SPI1_IRQHandler
                0x0000000008000390                CAN_SCE_IRQHandler
                0x0000000008000390                TIM6_DAC_IRQHandler
                0x0000000008000390                TIM8_UP_IRQHandler
                0x0000000008000390                DMA2_Channel2_IRQHandler
                0x0000000008000390                DMA1_Channel4_IRQHandler
                0x0000000008000390                USART3_IRQHandler
                0x0000000008000390                DMA1_Channel7_IRQHandler
                0x0000000008000390                UART5_IRQHandler
                0x0000000008000390                ADC3_IRQHandler
                0x0000000008000390                TIM4_IRQHandler
                0x0000000008000390                CAN_RX1_IRQHandler
                0x0000000008000390                DMA2_Channel1_IRQHandler
                0x0000000008000390                I2C1_EV_IRQHandler
                0x0000000008000390                DMA1_Channel6_IRQHandler
                0x0000000008000390                UART4_IRQHandler
                0x0000000008000390                DMA2_Channel4_IRQHandler
                0x0000000008000390                TIM3_IRQHandler
                0x0000000008000390                RCC_IRQHandler
                0x0000000008000390                DMA1_Channel1_IRQHandler
                0x0000000008000390                Default_Handler
                0x0000000008000390                USBWakeUp_RMP_IRQHandler
                0x0000000008000390                EXTI15_10_IRQHandler
                0x0000000008000390                TIM7_IRQHandler
                0x0000000008000390                EXTI9_5_IRQHandler
                0x0000000008000390                RTC_WKUP_IRQHandler
                0x0000000008000390                SPI2_IRQHandler
                0x0000000008000390                USB_LP_CAN_RX0_IRQHandler
                0x0000000008000390                DMA2_Channel5_IRQHandler
                0x0000000008000390                DMA1_Channel5_IRQHandler
                0x0000000008000390                USB_LP_IRQHandler
                0x0000000008000390                EXTI4_IRQHandler
                0x0000000008000390                TIM1_TRG_COM_TIM17_IRQHandler
                0x0000000008000390                DMA1_Channel3_IRQHandler
                0x0000000008000390                ADC4_IRQHandler
                0x0000000008000390                WWDG_IRQHandler
                0x0000000008000390                TIM2_IRQHandler
                0x0000000008000390                COMP7_IRQHandler
                0x0000000008000390                COMP1_2_3_IRQHandler
                0x0000000008000390                EXTI1_IRQHandler
                0x0000000008000390                USART2_IRQHandler
                0x0000000008000390                COMP4_5_6_IRQHandler
                0x0000000008000390                I2C2_ER_IRQHandler
                0x0000000008000390                DMA1_Channel2_IRQHandler
                0x0000000008000390                TIM8_BRK_IRQHandler
                0x0000000008000390                FLASH_IRQHandler
                0x0000000008000390                USART1_IRQHandler
                0x0000000008000390                SPI3_IRQHandler
                0x0000000008000390                I2C1_ER_IRQHandler
                0x0000000008000390                USBWakeUp_IRQHandler
                0x0000000008000390                DMA2_Channel3_IRQHandler
                0x0000000008000390                EXTI2_TSC_IRQHandler
                0x0000000008000390                TIM1_BRK_TIM15_IRQHandler
 .text.vListInitialise
                0x0000000008000392       0x40 ./Middleware/ThirdParty/FreeRTOS/list.o
                0x0000000008000392                vListInitialise
 .text.vListInitialiseItem
                0x00000000080003d2       0x1a ./Middleware/ThirdParty/FreeRTOS/list.o
                0x00000000080003d2                vListInitialiseItem
 .text.vListInsert
                0x00000000080003ec       0x72 ./Middleware/ThirdParty/FreeRTOS/list.o
                0x00000000080003ec                vListInsert
 .text.uxListRemove
                0x000000000800045e       0x54 ./Middleware/ThirdParty/FreeRTOS/list.o
                0x000000000800045e                uxListRemove
 *fill*         0x00000000080004b2        0x2 
 .text.xQueueGenericReset
                0x00000000080004b4      0x100 ./Middleware/ThirdParty/FreeRTOS/queue.o
                0x00000000080004b4                xQueueGenericReset
 .text.xQueueGenericCreate
                0x00000000080005b4       0x8c ./Middleware/ThirdParty/FreeRTOS/queue.o
                0x00000000080005b4                xQueueGenericCreate
 .text.prvInitialiseNewQueue
                0x0000000008000640       0x46 ./Middleware/ThirdParty/FreeRTOS/queue.o
 *fill*         0x0000000008000686        0x2 
 .text.xQueueReceive
                0x0000000008000688      0x190 ./Middleware/ThirdParty/FreeRTOS/queue.o
                0x0000000008000688                xQueueReceive
 .text.prvCopyDataFromQueue
                0x0000000008000818       0x4c ./Middleware/ThirdParty/FreeRTOS/queue.o
 .text.prvUnlockQueue
                0x0000000008000864       0xa4 ./Middleware/ThirdParty/FreeRTOS/queue.o
 .text.prvIsQueueEmpty
                0x0000000008000908       0x2c ./Middleware/ThirdParty/FreeRTOS/queue.o
 .text.vQueueAddToRegistry
                0x0000000008000934       0x8c ./Middleware/ThirdParty/FreeRTOS/queue.o
                0x0000000008000934                vQueueAddToRegistry
 .text.vQueueWaitForMessageRestricted
                0x00000000080009c0       0x68 ./Middleware/ThirdParty/FreeRTOS/queue.o
                0x00000000080009c0                vQueueWaitForMessageRestricted
 .text.prvCreateTask
                0x0000000008000a28       0x78 ./Middleware/ThirdParty/FreeRTOS/tasks.o
 .text.xTaskCreate
                0x0000000008000aa0       0x46 ./Middleware/ThirdParty/FreeRTOS/tasks.o
                0x0000000008000aa0                xTaskCreate
 .text.prvInitialiseNewTask
                0x0000000008000ae6      0x114 ./Middleware/ThirdParty/FreeRTOS/tasks.o
 *fill*         0x0000000008000bfa        0x2 
 .text.prvAddNewTaskToReadyList
                0x0000000008000bfc      0x130 ./Middleware/ThirdParty/FreeRTOS/tasks.o
 .text.vTaskDelay
                0x0000000008000d2c       0x58 ./Middleware/ThirdParty/FreeRTOS/tasks.o
                0x0000000008000d2c                vTaskDelay
 .text.prvCreateIdleTasks
                0x0000000008000d84       0xac ./Middleware/ThirdParty/FreeRTOS/tasks.o
 .text.vTaskStartScheduler
                0x0000000008000e30       0x78 ./Middleware/ThirdParty/FreeRTOS/tasks.o
                0x0000000008000e30                vTaskStartScheduler
 .text.vTaskSuspendAll
                0x0000000008000ea8       0x1c ./Middleware/ThirdParty/FreeRTOS/tasks.o
                0x0000000008000ea8                vTaskSuspendAll
 .text.xTaskResumeAll
                0x0000000008000ec4      0x200 ./Middleware/ThirdParty/FreeRTOS/tasks.o
                0x0000000008000ec4                xTaskResumeAll
 .text.xTaskGetTickCount
                0x00000000080010c4       0x20 ./Middleware/ThirdParty/FreeRTOS/tasks.o
                0x00000000080010c4                xTaskGetTickCount
 .text.xTaskIncrementTick
                0x00000000080010e4      0x220 ./Middleware/ThirdParty/FreeRTOS/tasks.o
                0x00000000080010e4                xTaskIncrementTick
 .text.vTaskSwitchContext
                0x0000000008001304      0x104 ./Middleware/ThirdParty/FreeRTOS/tasks.o
                0x0000000008001304                vTaskSwitchContext
 .text.vTaskPlaceOnEventList
                0x0000000008001408       0x38 ./Middleware/ThirdParty/FreeRTOS/tasks.o
                0x0000000008001408                vTaskPlaceOnEventList
 .text.vTaskPlaceOnEventListRestricted
                0x0000000008001440       0x7c ./Middleware/ThirdParty/FreeRTOS/tasks.o
                0x0000000008001440                vTaskPlaceOnEventListRestricted
 .text.xTaskRemoveFromEventList
                0x00000000080014bc      0x1a0 ./Middleware/ThirdParty/FreeRTOS/tasks.o
                0x00000000080014bc                xTaskRemoveFromEventList
 .text.vTaskInternalSetTimeOutState
                0x000000000800165c       0x2c ./Middleware/ThirdParty/FreeRTOS/tasks.o
                0x000000000800165c                vTaskInternalSetTimeOutState
 .text.xTaskCheckForTimeOut
                0x0000000008001688       0xcc ./Middleware/ThirdParty/FreeRTOS/tasks.o
                0x0000000008001688                xTaskCheckForTimeOut
 .text.vTaskMissedYield
                0x0000000008001754       0x18 ./Middleware/ThirdParty/FreeRTOS/tasks.o
                0x0000000008001754                vTaskMissedYield
 .text.prvIdleTask
                0x000000000800176c       0x30 ./Middleware/ThirdParty/FreeRTOS/tasks.o
 .text.prvInitialiseTaskLists
                0x000000000800179c       0x80 ./Middleware/ThirdParty/FreeRTOS/tasks.o
 .text.prvCheckTasksWaitingTermination
                0x000000000800181c       0x5c ./Middleware/ThirdParty/FreeRTOS/tasks.o
 .text.prvDeleteTCB
                0x0000000008001878       0x20 ./Middleware/ThirdParty/FreeRTOS/tasks.o
 .text.prvResetNextTaskUnblockTime
                0x0000000008001898       0x38 ./Middleware/ThirdParty/FreeRTOS/tasks.o
 .text.xTaskGetSchedulerState
                0x00000000080018d0       0x3c ./Middleware/ThirdParty/FreeRTOS/tasks.o
                0x00000000080018d0                xTaskGetSchedulerState
 .text.prvAddCurrentTaskToDelayedList
                0x000000000800190c      0x10c ./Middleware/ThirdParty/FreeRTOS/tasks.o
 .text.xTimerCreateTimerTask
                0x0000000008001a18       0x54 ./Middleware/ThirdParty/FreeRTOS/timers.o
                0x0000000008001a18                xTimerCreateTimerTask
 .text.prvReloadTimer
                0x0000000008001a6c       0x42 ./Middleware/ThirdParty/FreeRTOS/timers.o
 *fill*         0x0000000008001aae        0x2 
 .text.prvProcessExpiredTimer
                0x0000000008001ab0       0x60 ./Middleware/ThirdParty/FreeRTOS/timers.o
 .text.prvTimerTask
                0x0000000008001b10       0x24 ./Middleware/ThirdParty/FreeRTOS/timers.o
 .text.prvProcessTimerOrBlockTask
                0x0000000008001b34       0x9c ./Middleware/ThirdParty/FreeRTOS/timers.o
 .text.prvGetNextExpireTime
                0x0000000008001bd0       0x48 ./Middleware/ThirdParty/FreeRTOS/timers.o
 .text.prvSampleTimeNow
                0x0000000008001c18       0x40 ./Middleware/ThirdParty/FreeRTOS/timers.o
 .text.prvInsertTimerInActiveList
                0x0000000008001c58       0x84 ./Middleware/ThirdParty/FreeRTOS/timers.o
 .text.prvProcessReceivedCommands
                0x0000000008001cdc      0x1ac ./Middleware/ThirdParty/FreeRTOS/timers.o
 .text.prvSwitchTimerLists
                0x0000000008001e88       0x4c ./Middleware/ThirdParty/FreeRTOS/timers.o
 .text.prvCheckForValidListAndQueue
                0x0000000008001ed4       0x6c ./Middleware/ThirdParty/FreeRTOS/timers.o
 .text.pxPortInitialiseStack
                0x0000000008001f40       0x68 ./Middleware/ThirdParty/FreeRTOS/portable/GCC/ARM_CM4F/port.o
                0x0000000008001f40                pxPortInitialiseStack
 .text.prvTaskExitError
                0x0000000008001fa8       0x48 ./Middleware/ThirdParty/FreeRTOS/portable/GCC/ARM_CM4F/port.o
 .text.SVC_Handler
                0x0000000008001ff0       0x24 ./Middleware/ThirdParty/FreeRTOS/portable/GCC/ARM_CM4F/port.o
                0x0000000008001ff0                SVC_Handler
 .text.prvPortStartFirstTask
                0x0000000008002014       0x2c ./Middleware/ThirdParty/FreeRTOS/portable/GCC/ARM_CM4F/port.o
 .text.xPortStartScheduler
                0x0000000008002040      0x174 ./Middleware/ThirdParty/FreeRTOS/portable/GCC/ARM_CM4F/port.o
                0x0000000008002040                xPortStartScheduler
 .text.vPortEnterCritical
                0x00000000080021b4       0x50 ./Middleware/ThirdParty/FreeRTOS/portable/GCC/ARM_CM4F/port.o
                0x00000000080021b4                vPortEnterCritical
 .text.vPortExitCritical
                0x0000000008002204       0x44 ./Middleware/ThirdParty/FreeRTOS/portable/GCC/ARM_CM4F/port.o
                0x0000000008002204                vPortExitCritical
 .text.PendSV_Handler
                0x0000000008002248       0x64 ./Middleware/ThirdParty/FreeRTOS/portable/GCC/ARM_CM4F/port.o
                0x0000000008002248                PendSV_Handler
 .text.SysTick_Handler
                0x00000000080022ac       0x44 ./Middleware/ThirdParty/FreeRTOS/portable/GCC/ARM_CM4F/port.o
                0x00000000080022ac                SysTick_Handler
 .text.vPortSetupTimerInterrupt
                0x00000000080022f0       0x48 ./Middleware/ThirdParty/FreeRTOS/portable/GCC/ARM_CM4F/port.o
                0x00000000080022f0                vPortSetupTimerInterrupt
 .text.vPortEnableVFP
                0x0000000008002338       0x18 ./Middleware/ThirdParty/FreeRTOS/portable/GCC/ARM_CM4F/port.o
 .text.pvPortMalloc
                0x0000000008002350      0x20c ./Middleware/ThirdParty/FreeRTOS/portable/MemMang/heap_4.o
                0x0000000008002350                pvPortMalloc
 .text.vPortFree
                0x000000000800255c       0xc0 ./Middleware/ThirdParty/FreeRTOS/portable/MemMang/heap_4.o
                0x000000000800255c                vPortFree
 .text.prvHeapInit
                0x000000000800261c       0xb4 ./Middleware/ThirdParty/FreeRTOS/portable/MemMang/heap_4.o
 .text.prvInsertBlockIntoFreeList
                0x00000000080026d0       0xe4 ./Middleware/ThirdParty/FreeRTOS/portable/MemMang/heap_4.o
 .text.__libc_init_array
                0x00000000080027b4       0x48 c:/program files (x86)/stmicroelectronics/stm32cubeide_1.11/stm32cubeide/plugins/com.st.stm32cube.ide.mcu.externaltools.gnu-tools-for-stm32.10.3-2021.10.win32_1.0.100.202210260954/tools/bin/../lib/gcc/arm-none-eabi/10.3.1/../../../../arm-none-eabi/lib/thumb/v7e-m+fp/hard\libc_nano.a(lib_a-init.o)
                0x00000000080027b4                __libc_init_array
 .text.memcpy   0x00000000080027fc       0x1c c:/program files (x86)/stmicroelectronics/stm32cubeide_1.11/stm32cubeide/plugins/com.st.stm32cube.ide.mcu.externaltools.gnu-tools-for-stm32.10.3-2021.10.win32_1.0.100.202210260954/tools/bin/../lib/gcc/arm-none-eabi/10.3.1/../../../../arm-none-eabi/lib/thumb/v7e-m+fp/hard\libc_nano.a(lib_a-memcpy-stub.o)
                0x00000000080027fc                memcpy
 .text.memset   0x0000000008002818       0x10 c:/program files (x86)/stmicroelectronics/stm32cubeide_1.11/stm32cubeide/plugins/com.st.stm32cube.ide.mcu.externaltools.gnu-tools-for-stm32.10.3-2021.10.win32_1.0.100.202210260954/tools/bin/../lib/gcc/arm-none-eabi/10.3.1/../../../../arm-none-eabi/lib/thumb/v7e-m+fp/hard\libc_nano.a(lib_a-memset.o)
                0x0000000008002818                memset
 *(.glue_7)
 .glue_7        0x0000000008002828        0x0 linker stubs
 *(.glue_7t)
 .glue_7t       0x0000000008002828        0x0 linker stubs
 *(.eh_frame)
 .eh_frame      0x0000000008002828        0x0 c:/program files (x86)/stmicroelectronics/stm32cubeide_1.11/stm32cubeide/plugins/com.st.stm32cube.ide.mcu.externaltools.gnu-tools-for-stm32.10.3-2021.10.win32_1.0.100.202210260954/tools/bin/../lib/gcc/arm-none-eabi/10.3.1/thumb/v7e-m+fp/hard/crtbegin.o
 *(.init)
 .init          0x0000000008002828        0x4 c:/program files (x86)/stmicroelectronics/stm32cubeide_1.11/stm32cubeide/plugins/com.st.stm32cube.ide.mcu.externaltools.gnu-tools-for-stm32.10.3-2021.10.win32_1.0.100.202210260954/tools/bin/../lib/gcc/arm-none-eabi/10.3.1/thumb/v7e-m+fp/hard/crti.o
                0x0000000008002828                _init
 .init          0x000000000800282c        0x8 c:/program files (x86)/stmicroelectronics/stm32cubeide_1.11/stm32cubeide/plugins/com.st.stm32cube.ide.mcu.externaltools.gnu-tools-for-stm32.10.3-2021.10.win32_1.0.100.202210260954/tools/bin/../lib/gcc/arm-none-eabi/10.3.1/thumb/v7e-m+fp/hard/crtn.o
 *(.fini)
 .fini          0x0000000008002834        0x4 c:/program files (x86)/stmicroelectronics/stm32cubeide_1.11/stm32cubeide/plugins/com.st.stm32cube.ide.mcu.externaltools.gnu-tools-for-stm32.10.3-2021.10.win32_1.0.100.202210260954/tools/bin/../lib/gcc/arm-none-eabi/10.3.1/thumb/v7e-m+fp/hard/crti.o
                0x0000000008002834                _fini
 .fini          0x0000000008002838        0x8 c:/program files (x86)/stmicroelectronics/stm32cubeide_1.11/stm32cubeide/plugins/com.st.stm32cube.ide.mcu.externaltools.gnu-tools-for-stm32.10.3-2021.10.win32_1.0.100.202210260954/tools/bin/../lib/gcc/arm-none-eabi/10.3.1/thumb/v7e-m+fp/hard/crtn.o
                0x0000000008002840                . = ALIGN (0x4)
                0x0000000008002840                _etext = .

.vfp11_veneer   0x0000000008002840        0x0
 .vfp11_veneer  0x0000000008002840        0x0 linker stubs

.v4_bx          0x0000000008002840        0x0
 .v4_bx         0x0000000008002840        0x0 linker stubs

.iplt           0x0000000008002840        0x0
 .iplt          0x0000000008002840        0x0 c:/program files (x86)/stmicroelectronics/stm32cubeide_1.11/stm32cubeide/plugins/com.st.stm32cube.ide.mcu.externaltools.gnu-tools-for-stm32.10.3-2021.10.win32_1.0.100.202210260954/tools/bin/../lib/gcc/arm-none-eabi/10.3.1/thumb/v7e-m+fp/hard/crtbegin.o

.rodata         0x0000000008002840       0x28
                0x0000000008002840                . = ALIGN (0x4)
 *(.rodata)
 .rodata        0x0000000008002840        0xf ./Core/Src/main.o
 *fill*         0x000000000800284f        0x1 
 .rodata        0x0000000008002850        0x5 ./Middleware/ThirdParty/FreeRTOS/tasks.o
 *fill*         0x0000000008002855        0x3 
 .rodata        0x0000000008002858        0xd ./Middleware/ThirdParty/FreeRTOS/timers.o
 *(.rodata*)
                0x0000000008002868                . = ALIGN (0x4)
 *fill*         0x0000000008002865        0x3 

.rel.dyn        0x0000000008002868        0x0
 .rel.iplt      0x0000000008002868        0x0 c:/program files (x86)/stmicroelectronics/stm32cubeide_1.11/stm32cubeide/plugins/com.st.stm32cube.ide.mcu.externaltools.gnu-tools-for-stm32.10.3-2021.10.win32_1.0.100.202210260954/tools/bin/../lib/gcc/arm-none-eabi/10.3.1/thumb/v7e-m+fp/hard/crtbegin.o

.ARM.extab      0x0000000008002868        0x0
                0x0000000008002868                . = ALIGN (0x4)
 *(.ARM.extab* .gnu.linkonce.armextab.*)
                0x0000000008002868                . = ALIGN (0x4)

.ARM            0x0000000008002868        0x0
                0x0000000008002868                . = ALIGN (0x4)
                0x0000000008002868                __exidx_start = .
 *(.ARM.exidx*)
                0x0000000008002868                __exidx_end = .
                0x0000000008002868                . = ALIGN (0x4)

.preinit_array  0x0000000008002868        0x0
                0x0000000008002868                . = ALIGN (0x4)
                0x0000000008002868                PROVIDE (__preinit_array_start = .)
 *(.preinit_array*)
                0x0000000008002868                PROVIDE (__preinit_array_end = .)
                0x0000000008002868                . = ALIGN (0x4)

.init_array     0x0000000008002868        0x4
                0x0000000008002868                . = ALIGN (0x4)
                0x0000000008002868                PROVIDE (__init_array_start = .)
 *(SORT_BY_NAME(.init_array.*))
 *(.init_array*)
 .init_array    0x0000000008002868        0x4 c:/program files (x86)/stmicroelectronics/stm32cubeide_1.11/stm32cubeide/plugins/com.st.stm32cube.ide.mcu.externaltools.gnu-tools-for-stm32.10.3-2021.10.win32_1.0.100.202210260954/tools/bin/../lib/gcc/arm-none-eabi/10.3.1/thumb/v7e-m+fp/hard/crtbegin.o
                0x000000000800286c                PROVIDE (__init_array_end = .)
                0x000000000800286c                . = ALIGN (0x4)

.fini_array     0x000000000800286c        0x4
                0x000000000800286c                . = ALIGN (0x4)
                [!provide]                        PROVIDE (__fini_array_start = .)
 *(SORT_BY_NAME(.fini_array.*))
 *(.fini_array*)
 .fini_array    0x000000000800286c        0x4 c:/program files (x86)/stmicroelectronics/stm32cubeide_1.11/stm32cubeide/plugins/com.st.stm32cube.ide.mcu.externaltools.gnu-tools-for-stm32.10.3-2021.10.win32_1.0.100.202210260954/tools/bin/../lib/gcc/arm-none-eabi/10.3.1/thumb/v7e-m+fp/hard/crtbegin.o
                [!provide]                        PROVIDE (__fini_array_end = .)
                0x0000000008002870                . = ALIGN (0x4)
                0x0000000008002870                _sidata = LOADADDR (.data)

.data           0x0000000020000000        0xc load address 0x0000000008002870
                0x0000000020000000                . = ALIGN (0x4)
                0x0000000020000000                _sdata = .
 *(.data)
 *(.data*)
 .data.SystemCoreClock
                0x0000000020000000        0x4 ./Core/Src/system_stm32f3xx.o
                0x0000000020000000                SystemCoreClock
 .data.uxTopUsedPriority
                0x0000000020000004        0x4 ./Middleware/ThirdParty/FreeRTOS/tasks.o
 .data.uxCriticalNesting
                0x0000000020000008        0x4 ./Middleware/ThirdParty/FreeRTOS/portable/GCC/ARM_CM4F/port.o
 *(.RamFunc)
 *(.RamFunc*)
                0x000000002000000c                . = ALIGN (0x4)
                0x000000002000000c                _edata = .
                0x000000000800287c                _siccmram = LOADADDR (.ccmram)

.igot.plt       0x000000002000000c        0x0 load address 0x000000000800287c
 .igot.plt      0x000000002000000c        0x0 c:/program files (x86)/stmicroelectronics/stm32cubeide_1.11/stm32cubeide/plugins/com.st.stm32cube.ide.mcu.externaltools.gnu-tools-for-stm32.10.3-2021.10.win32_1.0.100.202210260954/tools/bin/../lib/gcc/arm-none-eabi/10.3.1/thumb/v7e-m+fp/hard/crtbegin.o

.ccmram         0x0000000010000000        0x0 load address 0x000000000800287c
                0x0000000010000000                . = ALIGN (0x4)
                0x0000000010000000                _sccmram = .
 *(.ccmram)
 *(.ccmram*)
                0x0000000010000000                . = ALIGN (0x4)
                0x0000000010000000                _eccmram = .
                0x0000000010000000                . = ALIGN (0x4)

.bss            0x000000002000000c     0x31c0
                0x000000002000000c                _sbss = .
                0x000000002000000c                __bss_start__ = _sbss
 *(.bss)
 .bss           0x000000002000000c       0x1c c:/program files (x86)/stmicroelectronics/stm32cubeide_1.11/stm32cubeide/plugins/com.st.stm32cube.ide.mcu.externaltools.gnu-tools-for-stm32.10.3-2021.10.win32_1.0.100.202210260954/tools/bin/../lib/gcc/arm-none-eabi/10.3.1/thumb/v7e-m+fp/hard/crtbegin.o
 *(.bss*)
 .bss.xQueueRegistry
                0x0000000020000028       0x40 ./Middleware/ThirdParty/FreeRTOS/queue.o
                0x0000000020000028                xQueueRegistry
 .bss.pxCurrentTCB
                0x0000000020000068        0x4 ./Middleware/ThirdParty/FreeRTOS/tasks.o
                0x0000000020000068                pxCurrentTCB
 .bss.pxReadyTasksLists
                0x000000002000006c       0x64 ./Middleware/ThirdParty/FreeRTOS/tasks.o
 .bss.xDelayedTaskList1
                0x00000000200000d0       0x14 ./Middleware/ThirdParty/FreeRTOS/tasks.o
 .bss.xDelayedTaskList2
                0x00000000200000e4       0x14 ./Middleware/ThirdParty/FreeRTOS/tasks.o
 .bss.pxDelayedTaskList
                0x00000000200000f8        0x4 ./Middleware/ThirdParty/FreeRTOS/tasks.o
 .bss.pxOverflowDelayedTaskList
                0x00000000200000fc        0x4 ./Middleware/ThirdParty/FreeRTOS/tasks.o
 .bss.xPendingReadyList
                0x0000000020000100       0x14 ./Middleware/ThirdParty/FreeRTOS/tasks.o
 .bss.xTasksWaitingTermination
                0x0000000020000114       0x14 ./Middleware/ThirdParty/FreeRTOS/tasks.o
 .bss.uxDeletedTasksWaitingCleanUp
                0x0000000020000128        0x4 ./Middleware/ThirdParty/FreeRTOS/tasks.o
 .bss.xSuspendedTaskList
                0x000000002000012c       0x14 ./Middleware/ThirdParty/FreeRTOS/tasks.o
 .bss.uxCurrentNumberOfTasks
                0x0000000020000140        0x4 ./Middleware/ThirdParty/FreeRTOS/tasks.o
 .bss.xTickCount
                0x0000000020000144        0x4 ./Middleware/ThirdParty/FreeRTOS/tasks.o
 .bss.uxTopReadyPriority
                0x0000000020000148        0x4 ./Middleware/ThirdParty/FreeRTOS/tasks.o
 .bss.xSchedulerRunning
                0x000000002000014c        0x4 ./Middleware/ThirdParty/FreeRTOS/tasks.o
 .bss.xPendedTicks
                0x0000000020000150        0x4 ./Middleware/ThirdParty/FreeRTOS/tasks.o
 .bss.xYieldPendings
                0x0000000020000154        0x4 ./Middleware/ThirdParty/FreeRTOS/tasks.o
 .bss.xNumOfOverflows
                0x0000000020000158        0x4 ./Middleware/ThirdParty/FreeRTOS/tasks.o
 .bss.uxTaskNumber
                0x000000002000015c        0x4 ./Middleware/ThirdParty/FreeRTOS/tasks.o
 .bss.xNextTaskUnblockTime
                0x0000000020000160        0x4 ./Middleware/ThirdParty/FreeRTOS/tasks.o
 .bss.xIdleTaskHandles
                0x0000000020000164        0x4 ./Middleware/ThirdParty/FreeRTOS/tasks.o
 .bss.uxSchedulerSuspended
                0x0000000020000168        0x4 ./Middleware/ThirdParty/FreeRTOS/tasks.o
 .bss.xActiveTimerList1
                0x000000002000016c       0x14 ./Middleware/ThirdParty/FreeRTOS/timers.o
 .bss.xActiveTimerList2
                0x0000000020000180       0x14 ./Middleware/ThirdParty/FreeRTOS/timers.o
 .bss.pxCurrentTimerList
                0x0000000020000194        0x4 ./Middleware/ThirdParty/FreeRTOS/timers.o
 .bss.pxOverflowTimerList
                0x0000000020000198        0x4 ./Middleware/ThirdParty/FreeRTOS/timers.o
 .bss.xTimerQueue
                0x000000002000019c        0x4 ./Middleware/ThirdParty/FreeRTOS/timers.o
 .bss.xTimerTaskHandle
                0x00000000200001a0        0x4 ./Middleware/ThirdParty/FreeRTOS/timers.o
 .bss.xLastTime.0
                0x00000000200001a4        0x4 ./Middleware/ThirdParty/FreeRTOS/timers.o
 .bss.ucMaxSysCallPriority
                0x00000000200001a8        0x1 ./Middleware/ThirdParty/FreeRTOS/portable/GCC/ARM_CM4F/port.o
 *fill*         0x00000000200001a9        0x3 
 .bss.ulMaxPRIGROUPValue
                0x00000000200001ac        0x4 ./Middleware/ThirdParty/FreeRTOS/portable/GCC/ARM_CM4F/port.o
 .bss.ucHeap    0x00000000200001b0     0x3000 ./Middleware/ThirdParty/FreeRTOS/portable/MemMang/heap_4.o
 .bss.xStart    0x00000000200031b0        0x8 ./Middleware/ThirdParty/FreeRTOS/portable/MemMang/heap_4.o
 .bss.pxEnd     0x00000000200031b8        0x4 ./Middleware/ThirdParty/FreeRTOS/portable/MemMang/heap_4.o
 .bss.xFreeBytesRemaining
                0x00000000200031bc        0x4 ./Middleware/ThirdParty/FreeRTOS/portable/MemMang/heap_4.o
 .bss.xMinimumEverFreeBytesRemaining
                0x00000000200031c0        0x4 ./Middleware/ThirdParty/FreeRTOS/portable/MemMang/heap_4.o
 .bss.xNumberOfSuccessfulAllocations
                0x00000000200031c4        0x4 ./Middleware/ThirdParty/FreeRTOS/portable/MemMang/heap_4.o
 .bss.xNumberOfSuccessfulFrees
                0x00000000200031c8        0x4 ./Middleware/ThirdParty/FreeRTOS/portable/MemMang/heap_4.o
 *(COMMON)
                0x00000000200031cc                . = ALIGN (0x4)
                0x00000000200031cc                _ebss = .
                0x00000000200031cc                __bss_end__ = _ebss

._user_heap_stack
                0x00000000200031cc      0x604
                0x00000000200031d0                . = ALIGN (0x8)
 *fill*         0x00000000200031cc        0x4 
                [!provide]                        PROVIDE (end = .)
                0x00000000200031d0                PROVIDE (_end = .)
                0x00000000200033d0                . = (. + _Min_Heap_Size)
 *fill*         0x00000000200031d0      0x200 
                0x00000000200037d0                . = (. + _Min_Stack_Size)
 *fill*         0x00000000200033d0      0x400 
                0x00000000200037d0                . = ALIGN (0x8)

/DISCARD/
 libc.a(*)
 libm.a(*)
 libgcc.a(*)

.ARM.attributes
                0x0000000000000000       0x30
 *(.ARM.attributes)
 .ARM.attributes
                0x0000000000000000       0x1e c:/program files (x86)/stmicroelectronics/stm32cubeide_1.11/stm32cubeide/plugins/com.st.stm32cube.ide.mcu.externaltools.gnu-tools-for-stm32.10.3-2021.10.win32_1.0.100.202210260954/tools/bin/../lib/gcc/arm-none-eabi/10.3.1/thumb/v7e-m+fp/hard/crti.o
 .ARM.attributes
                0x000000000000001e       0x34 c:/program files (x86)/stmicroelectronics/stm32cubeide_1.11/stm32cubeide/plugins/com.st.stm32cube.ide.mcu.externaltools.gnu-tools-for-stm32.10.3-2021.10.win32_1.0.100.202210260954/tools/bin/../lib/gcc/arm-none-eabi/10.3.1/thumb/v7e-m+fp/hard/crtbegin.o
 .ARM.attributes
                0x0000000000000052       0x34 ./Core/Src/freertos_hooks.o
 .ARM.attributes
                0x0000000000000086       0x34 ./Core/Src/main.o
 .ARM.attributes
                0x00000000000000ba       0x34 ./Core/Src/stm32f3xx_it.o
 .ARM.attributes
                0x00000000000000ee       0x34 ./Core/Src/system_stm32f3xx.o
 .ARM.attributes
                0x0000000000000122       0x21 ./Core/Startup/startup_stm32f303vctx.o
 .ARM.attributes
                0x0000000000000143       0x34 ./Middleware/ThirdParty/FreeRTOS/list.o
 .ARM.attributes
                0x0000000000000177       0x34 ./Middleware/ThirdParty/FreeRTOS/queue.o
 .ARM.attributes
                0x00000000000001ab       0x34 ./Middleware/ThirdParty/FreeRTOS/tasks.o
 .ARM.attributes
                0x00000000000001df       0x34 ./Middleware/ThirdParty/FreeRTOS/timers.o
 .ARM.attributes
                0x0000000000000213       0x34 ./Middleware/ThirdParty/FreeRTOS/portable/GCC/ARM_CM4F/port.o
 .ARM.attributes
                0x0000000000000247       0x34 ./Middleware/ThirdParty/FreeRTOS/portable/MemMang/heap_4.o
 .ARM.attributes
                0x000000000000027b       0x34 c:/program files (x86)/stmicroelectronics/stm32cubeide_1.11/stm32cubeide/plugins/com.st.stm32cube.ide.mcu.externaltools.gnu-tools-for-stm32.10.3-2021.10.win32_1.0.100.202210260954/tools/bin/../lib/gcc/arm-none-eabi/10.3.1/../../../../arm-none-eabi/lib/thumb/v7e-m+fp/hard\libc_nano.a(lib_a-init.o)
 .ARM.attributes
                0x00000000000002af       0x34 c:/program files (x86)/stmicroelectronics/stm32cubeide_1.11/stm32cubeide/plugins/com.st.stm32cube.ide.mcu.externaltools.gnu-tools-for-stm32.10.3-2021.10.win32_1.0.100.202210260954/tools/bin/../lib/gcc/arm-none-eabi/10.3.1/../../../../arm-none-eabi/lib/thumb/v7e-m+fp/hard\libc_nano.a(lib_a-memcpy-stub.o)
 .ARM.attributes
                0x00000000000002e3       0x34 c:/program files (x86)/stmicroelectronics/stm32cubeide_1.11/stm32cubeide/plugins/com.st.stm32cube.ide.mcu.externaltools.gnu-tools-for-stm32.10.3-2021.10.win32_1.0.100.202210260954/tools/bin/../lib/gcc/arm-none-eabi/10.3.1/../../../../arm-none-eabi/lib/thumb/v7e-m+fp/hard\libc_nano.a(lib_a-memset.o)
 .ARM.attributes
                0x0000000000000317       0x1e c:/program files (x86)/stmicroelectronics/stm32cubeide_1.11/stm32cubeide/plugins/com.st.stm32cube.ide.mcu.externaltools.gnu-tools-for-stm32.10.3-2021.10.win32_1.0.100.202210260954/tools/bin/../lib/gcc/arm-none-eabi/10.3.1/thumb/v7e-m+fp/hard/crtn.o
OUTPUT(rtos_hello_world.elf elf32-littlearm)
LOAD linker stubs
LOAD c:/program files (x86)/stmicroelectronics/stm32cubeide_1.11/stm32cubeide/plugins/com.st.stm32cube.ide.mcu.externaltools.gnu-tools-for-stm32.10.3-2021.10.win32_1.0.100.202210260954/tools/bin/../lib/gcc/arm-none-eabi/10.3.1/../../../../arm-none-eabi/lib/thumb/v7e-m+fp/hard\libc.a
LOAD c:/program files (x86)/stmicroelectronics/stm32cubeide_1.11/stm32cubeide/plugins/com.st.stm32cube.ide.mcu.externaltools.gnu-tools-for-stm32.10.3-2021.10.win32_1.0.100.202210260954/tools/bin/../lib/gcc/arm-none-eabi/10.3.1/../../../../arm-none-eabi/lib/thumb/v7e-m+fp/hard\libm.a
LOAD c:/program files (x86)/stmicroelectronics/stm32cubeide_1.11/stm32cubeide/plugins/com.st.stm32cube.ide.mcu.externaltools.gnu-tools-for-stm32.10.3-2021.10.win32_1.0.100.202210260954/tools/bin/../lib/gcc/arm-none-eabi/10.3.1/thumb/v7e-m+fp/hard\libgcc.a

.debug_info     0x0000000000000000     0x6d74
 .debug_info    0x0000000000000000      0x110 ./Core/Src/freertos_hooks.o
 .debug_info    0x0000000000000110      0x39b ./Core/Src/main.o
 .debug_info    0x00000000000004ab       0xea ./Core/Src/stm32f3xx_it.o
 .debug_info    0x0000000000000595      0x416 ./Core/Src/system_stm32f3xx.o
 .debug_info    0x00000000000009ab       0x22 ./Core/Startup/startup_stm32f303vctx.o
 .debug_info    0x00000000000009cd      0x2cc ./Middleware/ThirdParty/FreeRTOS/list.o
 .debug_info    0x0000000000000c99     0x17e1 ./Middleware/ThirdParty/FreeRTOS/queue.o
 .debug_info    0x000000000000247a     0x2d81 ./Middleware/ThirdParty/FreeRTOS/tasks.o
 .debug_info    0x00000000000051fb     0x1093 ./Middleware/ThirdParty/FreeRTOS/timers.o
 .debug_info    0x000000000000628e      0x533 ./Middleware/ThirdParty/FreeRTOS/portable/GCC/ARM_CM4F/port.o
 .debug_info    0x00000000000067c1      0x5b3 ./Middleware/ThirdParty/FreeRTOS/portable/MemMang/heap_4.o

.debug_abbrev   0x0000000000000000     0x126f
 .debug_abbrev  0x0000000000000000       0x9d ./Core/Src/freertos_hooks.o
 .debug_abbrev  0x000000000000009d      0x165 ./Core/Src/main.o
 .debug_abbrev  0x0000000000000202       0x47 ./Core/Src/stm32f3xx_it.o
 .debug_abbrev  0x0000000000000249      0x116 ./Core/Src/system_stm32f3xx.o
 .debug_abbrev  0x000000000000035f       0x12 ./Core/Startup/startup_stm32f303vctx.o
 .debug_abbrev  0x0000000000000371       0xeb ./Middleware/ThirdParty/FreeRTOS/list.o
 .debug_abbrev  0x000000000000045c      0x323 ./Middleware/ThirdParty/FreeRTOS/queue.o
 .debug_abbrev  0x000000000000077f      0x3af ./Middleware/ThirdParty/FreeRTOS/tasks.o
 .debug_abbrev  0x0000000000000b2e      0x2cb ./Middleware/ThirdParty/FreeRTOS/timers.o
 .debug_abbrev  0x0000000000000df9      0x255 ./Middleware/ThirdParty/FreeRTOS/portable/GCC/ARM_CM4F/port.o
 .debug_abbrev  0x000000000000104e      0x221 ./Middleware/ThirdParty/FreeRTOS/portable/MemMang/heap_4.o

.debug_aranges  0x0000000000000000      0x6f8
 .debug_aranges
                0x0000000000000000       0x28 ./Core/Src/freertos_hooks.o
 .debug_aranges
                0x0000000000000028       0x40 ./Core/Src/main.o
 .debug_aranges
                0x0000000000000068       0x48 ./Core/Src/stm32f3xx_it.o
 .debug_aranges
                0x00000000000000b0       0x28 ./Core/Src/system_stm32f3xx.o
 .debug_aranges
                0x00000000000000d8       0x28 ./Core/Startup/startup_stm32f303vctx.o
 .debug_aranges
                0x0000000000000100       0x40 ./Middleware/ThirdParty/FreeRTOS/list.o
 .debug_aranges
                0x0000000000000140      0x140 ./Middleware/ThirdParty/FreeRTOS/queue.o
 .debug_aranges
                0x0000000000000280      0x280 ./Middleware/ThirdParty/FreeRTOS/tasks.o
 .debug_aranges
                0x0000000000000500      0x108 ./Middleware/ThirdParty/FreeRTOS/timers.o
 .debug_aranges
                0x0000000000000608       0x80 ./Middleware/ThirdParty/FreeRTOS/portable/GCC/ARM_CM4F/port.o
 .debug_aranges
                0x0000000000000688       0x70 ./Middleware/ThirdParty/FreeRTOS/portable/MemMang/heap_4.o

.debug_ranges   0x0000000000000000      0x670
 .debug_ranges  0x0000000000000000       0x18 ./Core/Src/freertos_hooks.o
 .debug_ranges  0x0000000000000018       0x30 ./Core/Src/main.o
 .debug_ranges  0x0000000000000048       0x38 ./Core/Src/stm32f3xx_it.o
 .debug_ranges  0x0000000000000080       0x18 ./Core/Src/system_stm32f3xx.o
 .debug_ranges  0x0000000000000098       0x20 ./Core/Startup/startup_stm32f303vctx.o
 .debug_ranges  0x00000000000000b8       0x30 ./Middleware/ThirdParty/FreeRTOS/list.o
 .debug_ranges  0x00000000000000e8      0x130 ./Middleware/ThirdParty/FreeRTOS/queue.o
 .debug_ranges  0x0000000000000218      0x290 ./Middleware/ThirdParty/FreeRTOS/tasks.o
 .debug_ranges  0x00000000000004a8       0xf8 ./Middleware/ThirdParty/FreeRTOS/timers.o
 .debug_ranges  0x00000000000005a0       0x70 ./Middleware/ThirdParty/FreeRTOS/portable/GCC/ARM_CM4F/port.o
 .debug_ranges  0x0000000000000610       0x60 ./Middleware/ThirdParty/FreeRTOS/portable/MemMang/heap_4.o

.debug_macro    0x0000000000000000    0x1dd52
 .debug_macro   0x0000000000000000      0x230 ./Core/Src/freertos_hooks.o
 .debug_macro   0x0000000000000230      0xa78 ./Core/Src/freertos_hooks.o
 .debug_macro   0x0000000000000ca8       0x2e ./Core/Src/freertos_hooks.o
 .debug_macro   0x0000000000000cd6       0x28 ./Core/Src/freertos_hooks.o
 .debug_macro   0x0000000000000cfe       0x22 ./Core/Src/freertos_hooks.o
 .debug_macro   0x0000000000000d20       0x8e ./Core/Src/freertos_hooks.o
 .debug_macro   0x0000000000000dae       0x51 ./Core/Src/freertos_hooks.o
 .debug_macro   0x0000000000000dff      0x103 ./Core/Src/freertos_hooks.o
 .debug_macro   0x0000000000000f02       0x6a ./Core/Src/freertos_hooks.o
 .debug_macro   0x0000000000000f6c      0x1df ./Core/Src/freertos_hooks.o
 .debug_macro   0x000000000000114b       0x1c ./Core/Src/freertos_hooks.o
 .debug_macro   0x0000000000001167       0x22 ./Core/Src/freertos_hooks.o
 .debug_macro   0x0000000000001189       0xd9 ./Core/Src/freertos_hooks.o
 .debug_macro   0x0000000000001262     0x102d ./Core/Src/freertos_hooks.o
 .debug_macro   0x000000000000228f      0x11f ./Core/Src/freertos_hooks.o
 .debug_macro   0x00000000000023ae    0x12a3a ./Core/Src/freertos_hooks.o
 .debug_macro   0x0000000000014de8       0x6d ./Core/Src/freertos_hooks.o
 .debug_macro   0x0000000000014e55      0x14b ./Core/Src/freertos_hooks.o
 .debug_macro   0x0000000000014fa0     0x3574 ./Core/Src/freertos_hooks.o
 .debug_macro   0x0000000000018514      0x174 ./Core/Src/freertos_hooks.o
 .debug_macro   0x0000000000018688       0x55 ./Core/Src/freertos_hooks.o
 .debug_macro   0x00000000000186dd      0x961 ./Core/Src/freertos_hooks.o
 .debug_macro   0x000000000001903e      0x5fe ./Core/Src/freertos_hooks.o
 .debug_macro   0x000000000001963c      0x1b5 ./Core/Src/freertos_hooks.o
 .debug_macro   0x00000000000197f1      0x1fb ./Core/Src/freertos_hooks.o
 .debug_macro   0x00000000000199ec      0x1dc ./Core/Src/freertos_hooks.o
 .debug_macro   0x0000000000019bc8      0x1bc ./Core/Src/freertos_hooks.o
 .debug_macro   0x0000000000019d84       0x30 ./Core/Src/freertos_hooks.o
 .debug_macro   0x0000000000019db4       0x3c ./Core/Src/freertos_hooks.o
 .debug_macro   0x0000000000019df0      0x235 ./Core/Src/freertos_hooks.o
 .debug_macro   0x000000000001a025       0xc5 ./Core/Src/freertos_hooks.o
 .debug_macro   0x000000000001a0ea      0x21d ./Core/Src/freertos_hooks.o
 .debug_macro   0x000000000001a307      0x22c ./Core/Src/freertos_hooks.o
 .debug_macro   0x000000000001a533       0x5b ./Core/Src/freertos_hooks.o
 .debug_macro   0x000000000001a58e       0xa5 ./Core/Src/freertos_hooks.o
 .debug_macro   0x000000000001a633       0x81 ./Core/Src/freertos_hooks.o
 .debug_macro   0x000000000001a6b4       0xd3 ./Core/Src/freertos_hooks.o
 .debug_macro   0x000000000001a787      0x275 ./Core/Src/freertos_hooks.o
 .debug_macro   0x000000000001a9fc       0x16 ./Core/Src/freertos_hooks.o
 .debug_macro   0x000000000001aa12      0x1d3 ./Core/Src/freertos_hooks.o
 .debug_macro   0x000000000001abe5       0x28 ./Core/Src/freertos_hooks.o
 .debug_macro   0x000000000001ac0d      0x182 ./Core/Src/freertos_hooks.o
 .debug_macro   0x000000000001ad8f       0xe7 ./Core/Src/freertos_hooks.o
 .debug_macro   0x000000000001ae76       0x34 ./Core/Src/freertos_hooks.o
 .debug_macro   0x000000000001aeaa       0x1f ./Core/Src/freertos_hooks.o
 .debug_macro   0x000000000001aec9       0x12 ./Core/Src/freertos_hooks.o
 .debug_macro   0x000000000001aedb     0x1042 ./Core/Src/freertos_hooks.o
 .debug_macro   0x000000000001bf1d       0xc3 ./Core/Src/freertos_hooks.o
 .debug_macro   0x000000000001bfe0      0x161 ./Core/Src/freertos_hooks.o
 .debug_macro   0x000000000001c141      0x230 ./Core/Src/main.o
 .debug_macro   0x000000000001c371      0x249 ./Core/Src/stm32f3xx_it.o
 .debug_macro   0x000000000001c5ba      0x1af ./Core/Src/system_stm32f3xx.o
 .debug_macro   0x000000000001c769      0x2f3 ./Middleware/ThirdParty/FreeRTOS/list.o
 .debug_macro   0x000000000001ca5c      0x38a ./Middleware/ThirdParty/FreeRTOS/queue.o
 .debug_macro   0x000000000001cde6       0x16 ./Middleware/ThirdParty/FreeRTOS/queue.o
 .debug_macro   0x000000000001cdfc       0x20 ./Middleware/ThirdParty/FreeRTOS/queue.o
 .debug_macro   0x000000000001ce1c       0x80 ./Middleware/ThirdParty/FreeRTOS/queue.o
 .debug_macro   0x000000000001ce9c      0x41e ./Middleware/ThirdParty/FreeRTOS/tasks.o
 .debug_macro   0x000000000001d2ba       0x16 ./Middleware/ThirdParty/FreeRTOS/tasks.o
 .debug_macro   0x000000000001d2d0      0x342 ./Middleware/ThirdParty/FreeRTOS/timers.o
 .debug_macro   0x000000000001d612       0x9e ./Middleware/ThirdParty/FreeRTOS/timers.o
 .debug_macro   0x000000000001d6b0      0x320 ./Middleware/ThirdParty/FreeRTOS/portable/GCC/ARM_CM4F/port.o
 .debug_macro   0x000000000001d9d0      0x382 ./Middleware/ThirdParty/FreeRTOS/portable/MemMang/heap_4.o

.debug_line     0x0000000000000000     0xa14c
 .debug_line    0x0000000000000000      0x910 ./Core/Src/freertos_hooks.o
 .debug_line    0x0000000000000910      0x959 ./Core/Src/main.o
 .debug_line    0x0000000000001269      0x96c ./Core/Src/stm32f3xx_it.o
 .debug_line    0x0000000000001bd5      0x819 ./Core/Src/system_stm32f3xx.o
 .debug_line    0x00000000000023ee       0x88 ./Core/Startup/startup_stm32f303vctx.o
 .debug_line    0x0000000000002476      0xb5f ./Middleware/ThirdParty/FreeRTOS/list.o
 .debug_line    0x0000000000002fd5     0x1b17 ./Middleware/ThirdParty/FreeRTOS/queue.o
 .debug_line    0x0000000000004aec     0x28df ./Middleware/ThirdParty/FreeRTOS/tasks.o
 .debug_line    0x00000000000073cb     0x11c4 ./Middleware/ThirdParty/FreeRTOS/timers.o
 .debug_line    0x000000000000858f      0xc83 ./Middleware/ThirdParty/FreeRTOS/portable/GCC/ARM_CM4F/port.o
 .debug_line    0x0000000000009212      0xf3a ./Middleware/ThirdParty/FreeRTOS/portable/MemMang/heap_4.o

.debug_str      0x0000000000000000    0xb6295
 .debug_str     0x0000000000000000    0xadb6d ./Core/Src/freertos_hooks.o
                                      0xae209 (size before relaxing)
 .debug_str     0x00000000000adb6d      0x11d ./Core/Src/main.o
                                      0xae2f5 (size before relaxing)
 .debug_str     0x00000000000adc8a      0x5b5 ./Core/Src/stm32f3xx_it.o
                                      0xae729 (size before relaxing)
 .debug_str     0x00000000000ae23f       0xf3 ./Core/Src/system_stm32f3xx.o
                                      0xa35fd (size before relaxing)
 .debug_str     0x00000000000ae332       0x36 ./Core/Startup/startup_stm32f303vctx.o
                                         0x69 (size before relaxing)
 .debug_str     0x00000000000ae368     0x3001 ./Middleware/ThirdParty/FreeRTOS/list.o
                                      0xafcee (size before relaxing)
 .debug_str     0x00000000000b1369     0x14aa ./Middleware/ThirdParty/FreeRTOS/queue.o
                                      0xb26b7 (size before relaxing)
 .debug_str     0x00000000000b2813     0x2497 ./Middleware/ThirdParty/FreeRTOS/tasks.o
                                      0xb3a71 (size before relaxing)
 .debug_str     0x00000000000b4caa      0x5eb ./Middleware/ThirdParty/FreeRTOS/timers.o
                                      0xb2a13 (size before relaxing)
 .debug_str     0x00000000000b5295      0x8da ./Middleware/ThirdParty/FreeRTOS/portable/GCC/ARM_CM4F/port.o
                                      0xaec09 (size before relaxing)
 .debug_str     0x00000000000b5b6f      0x726 ./Middleware/ThirdParty/FreeRTOS/portable/MemMang/heap_4.o
                                      0xb18dd (size before relaxing)

.comment        0x0000000000000000       0x50
 .comment       0x0000000000000000       0x50 ./Core/Src/freertos_hooks.o
                                         0x51 (size before relaxing)
 .comment       0x0000000000000050       0x51 ./Core/Src/main.o
 .comment       0x0000000000000050       0x51 ./Core/Src/stm32f3xx_it.o
 .comment       0x0000000000000050       0x51 ./Core/Src/system_stm32f3xx.o
 .comment       0x0000000000000050       0x51 ./Middleware/ThirdParty/FreeRTOS/list.o
 .comment       0x0000000000000050       0x51 ./Middleware/ThirdParty/FreeRTOS/queue.o
 .comment       0x0000000000000050       0x51 ./Middleware/ThirdParty/FreeRTOS/tasks.o
 .comment       0x0000000000000050       0x51 ./Middleware/ThirdParty/FreeRTOS/timers.o
 .comment       0x0000000000000050       0x51 ./Middleware/ThirdParty/FreeRTOS/portable/GCC/ARM_CM4F/port.o
 .comment       0x0000000000000050       0x51 ./Middleware/ThirdParty/FreeRTOS/portable/MemMang/heap_4.o

.debug_frame    0x0000000000000000     0x1b58
 .debug_frame   0x0000000000000000       0x44 ./Core/Src/freertos_hooks.o
 .debug_frame   0x0000000000000044       0xb0 ./Core/Src/main.o
 .debug_frame   0x00000000000000f4       0xa8 ./Core/Src/stm32f3xx_it.o
 .debug_frame   0x000000000000019c       0x58 ./Core/Src/system_stm32f3xx.o
 .debug_frame   0x00000000000001f4       0xd8 ./Middleware/ThirdParty/FreeRTOS/list.o
 .debug_frame   0x00000000000002cc      0x580 ./Middleware/ThirdParty/FreeRTOS/queue.o
 .debug_frame   0x000000000000084c      0xb1c ./Middleware/ThirdParty/FreeRTOS/tasks.o
 .debug_frame   0x0000000000001368      0x44c ./Middleware/ThirdParty/FreeRTOS/timers.o
 .debug_frame   0x00000000000017b4      0x1a0 ./Middleware/ThirdParty/FreeRTOS/portable/GCC/ARM_CM4F/port.o
 .debug_frame   0x0000000000001954      0x190 ./Middleware/ThirdParty/FreeRTOS/portable/MemMang/heap_4.o
 .debug_frame   0x0000000000001ae4       0x2c c:/program files (x86)/stmicroelectronics/stm32cubeide_1.11/stm32cubeide/plugins/com.st.stm32cube.ide.mcu.externaltools.gnu-tools-for-stm32.10.3-2021.10.win32_1.0.100.202210260954/tools/bin/../lib/gcc/arm-none-eabi/10.3.1/../../../../arm-none-eabi/lib/thumb/v7e-m+fp/hard\libc_nano.a(lib_a-init.o)
 .debug_frame   0x0000000000001b10       0x28 c:/program files (x86)/stmicroelectronics/stm32cubeide_1.11/stm32cubeide/plugins/com.st.stm32cube.ide.mcu.externaltools.gnu-tools-for-stm32.10.3-2021.10.win32_1.0.100.202210260954/tools/bin/../lib/gcc/arm-none-eabi/10.3.1/../../../../arm-none-eabi/lib/thumb/v7e-m+fp/hard\libc_nano.a(lib_a-memcpy-stub.o)
 .debug_frame   0x0000000000001b38       0x20 c:/program files (x86)/stmicroelectronics/stm32cubeide_1.11/stm32cubeide/plugins/com.st.stm32cube.ide.mcu.externaltools.gnu-tools-for-stm32.10.3-2021.10.win32_1.0.100.202210260954/tools/bin/../lib/gcc/arm-none-eabi/10.3.1/../../../../arm-none-eabi/lib/thumb/v7e-m+fp/hard\libc_nano.a(lib_a-memset.o)
